Archive member included to satisfy reference by file (symbol)

C:/ST/STM32CubeCLT_1.17.0/GNU-tools-for-STM32/bin/../lib/gcc/arm-none-eabi/12.3.1/../../../../arm-none-eabi/lib/thumb/v7e-m+dp/hard\libc_nano.a(libc_a-exit.o)
                              C:/ST/STM32CubeCLT_1.17.0/GNU-tools-for-STM32/bin/../lib/gcc/arm-none-eabi/12.3.1/../../../../arm-none-eabi/lib/thumb/v7e-m+dp/hard/crt0.o (exit)
C:/ST/STM32CubeCLT_1.17.0/GNU-tools-for-STM32/bin/../lib/gcc/arm-none-eabi/12.3.1/../../../../arm-none-eabi/lib/thumb/v7e-m+dp/hard\libc_nano.a(libc_a-findfp.o)
                              C:/ST/STM32CubeCLT_1.17.0/GNU-tools-for-STM32/bin/../lib/gcc/arm-none-eabi/12.3.1/../../../../arm-none-eabi/lib/thumb/v7e-m+dp/hard\libc_nano.a(libc_a-exit.o) (__stdio_exit_handler)
C:/ST/STM32CubeCLT_1.17.0/GNU-tools-for-STM32/bin/../lib/gcc/arm-none-eabi/12.3.1/../../../../arm-none-eabi/lib/thumb/v7e-m+dp/hard\libc_nano.a(libc_a-fwalk.o)
                              C:/ST/STM32CubeCLT_1.17.0/GNU-tools-for-STM32/bin/../lib/gcc/arm-none-eabi/12.3.1/../../../../arm-none-eabi/lib/thumb/v7e-m+dp/hard\libc_nano.a(libc_a-findfp.o) (_fwalk_sglue)
C:/ST/STM32CubeCLT_1.17.0/GNU-tools-for-STM32/bin/../lib/gcc/arm-none-eabi/12.3.1/../../../../arm-none-eabi/lib/thumb/v7e-m+dp/hard\libc_nano.a(libc_a-stdio.o)
                              C:/ST/STM32CubeCLT_1.17.0/GNU-tools-for-STM32/bin/../lib/gcc/arm-none-eabi/12.3.1/../../../../arm-none-eabi/lib/thumb/v7e-m+dp/hard\libc_nano.a(libc_a-findfp.o) (__sread)
C:/ST/STM32CubeCLT_1.17.0/GNU-tools-for-STM32/bin/../lib/gcc/arm-none-eabi/12.3.1/../../../../arm-none-eabi/lib/thumb/v7e-m+dp/hard\libc_nano.a(libc_a-memset.o)
                              C:/ST/STM32CubeCLT_1.17.0/GNU-tools-for-STM32/bin/../lib/gcc/arm-none-eabi/12.3.1/../../../../arm-none-eabi/lib/thumb/v7e-m+dp/hard/crt0.o (memset)
C:/ST/STM32CubeCLT_1.17.0/GNU-tools-for-STM32/bin/../lib/gcc/arm-none-eabi/12.3.1/../../../../arm-none-eabi/lib/thumb/v7e-m+dp/hard\libc_nano.a(libc_a-closer.o)
                              C:/ST/STM32CubeCLT_1.17.0/GNU-tools-for-STM32/bin/../lib/gcc/arm-none-eabi/12.3.1/../../../../arm-none-eabi/lib/thumb/v7e-m+dp/hard\libc_nano.a(libc_a-stdio.o) (_close_r)
C:/ST/STM32CubeCLT_1.17.0/GNU-tools-for-STM32/bin/../lib/gcc/arm-none-eabi/12.3.1/../../../../arm-none-eabi/lib/thumb/v7e-m+dp/hard\libc_nano.a(libc_a-reent.o)
                              C:/ST/STM32CubeCLT_1.17.0/GNU-tools-for-STM32/bin/../lib/gcc/arm-none-eabi/12.3.1/../../../../arm-none-eabi/lib/thumb/v7e-m+dp/hard\libc_nano.a(libc_a-closer.o) (errno)
C:/ST/STM32CubeCLT_1.17.0/GNU-tools-for-STM32/bin/../lib/gcc/arm-none-eabi/12.3.1/../../../../arm-none-eabi/lib/thumb/v7e-m+dp/hard\libc_nano.a(libc_a-impure.o)
                              C:/ST/STM32CubeCLT_1.17.0/GNU-tools-for-STM32/bin/../lib/gcc/arm-none-eabi/12.3.1/../../../../arm-none-eabi/lib/thumb/v7e-m+dp/hard\libc_nano.a(libc_a-reent.o) (_impure_ptr)
C:/ST/STM32CubeCLT_1.17.0/GNU-tools-for-STM32/bin/../lib/gcc/arm-none-eabi/12.3.1/../../../../arm-none-eabi/lib/thumb/v7e-m+dp/hard\libc_nano.a(libc_a-lseekr.o)
                              C:/ST/STM32CubeCLT_1.17.0/GNU-tools-for-STM32/bin/../lib/gcc/arm-none-eabi/12.3.1/../../../../arm-none-eabi/lib/thumb/v7e-m+dp/hard\libc_nano.a(libc_a-stdio.o) (_lseek_r)
C:/ST/STM32CubeCLT_1.17.0/GNU-tools-for-STM32/bin/../lib/gcc/arm-none-eabi/12.3.1/../../../../arm-none-eabi/lib/thumb/v7e-m+dp/hard\libc_nano.a(libc_a-readr.o)
                              C:/ST/STM32CubeCLT_1.17.0/GNU-tools-for-STM32/bin/../lib/gcc/arm-none-eabi/12.3.1/../../../../arm-none-eabi/lib/thumb/v7e-m+dp/hard\libc_nano.a(libc_a-stdio.o) (_read_r)
C:/ST/STM32CubeCLT_1.17.0/GNU-tools-for-STM32/bin/../lib/gcc/arm-none-eabi/12.3.1/../../../../arm-none-eabi/lib/thumb/v7e-m+dp/hard\libc_nano.a(libc_a-writer.o)
                              C:/ST/STM32CubeCLT_1.17.0/GNU-tools-for-STM32/bin/../lib/gcc/arm-none-eabi/12.3.1/../../../../arm-none-eabi/lib/thumb/v7e-m+dp/hard\libc_nano.a(libc_a-stdio.o) (_write_r)
C:/ST/STM32CubeCLT_1.17.0/GNU-tools-for-STM32/bin/../lib/gcc/arm-none-eabi/12.3.1/../../../../arm-none-eabi/lib/thumb/v7e-m+dp/hard\libc_nano.a(libc_a-init.o)
                              C:/ST/STM32CubeCLT_1.17.0/GNU-tools-for-STM32/bin/../lib/gcc/arm-none-eabi/12.3.1/../../../../arm-none-eabi/lib/thumb/v7e-m+dp/hard/crt0.o (__libc_init_array)
C:/ST/STM32CubeCLT_1.17.0/GNU-tools-for-STM32/bin/../lib/gcc/arm-none-eabi/12.3.1/../../../../arm-none-eabi/lib/thumb/v7e-m+dp/hard\libc_nano.a(libc_a-lock.o)
                              C:/ST/STM32CubeCLT_1.17.0/GNU-tools-for-STM32/bin/../lib/gcc/arm-none-eabi/12.3.1/../../../../arm-none-eabi/lib/thumb/v7e-m+dp/hard\libc_nano.a(libc_a-findfp.o) (__retarget_lock_init_recursive)
C:/ST/STM32CubeCLT_1.17.0/GNU-tools-for-STM32/bin/../lib/gcc/arm-none-eabi/12.3.1/../../../../arm-none-eabi/lib/thumb/v7e-m+dp/hard\libc_nano.a(libc_a-freer.o)
[...]
Memory Configuration

Name             Origin             Length             Attributes
RAM              0x20000000         0x00080000         xrw
FLASH            0x08000000         0x00200000         xr
*default*        0x00000000         0xffffffff

Linker script and memory map

LOAD C:/ST/STM32CubeCLT_1.17.0/GNU-tools-for-STM32/bin/../lib/gcc/arm-none-eabi/12.3.1/thumb/v7e-m+dp/hard/crti.o
LOAD C:/ST/STM32CubeCLT_1.17.0/GNU-tools-for-STM32/bin/../lib/gcc/arm-none-eabi/12.3.1/thumb/v7e-m+dp/hard/crtbegin.o
LOAD C:/ST/STM32CubeCLT_1.17.0/GNU-tools-for-STM32/bin/../lib/gcc/arm-none-eabi/12.3.1/../../../../arm-none-eabi/lib/thumb/v7e-m+dp/hard/crt0.o
START GROUP
LOAD C:/ST/STM32CubeCLT_1.17.0/GNU-tools-for-STM32/bin/../lib/gcc/arm-none-eabi/12.3.1/../../../../arm-none-eabi/lib/thumb/v7e-m+dp/hard\libc_nano.a
LOAD C:/ST/STM32CubeCLT_1.17.0/GNU-tools-for-STM32/bin/../lib/gcc/arm-none-eabi/12.3.1/../../../../arm-none-eabi/lib/thumb/v7e-m+dp/hard\libm.a
END GROUP
LOAD CMakeFiles/pfc3van.dir/Core/Src/main.c.obj
LOAD CMakeFiles/pfc3van.dir/Core/Src/stm32f7xx_it.c.obj
LOAD CMakeFiles/pfc3van.dir/Core/Src/stm32f7xx_hal_msp.c.obj
LOAD CMakeFiles/pfc3van.dir/Drivers/STM32F7xx_HAL_Driver/Src/stm32f7xx_hal_adc.c.obj
LOAD CMakeFiles/pfc3van.dir/Drivers/STM32F7xx_HAL_Driver/Src/stm32f7xx_hal_adc_ex.c.obj
LOAD CMakeFiles/pfc3van.dir/Drivers/STM32F7xx_HAL_Driver/Src/stm32f7xx_hal_rcc.c.obj
LOAD CMakeFiles/pfc3van.dir/Drivers/STM32F7xx_HAL_Driver/Src/stm32f7xx_hal_rcc_ex.c.obj
LOAD CMakeFiles/pfc3van.dir/Drivers/STM32F7xx_HAL_Driver/Src/stm32f7xx_hal_flash.c.obj
LOAD CMakeFiles/pfc3van.dir/Drivers/STM32F7xx_HAL_Driver/Src/stm32f7xx_hal_flash_ex.c.obj
LOAD CMakeFiles/pfc3van.dir/Drivers/STM32F7xx_HAL_Driver/Src/stm32f7xx_hal_gpio.c.obj
LOAD CMakeFiles/pfc3van.dir/Drivers/STM32F7xx_HAL_Driver/Src/stm32f7xx_hal_dma.c.obj
LOAD CMakeFiles/pfc3van.dir/Drivers/STM32F7xx_HAL_Driver/Src/stm32f7xx_hal_dma_ex.c.obj
LOAD CMakeFiles/pfc3van.dir/Drivers/STM32F7xx_HAL_Driver/Src/stm32f7xx_hal_pwr.c.obj
LOAD CMakeFiles/pfc3van.dir/Drivers/STM32F7xx_HAL_Driver/Src/stm32f7xx_hal_pwr_ex.c.obj
LOAD CMakeFiles/pfc3van.dir/Drivers/STM32F7xx_HAL_Driver/Src/stm32f7xx_hal_cortex.c.obj
LOAD CMakeFiles/pfc3van.dir/Drivers/STM32F7xx_HAL_Driver/Src/stm32f7xx_hal.c.obj
LOAD CMakeFiles/pfc3van.dir/Drivers/STM32F7xx_HAL_Driver/Src/stm32f7xx_hal_i2c.c.obj
LOAD CMakeFiles/pfc3van.dir/Drivers/STM32F7xx_HAL_Driver/Src/stm32f7xx_hal_i2c_ex.c.obj
LOAD CMakeFiles/pfc3van.dir/Drivers/STM32F7xx_HAL_Driver/Src/stm32f7xx_hal_exti.c.obj
LOAD CMakeFiles/pfc3van.dir/Drivers/STM32F7xx_HAL_Driver/Src/stm32f7xx_hal_tim.c.obj
LOAD CMakeFiles/pfc3van.dir/Drivers/STM32F7xx_HAL_Driver/Src/stm32f7xx_hal_tim_ex.c.obj
LOAD CMakeFiles/pfc3van.dir/Drivers/STM32F7xx_HAL_Driver/Src/stm32f7xx_hal_uart.c.obj
LOAD CMakeFiles/pfc3van.dir/Drivers/STM32F7xx_HAL_Driver/Src/stm32f7xx_hal_uart_ex.c.obj
LOAD CMakeFiles/pfc3van.dir/Core/Src/system_stm32f7xx.c.obj
LOAD CMakeFiles/pfc3van.dir/Core/Src/sysmem.c.obj
LOAD CMakeFiles/pfc3van.dir/Core/Src/syscalls.c.obj
LOAD CMakeFiles/pfc3van.dir/startup_stm32f767xx.s.obj
LOAD ctrl_ez\ARMCortex-M\_ref\ctrl_ez\libctrl_ez_rtwlib.a
LOAD Core\dsogi_3phpll\libdsogi_pll.a
LOAD C:\Users\Angel\Desktop\hil\pfc3ph\stf7\stf7\pfc3van\Drivers\CMSIS\Lib\GCC\libCMSISDSP.a
LOAD ARMCortex-M\_shared\librtwshared.a
START GROUP
LOAD C:/ST/STM32CubeCLT_1.17.0/GNU-tools-for-STM32/bin/../lib/gcc/arm-none-eabi/12.3.1/thumb/v7e-m+dp/hard\libgcc.a
LOAD C:/ST/STM32CubeCLT_1.17.0/GNU-tools-for-STM32/bin/../lib/gcc/arm-none-eabi/12.3.1/../../../../arm-none-eabi/lib/thumb/v7e-m+dp/hard\libg_nano.a
LOAD C:/ST/STM32CubeCLT_1.17.0/GNU-tools-for-STM32/bin/../lib/gcc/arm-none-eabi/12.3.1/../../../../arm-none-eabi/lib/thumb/v7e-m+dp/hard\libc_nano.a
END GROUP
START GROUP
LOAD C:/ST/STM32CubeCLT_1.17.0/GNU-tools-for-STM32/bin/../lib/gcc/arm-none-eabi/12.3.1/thumb/v7e-m+dp/hard\libgcc.a
LOAD C:/ST/STM32CubeCLT_1.17.0/GNU-tools-for-STM32/bin/../lib/gcc/arm-none-eabi/12.3.1/../../../../arm-none-eabi/lib/thumb/v7e-m+dp/hard\libc_nano.a
END GROUP
LOAD C:/ST/STM32CubeCLT_1.17.0/GNU-tools-for-STM32/bin/../lib/gcc/arm-none-eabi/12.3.1/thumb/v7e-m+dp/hard/crtend.o
LOAD C:/ST/STM32CubeCLT_1.17.0/GNU-tools-for-STM32/bin/../lib/gcc/arm-none-eabi/12.3.1/thumb/v7e-m+dp/hard/crtn.o
                0x20080000                        _estack = (ORIGIN (RAM) + LENGTH (RAM))
                0x00000200                        _Min_Heap_Size = 0x200
                0x00000400                        _Min_Stack_Size = 0x400

.isr_vector     0x08000000      0x1f8
                0x08000000                        . = ALIGN (0x4)
 *(.isr_vector)
 .isr_vector    0x08000000      0x1f8 CMakeFiles/pfc3van.dir/startup_stm32f767xx.s.obj
                0x08000000                g_pfnVectors
                0x080001f8                        . = ALIGN (0x4)

.text           0x080001f8     0x64d0
                0x080001f8                        . = ALIGN (0x4)
 *(.text)
 .text          0x080001f8       0x40 C:/ST/STM32CubeCLT_1.17.0/GNU-tools-for-STM32/bin/../lib/gcc/arm-none-eabi/12.3.1/thumb/v7e-m+dp/hard/crtbegin.o
 .text          0x08000238       0x30 C:/ST/STM32CubeCLT_1.17.0/GNU-tools-for-STM32/bin/../lib/gcc/arm-none-eabi/12.3.1/thumb/v7e-m+dp/hard\libgcc.a(_aeabi_uldivmod.o)
                0x08000238                __aeabi_uldivmod
 .text          0x08000268      0x2bc C:/ST/STM32CubeCLT_1.17.0/GNU-tools-for-STM32/bin/../lib/gcc/arm-none-eabi/12.3.1/thumb/v7e-m+dp/hard\libgcc.a(_udivmoddi4.o)
                0x08000268                __udivmoddi4
 .text          0x08000524        0x4 C:/ST/STM32CubeCLT_1.17.0/GNU-tools-for-STM32/bin/../lib/gcc/arm-none-eabi/12.3.1/thumb/v7e-m+dp/hard\libgcc.a(_dvmd_tls.o)
                0x08000524                __aeabi_idiv0
                0x08000524                __aeabi_ldiv0
 *(.text*)
 .text.memset   0x08000528       0x10 C:/ST/STM32CubeCLT_1.17.0/GNU-tools-for-STM32/bin/../lib/gcc/arm-none-eabi/12.3.1/../../../../arm-none-eabi/lib/thumb/v7e-m+dp/hard\libc_nano.a(libc_a-memset.o)
                0x08000528                memset
 .text.__libc_init_array
                0x08000538       0x48 C:/ST/STM32CubeCLT_1.17.0/GNU-tools-for-STM32/bin/../lib/gcc/arm-none-eabi/12.3.1/../../../../arm-none-eabi/lib/thumb/v7e-m+dp/hard\libc_nano.a(libc_a-init.o)
                0x08000538                __libc_init_array
 .text.SystemClock_Config
                0x08000580       0xb4 CMakeFiles/pfc3van.dir/Core/Src/main.c.obj
                0x08000580                SystemClock_Config
 .text.startup.main
                0x08000634      0x734 CMakeFiles/pfc3van.dir/Core/Src/main.c.obj
                0x08000634                main
 .text.Error_Handler
                0x08000d68        0x4 CMakeFiles/pfc3van.dir/Core/Src/main.c.obj
                0x08000d68                Error_Handler
 .text.NMI_Handler
                0x08000d6c        0x4 CMakeFiles/pfc3van.dir/Core/Src/stm32f7xx_it.c.obj
                0x08000d6c                NMI_Handler
 .text.HardFault_Handler
                0x08000d70        0x4 CMakeFiles/pfc3van.dir/Core/Src/stm32f7xx_it.c.obj
                0x08000d70                HardFault_Handler
 .text.MemManage_Handler
                0x08000d74        0x4 CMakeFiles/pfc3van.dir/Core/Src/stm32f7xx_it.c.obj
                0x08000d74                MemManage_Handler
 .text.BusFault_Handler
                0x08000d78        0x4 CMakeFiles/pfc3van.dir/Core/Src/stm32f7xx_it.c.obj
                0x08000d78                BusFault_Handler
 .text.UsageFault_Handler
                0x08000d7c        0x4 CMakeFiles/pfc3van.dir/Core/Src/stm32f7xx_it.c.obj
                0x08000d7c                UsageFault_Handler
 .text.SVC_Handler
                0x08000d80        0x4 CMakeFiles/pfc3van.dir/Core/Src/stm32f7xx_it.c.obj
                0x08000d80                SVC_Handler
 .text.DebugMon_Handler
                0x08000d84        0x4 CMakeFiles/pfc3van.dir/Core/Src/stm32f7xx_it.c.obj
                0x08000d84                DebugMon_Handler
 .text.PendSV_Handler
                0x08000d88        0x4 CMakeFiles/pfc3van.dir/Core/Src/stm32f7xx_it.c.obj
                0x08000d88                PendSV_Handler
 .text.SysTick_Handler
                0x08000d8c        0x4 CMakeFiles/pfc3van.dir/Core/Src/stm32f7xx_it.c.obj
                0x08000d8c                SysTick_Handler
 .text.TIM1_TRG_COM_TIM11_IRQHandler
                0x08000d90       0x58 CMakeFiles/pfc3van.dir/Core/Src/stm32f7xx_it.c.obj
                0x08000d90                TIM1_TRG_COM_TIM11_IRQHandler
 .text.TIM1_CC_IRQHandler
                0x08000de8       0x38 CMakeFiles/pfc3van.dir/Core/Src/stm32f7xx_it.c.obj
                0x08000de8                TIM1_CC_IRQHandler
 .text.TIM2_IRQHandler
                0x08000e20      0x40c CMakeFiles/pfc3van.dir/Core/Src/stm32f7xx_it.c.obj
                0x08000e20                TIM2_IRQHandler
 .text.EXTI15_10_IRQHandler
                0x0800122c       0xf0 CMakeFiles/pfc3van.dir/Core/Src/stm32f7xx_it.c.obj
                0x0800122c                EXTI15_10_IRQHandler
 .text.TIM5_IRQHandler
                0x0800131c        0xc CMakeFiles/pfc3van.dir/Core/Src/stm32f7xx_it.c.obj
                0x0800131c                TIM5_IRQHandler
 .text.DMA2_Stream0_IRQHandler
                0x08001328        0xc CMakeFiles/pfc3van.dir/Core/Src/stm32f7xx_it.c.obj
                0x08001328                DMA2_Stream0_IRQHandler
 .text.DMA2_Stream1_IRQHandler
                0x08001334        0xc CMakeFiles/pfc3van.dir/Core/Src/stm32f7xx_it.c.obj
                0x08001334                DMA2_Stream1_IRQHandler
 .text.DMA2_Stream2_IRQHandler
                0x08001340        0xc CMakeFiles/pfc3van.dir/Core/Src/stm32f7xx_it.c.obj
                0x08001340                DMA2_Stream2_IRQHandler
 .text.DMA2_Stream3_IRQHandler
                0x0800134c        0xc CMakeFiles/pfc3van.dir/Core/Src/stm32f7xx_it.c.obj
                0x0800134c                DMA2_Stream3_IRQHandler
 .text.DMA2_Stream4_IRQHandler
                0x08001358        0xc CMakeFiles/pfc3van.dir/Core/Src/stm32f7xx_it.c.obj
                0x08001358                DMA2_Stream4_IRQHandler
 .text.DMA2_Stream7_IRQHandler
                0x08001364        0xc CMakeFiles/pfc3van.dir/Core/Src/stm32f7xx_it.c.obj
                0x08001364                DMA2_Stream7_IRQHandler
 .text.HAL_MspInit
                0x08001370       0x7c CMakeFiles/pfc3van.dir/Core/Src/stm32f7xx_hal_msp.c.obj
                0x08001370                HAL_MspInit
 .text.HAL_ADC_MspInit
                0x080013ec      0x15c CMakeFiles/pfc3van.dir/Core/Src/stm32f7xx_hal_msp.c.obj
                0x080013ec                HAL_ADC_MspInit
 .text.HAL_TIM_Base_MspInit
                0x08001548      0x298 CMakeFiles/pfc3van.dir/Core/Src/stm32f7xx_hal_msp.c.obj
                0x08001548                HAL_TIM_Base_MspInit
 .text.HAL_TIM_MspPostInit
                0x080017e0       0xc8 CMakeFiles/pfc3van.dir/Core/Src/stm32f7xx_hal_msp.c.obj
                0x080017e0                HAL_TIM_MspPostInit
 .text.HAL_UART_MspInit
                0x080018a8       0x9c CMakeFiles/pfc3van.dir/Core/Src/stm32f7xx_hal_msp.c.obj
                0x080018a8                HAL_UART_MspInit
 .text.HAL_ADC_Init
                0x08001944      0x15c CMakeFiles/pfc3van.dir/Drivers/STM32F7xx_HAL_Driver/Src/stm32f7xx_hal_adc.c.obj
                0x08001944                HAL_ADC_Init
 .text.HAL_ADC_Start_DMA
                0x08001aa0      0x148 CMakeFiles/pfc3van.dir/Drivers/STM32F7xx_HAL_Driver/Src/stm32f7xx_hal_adc.c.obj
                0x08001aa0                HAL_ADC_Start_DMA
 .text.HAL_ADC_ConvCpltCallback
                0x08001be8        0x4 CMakeFiles/pfc3van.dir/Drivers/STM32F7xx_HAL_Driver/Src/stm32f7xx_hal_adc.c.obj
                0x08001be8                HAL_ADC_ConvCpltCallback
 .text.HAL_ADC_ConvHalfCpltCallback
                0x08001bec        0x4 CMakeFiles/pfc3van.dir/Drivers/STM32F7xx_HAL_Driver/Src/stm32f7xx_hal_adc.c.obj
                0x08001bec                HAL_ADC_ConvHalfCpltCallback
 .text.ADC_DMAHalfConvCplt
                0x08001bf0        0xc CMakeFiles/pfc3van.dir/Drivers/STM32F7xx_HAL_Driver/Src/stm32f7xx_hal_adc.c.obj
 .text.HAL_ADC_ErrorCallback
                0x08001bfc        0x4 CMakeFiles/pfc3van.dir/Drivers/STM32F7xx_HAL_Driver/Src/stm32f7xx_hal_adc.c.obj
                0x08001bfc                HAL_ADC_ErrorCallback
 .text.ADC_DMAError
                0x08001c00       0x18 CMakeFiles/pfc3van.dir/Drivers/STM32F7xx_HAL_Driver/Src/stm32f7xx_hal_adc.c.obj
 .text.ADC_DMAConvCplt
                0x08001c18       0x6c CMakeFiles/pfc3van.dir/Drivers/STM32F7xx_HAL_Driver/Src/stm32f7xx_hal_adc.c.obj
 .text.HAL_ADC_ConfigChannel
                0x08001c84      0x17c CMakeFiles/pfc3van.dir/Drivers/STM32F7xx_HAL_Driver/Src/stm32f7xx_hal_adc.c.obj
                0x08001c84                HAL_ADC_ConfigChannel
 .text.HAL_RCC_OscConfig
                0x08001e00      0x3ec CMakeFiles/pfc3van.dir/Drivers/STM32F7xx_HAL_Driver/Src/stm32f7xx_hal_rcc.c.obj
                0x08001e00                HAL_RCC_OscConfig
 .text.HAL_RCC_GetSysClockFreq
                0x080021ec       0x68 CMakeFiles/pfc3van.dir/Drivers/STM32F7xx_HAL_Driver/Src/stm32f7xx_hal_rcc.c.obj
                0x080021ec                HAL_RCC_GetSysClockFreq
 .text.HAL_RCC_ClockConfig
                0x08002254      0x140 CMakeFiles/pfc3van.dir/Drivers/STM32F7xx_HAL_Driver/Src/stm32f7xx_hal_rcc.c.obj
                0x08002254                HAL_RCC_ClockConfig
 .text.HAL_RCC_GetPCLK1Freq
                0x08002394       0x20 CMakeFiles/pfc3van.dir/Drivers/STM32F7xx_HAL_Driver/Src/stm32f7xx_hal_rcc.c.obj
                0x08002394                HAL_RCC_GetPCLK1Freq
 .text.HAL_RCC_GetPCLK2Freq
                0x080023b4       0x20 CMakeFiles/pfc3van.dir/Drivers/STM32F7xx_HAL_Driver/Src/stm32f7xx_hal_rcc.c.obj
                0x080023b4                HAL_RCC_GetPCLK2Freq
 .text.HAL_RCCEx_PeriphCLKConfig
                0x080023d4      0x574 CMakeFiles/pfc3van.dir/Drivers/STM32F7xx_HAL_Driver/Src/stm32f7xx_hal_rcc_ex.c.obj
                0x080023d4                HAL_RCCEx_PeriphCLKConfig
 .text.HAL_GPIO_Init
                0x08002948      0x274 CMakeFiles/pfc3van.dir/Drivers/STM32F7xx_HAL_Driver/Src/stm32f7xx_hal_gpio.c.obj
                0x08002948                HAL_GPIO_Init
 .text.HAL_GPIO_WritePin
                0x08002bbc        0x8 CMakeFiles/pfc3van.dir/Drivers/STM32F7xx_HAL_Driver/Src/stm32f7xx_hal_gpio.c.obj
                0x08002bbc                HAL_GPIO_WritePin
 .text.HAL_GPIO_EXTI_Callback
                0x08002bc4        0x4 CMakeFiles/pfc3van.dir/Drivers/STM32F7xx_HAL_Driver/Src/stm32f7xx_hal_gpio.c.obj
                0x08002bc4                HAL_GPIO_EXTI_Callback
 .text.HAL_GPIO_EXTI_IRQHandler
                0x08002bc8       0x18 CMakeFiles/pfc3van.dir/Drivers/STM32F7xx_HAL_Driver/Src/stm32f7xx_hal_gpio.c.obj
                0x08002bc8                HAL_GPIO_EXTI_IRQHandler
 .text.HAL_DMA_Init
                0x08002be0      0x138 CMakeFiles/pfc3van.dir/Drivers/STM32F7xx_HAL_Driver/Src/stm32f7xx_hal_dma.c.obj
                0x08002be0                HAL_DMA_Init
 .text.HAL_DMA_Start_IT
                0x08002d18       0x80 CMakeFiles/pfc3van.dir/Drivers/STM32F7xx_HAL_Driver/Src/stm32f7xx_hal_dma.c.obj
                0x08002d18                HAL_DMA_Start_IT
 .text.HAL_DMA_IRQHandler
                0x08002d98      0x1a8 CMakeFiles/pfc3van.dir/Drivers/STM32F7xx_HAL_Driver/Src/stm32f7xx_hal_dma.c.obj
                0x08002d98                HAL_DMA_IRQHandler
 .text.HAL_PWR_EnableBkUpAccess
                0x08002f40       0x10 CMakeFiles/pfc3van.dir/Drivers/STM32F7xx_HAL_Driver/Src/stm32f7xx_hal_pwr.c.obj
                0x08002f40                HAL_PWR_EnableBkUpAccess
 .text.HAL_PWREx_EnableOverDrive
                0x08002f50       0x74 CMakeFiles/pfc3van.dir/Drivers/STM32F7xx_HAL_Driver/Src/stm32f7xx_hal_pwr_ex.c.obj
                0x08002f50                HAL_PWREx_EnableOverDrive
 .text.HAL_NVIC_SetPriorityGrouping
                0x08002fc4       0x24 CMakeFiles/pfc3van.dir/Drivers/STM32F7xx_HAL_Driver/Src/stm32f7xx_hal_cortex.c.obj
                0x08002fc4                HAL_NVIC_SetPriorityGrouping
 .text.HAL_NVIC_SetPriority
                0x08002fe8       0x78 CMakeFiles/pfc3van.dir/Drivers/STM32F7xx_HAL_Driver/Src/stm32f7xx_hal_cortex.c.obj
                0x08002fe8                HAL_NVIC_SetPriority
 .text.HAL_NVIC_EnableIRQ
                0x08003060       0x1c CMakeFiles/pfc3van.dir/Drivers/STM32F7xx_HAL_Driver/Src/stm32f7xx_hal_cortex.c.obj
                0x08003060                HAL_NVIC_EnableIRQ
 .text.HAL_NVIC_DisableIRQ
                0x0800307c       0x24 CMakeFiles/pfc3van.dir/Drivers/STM32F7xx_HAL_Driver/Src/stm32f7xx_hal_cortex.c.obj
                0x0800307c                HAL_NVIC_DisableIRQ
 .text.HAL_SYSTICK_Config
                0x080030a0       0x2c CMakeFiles/pfc3van.dir/Drivers/STM32F7xx_HAL_Driver/Src/stm32f7xx_hal_cortex.c.obj
                0x080030a0                HAL_SYSTICK_Config
 .text.HAL_InitTick
                0x080030cc       0x48 CMakeFiles/pfc3van.dir/Drivers/STM32F7xx_HAL_Driver/Src/stm32f7xx_hal.c.obj
                0x080030cc                HAL_InitTick
 .text.HAL_Init
                0x08003114       0x18 CMakeFiles/pfc3van.dir/Drivers/STM32F7xx_HAL_Driver/Src/stm32f7xx_hal.c.obj
                0x08003114                HAL_Init
 .text.HAL_IncTick
                0x0800312c       0x18 CMakeFiles/pfc3van.dir/Drivers/STM32F7xx_HAL_Driver/Src/stm32f7xx_hal.c.obj
                0x0800312c                HAL_IncTick
 .text.HAL_GetTick
                0x08003144        0xc CMakeFiles/pfc3van.dir/Drivers/STM32F7xx_HAL_Driver/Src/stm32f7xx_hal.c.obj
                0x08003144                HAL_GetTick
 .text.TIM_OC1_SetConfig
                0x08003150       0x64 CMakeFiles/pfc3van.dir/Drivers/STM32F7xx_HAL_Driver/Src/stm32f7xx_hal_tim.c.obj
 .text.TIM_OC3_SetConfig
                0x080031b4       0x68 CMakeFiles/pfc3van.dir/Drivers/STM32F7xx_HAL_Driver/Src/stm32f7xx_hal_tim.c.obj
 .text.TIM_OC4_SetConfig
                0x0800321c       0x54 CMakeFiles/pfc3van.dir/Drivers/STM32F7xx_HAL_Driver/Src/stm32f7xx_hal_tim.c.obj
 .text.TIM_OC5_SetConfig
                0x08003270       0x54 CMakeFiles/pfc3van.dir/Drivers/STM32F7xx_HAL_Driver/Src/stm32f7xx_hal_tim.c.obj
 .text.TIM_OC6_SetConfig
                0x080032c4       0x54 CMakeFiles/pfc3van.dir/Drivers/STM32F7xx_HAL_Driver/Src/stm32f7xx_hal_tim.c.obj
 .text.TIM_SlaveTimer_SetConfig.constprop.0
                0x08003318       0xd8 CMakeFiles/pfc3van.dir/Drivers/STM32F7xx_HAL_Driver/Src/stm32f7xx_hal_tim.c.obj
 .text.HAL_TIM_Base_Start
                0x080033f0       0x9c CMakeFiles/pfc3van.dir/Drivers/STM32F7xx_HAL_Driver/Src/stm32f7xx_hal_tim.c.obj
                0x080033f0                HAL_TIM_Base_Start
 .text.HAL_TIM_Base_Start_IT
                0x0800348c       0xa4 CMakeFiles/pfc3van.dir/Drivers/STM32F7xx_HAL_Driver/Src/stm32f7xx_hal_tim.c.obj
                0x0800348c                HAL_TIM_Base_Start_IT
 .text.HAL_TIM_OC_MspInit
                0x08003530        0x4 CMakeFiles/pfc3van.dir/Drivers/STM32F7xx_HAL_Driver/Src/stm32f7xx_hal_tim.c.obj
                0x08003530                HAL_TIM_OC_MspInit
 .text.HAL_TIM_PWM_MspInit
                0x08003534        0x4 CMakeFiles/pfc3van.dir/Drivers/STM32F7xx_HAL_Driver/Src/stm32f7xx_hal_tim.c.obj
                0x08003534                HAL_TIM_PWM_MspInit
 .text.HAL_TIM_IC_MspInit
                0x08003538        0x4 CMakeFiles/pfc3van.dir/Drivers/STM32F7xx_HAL_Driver/Src/stm32f7xx_hal_tim.c.obj
                0x08003538                HAL_TIM_IC_MspInit
 .text.HAL_TIM_IC_Start_DMA
                0x0800353c      0x2b0 CMakeFiles/pfc3van.dir/Drivers/STM32F7xx_HAL_Driver/Src/stm32f7xx_hal_tim.c.obj
                0x0800353c                HAL_TIM_IC_Start_DMA
 .text.HAL_TIM_ConfigClockSource
                0x080037ec      0x154 CMakeFiles/pfc3van.dir/Drivers/STM32F7xx_HAL_Driver/Src/stm32f7xx_hal_tim.c.obj
                0x080037ec                HAL_TIM_ConfigClockSource
 .text.HAL_TIM_SlaveConfigSynchro
                0x08003940       0x4c CMakeFiles/pfc3van.dir/Drivers/STM32F7xx_HAL_Driver/Src/stm32f7xx_hal_tim.c.obj
                0x08003940                HAL_TIM_SlaveConfigSynchro
 .text.HAL_TIM_PeriodElapsedCallback
                0x0800398c        0x4 CMakeFiles/pfc3van.dir/Drivers/STM32F7xx_HAL_Driver/Src/stm32f7xx_hal_tim.c.obj
                0x0800398c                HAL_TIM_PeriodElapsedCallback
 .text.HAL_TIM_OC_DelayElapsedCallback
                0x08003990        0x4 CMakeFiles/pfc3van.dir/Drivers/STM32F7xx_HAL_Driver/Src/stm32f7xx_hal_tim.c.obj
                0x08003990                HAL_TIM_OC_DelayElapsedCallback
 .text.HAL_TIM_IC_CaptureCallback
                0x08003994        0x4 CMakeFiles/pfc3van.dir/Drivers/STM32F7xx_HAL_Driver/Src/stm32f7xx_hal_tim.c.obj
                0x08003994                HAL_TIM_IC_CaptureCallback
 .text.TIM_DMACaptureCplt
                0x08003998       0x94 CMakeFiles/pfc3van.dir/Drivers/STM32F7xx_HAL_Driver/Src/stm32f7xx_hal_tim.c.obj
                0x08003998                TIM_DMACaptureCplt
 .text.HAL_TIM_IC_CaptureHalfCpltCallback
                0x08003a2c        0x4 CMakeFiles/pfc3van.dir/Drivers/STM32F7xx_HAL_Driver/Src/stm32f7xx_hal_tim.c.obj
                0x08003a2c                HAL_TIM_IC_CaptureHalfCpltCallback
 .text.TIM_DMACaptureHalfCplt
                0x08003a30       0x68 CMakeFiles/pfc3van.dir/Drivers/STM32F7xx_HAL_Driver/Src/stm32f7xx_hal_tim.c.obj
                0x08003a30                TIM_DMACaptureHalfCplt
 .text.HAL_TIM_PWM_PulseFinishedCallback
                0x08003a98        0x4 CMakeFiles/pfc3van.dir/Drivers/STM32F7xx_HAL_Driver/Src/stm32f7xx_hal_tim.c.obj
                0x08003a98                HAL_TIM_PWM_PulseFinishedCallback
 .text.HAL_TIM_TriggerCallback
                0x08003a9c        0x4 CMakeFiles/pfc3van.dir/Drivers/STM32F7xx_HAL_Driver/Src/stm32f7xx_hal_tim.c.obj
                0x08003a9c                HAL_TIM_TriggerCallback
 .text.HAL_TIM_IRQHandler
                0x08003aa0      0x158 CMakeFiles/pfc3van.dir/Drivers/STM32F7xx_HAL_Driver/Src/stm32f7xx_hal_tim.c.obj
                0x08003aa0                HAL_TIM_IRQHandler
 .text.HAL_TIM_ErrorCallback
                0x08003bf8        0x4 CMakeFiles/pfc3van.dir/Drivers/STM32F7xx_HAL_Driver/Src/stm32f7xx_hal_tim.c.obj
                0x08003bf8                HAL_TIM_ErrorCallback
 .text.TIM_DMAError
                0x08003bfc       0x84 CMakeFiles/pfc3van.dir/Drivers/STM32F7xx_HAL_Driver/Src/stm32f7xx_hal_tim.c.obj
                0x08003bfc                TIM_DMAError
 .text.TIM_Base_SetConfig
                0x08003c80       0xe0 CMakeFiles/pfc3van.dir/Drivers/STM32F7xx_HAL_Driver/Src/stm32f7xx_hal_tim.c.obj
                0x08003c80                TIM_Base_SetConfig
 .text.HAL_TIM_Base_Init
                0x08003d60       0x64 CMakeFiles/pfc3van.dir/Drivers/STM32F7xx_HAL_Driver/Src/stm32f7xx_hal_tim.c.obj
                0x08003d60                HAL_TIM_Base_Init
 .text.HAL_TIM_OC_Init
                0x08003dc4       0x64 CMakeFiles/pfc3van.dir/Drivers/STM32F7xx_HAL_Driver/Src/stm32f7xx_hal_tim.c.obj
                0x08003dc4                HAL_TIM_OC_Init
 .text.HAL_TIM_PWM_Init
                0x08003e28       0x64 CMakeFiles/pfc3van.dir/Drivers/STM32F7xx_HAL_Driver/Src/stm32f7xx_hal_tim.c.obj
                0x08003e28                HAL_TIM_PWM_Init
 .text.HAL_TIM_IC_Init
                0x08003e8c       0x64 CMakeFiles/pfc3van.dir/Drivers/STM32F7xx_HAL_Driver/Src/stm32f7xx_hal_tim.c.obj
                0x08003e8c                HAL_TIM_IC_Init
 .text.TIM_OC2_SetConfig
                0x08003ef0       0x68 CMakeFiles/pfc3van.dir/Drivers/STM32F7xx_HAL_Driver/Src/stm32f7xx_hal_tim.c.obj
                0x08003ef0                TIM_OC2_SetConfig
 .text.HAL_TIM_OC_ConfigChannel
                0x08003f58       0x70 CMakeFiles/pfc3van.dir/Drivers/STM32F7xx_HAL_Driver/Src/stm32f7xx_hal_tim.c.obj
                0x08003f58                HAL_TIM_OC_ConfigChannel
 .text.HAL_TIM_PWM_ConfigChannel
                0x08003fc8      0x108 CMakeFiles/pfc3van.dir/Drivers/STM32F7xx_HAL_Driver/Src/stm32f7xx_hal_tim.c.obj
                0x08003fc8                HAL_TIM_PWM_ConfigChannel
 .text.TIM_TI1_SetConfig
                0x080040d0       0x7c CMakeFiles/pfc3van.dir/Drivers/STM32F7xx_HAL_Driver/Src/stm32f7xx_hal_tim.c.obj
                0x080040d0                TIM_TI1_SetConfig
 .text.HAL_TIM_IC_ConfigChannel
                0x0800414c      0x130 CMakeFiles/pfc3van.dir/Drivers/STM32F7xx_HAL_Driver/Src/stm32f7xx_hal_tim.c.obj
                0x0800414c                HAL_TIM_IC_ConfigChannel
 .text.HAL_TIMEx_MasterConfigSynchronization
                0x0800427c       0xb4 CMakeFiles/pfc3van.dir/Drivers/STM32F7xx_HAL_Driver/Src/stm32f7xx_hal_tim_ex.c.obj
                0x0800427c                HAL_TIMEx_MasterConfigSynchronization
 .text.HAL_TIMEx_ConfigBreakDeadTime
                0x08004330       0x8c CMakeFiles/pfc3van.dir/Drivers/STM32F7xx_HAL_Driver/Src/stm32f7xx_hal_tim_ex.c.obj
                0x08004330                HAL_TIMEx_ConfigBreakDeadTime
 .text.HAL_TIMEx_CommutCallback
                0x080043bc        0x4 CMakeFiles/pfc3van.dir/Drivers/STM32F7xx_HAL_Driver/Src/stm32f7xx_hal_tim_ex.c.obj
                0x080043bc                HAL_TIMEx_CommutCallback
 .text.HAL_TIMEx_BreakCallback
                0x080043c0        0x4 CMakeFiles/pfc3van.dir/Drivers/STM32F7xx_HAL_Driver/Src/stm32f7xx_hal_tim_ex.c.obj
                0x080043c0                HAL_TIMEx_BreakCallback
 .text.HAL_TIMEx_Break2Callback
                0x080043c4        0x4 CMakeFiles/pfc3van.dir/Drivers/STM32F7xx_HAL_Driver/Src/stm32f7xx_hal_tim_ex.c.obj
                0x080043c4                HAL_TIMEx_Break2Callback
 .text.UART_EndRxTransfer
                0x080043c8       0x60 CMakeFiles/pfc3van.dir/Drivers/STM32F7xx_HAL_Driver/Src/stm32f7xx_hal_uart.c.obj
 .text.UART_SetConfig
                0x08004428      0x2a0 CMakeFiles/pfc3van.dir/Drivers/STM32F7xx_HAL_Driver/Src/stm32f7xx_hal_uart.c.obj
                0x08004428                UART_SetConfig
 .text.UART_AdvFeatureConfig
                0x080046c8       0xb0 CMakeFiles/pfc3van.dir/Drivers/STM32F7xx_HAL_Driver/Src/stm32f7xx_hal_uart.c.obj
                0x080046c8                UART_AdvFeatureConfig
 .text.UART_WaitOnFlagUntilTimeout
                0x08004778       0x94 CMakeFiles/pfc3van.dir/Drivers/STM32F7xx_HAL_Driver/Src/stm32f7xx_hal_uart.c.obj
                0x08004778                UART_WaitOnFlagUntilTimeout
 .text.UART_CheckIdleState
                0x0800480c       0xb8 CMakeFiles/pfc3van.dir/Drivers/STM32F7xx_HAL_Driver/Src/stm32f7xx_hal_uart.c.obj
                0x0800480c                UART_CheckIdleState
 .text.HAL_UART_Init
                0x080048c4       0x64 CMakeFiles/pfc3van.dir/Drivers/STM32F7xx_HAL_Driver/Src/stm32f7xx_hal_uart.c.obj
                0x080048c4                HAL_UART_Init
 .text.SystemInit
                0x08004928       0x14 CMakeFiles/pfc3van.dir/Core/Src/system_stm32f7xx.c.obj
                0x08004928                SystemInit
 .text.Reset_Handler
                0x0800493c       0x50 CMakeFiles/pfc3van.dir/startup_stm32f767xx.s.obj
                0x0800493c                Reset_Handler
 .text.Default_Handler
                0x0800498c        0x2 CMakeFiles/pfc3van.dir/startup_stm32f767xx.s.obj
                0x0800498c                RTC_Alarm_IRQHandler
                0x0800498c                EXTI2_IRQHandler
                0x0800498c                TIM8_CC_IRQHandler
                0x0800498c                UART8_IRQHandler
                0x0800498c                SPI4_IRQHandler
                0x0800498c                DMA2_Stream5_IRQHandler
                0x0800498c                JPEG_IRQHandler
                0x0800498c                DMA1_Stream5_IRQHandler
                0x0800498c                CAN3_RX1_IRQHandler
                0x0800498c                PVD_IRQHandler
                0x0800498c                TAMP_STAMP_IRQHandler
                0x0800498c                CAN2_RX1_IRQHandler
                0x0800498c                EXTI3_IRQHandler
                0x0800498c                TIM8_TRG_COM_TIM14_IRQHandler
                0x0800498c                DFSDM1_FLT1_IRQHandler
                0x0800498c                TIM1_UP_TIM10_IRQHandler
                0x0800498c                TIM8_UP_TIM13_IRQHandler
                0x0800498c                I2C3_ER_IRQHandler
                0x0800498c                DFSDM1_FLT2_IRQHandler
                0x0800498c                EXTI0_IRQHandler
                0x0800498c                I2C2_EV_IRQHandler
                0x0800498c                DMA1_Stream2_IRQHandler
                0x0800498c                CAN1_RX0_IRQHandler
                0x0800498c                FPU_IRQHandler
                0x0800498c                OTG_HS_WKUP_IRQHandler
                0x0800498c                CAN3_SCE_IRQHandler
                0x0800498c                LTDC_ER_IRQHandler
                0x0800498c                CAN2_SCE_IRQHandler
                0x0800498c                SPI1_IRQHandler
                0x0800498c                TIM6_DAC_IRQHandler
                0x0800498c                TIM1_BRK_TIM9_IRQHandler
                0x0800498c                DCMI_IRQHandler
                0x0800498c                CAN2_RX0_IRQHandler
                0x0800498c                SAI2_IRQHandler
                0x0800498c                DFSDM1_FLT3_IRQHandler
                0x0800498c                USART6_IRQHandler
                0x0800498c                CAN3_RX0_IRQHandler
                0x0800498c                USART3_IRQHandler
                0x0800498c                CAN1_RX1_IRQHandler
                0x0800498c                UART5_IRQHandler
                0x0800498c                TIM4_IRQHandler
                0x0800498c                QUADSPI_IRQHandler
                0x0800498c                I2C1_EV_IRQHandler
                0x0800498c                DMA1_Stream6_IRQHandler
                0x0800498c                DMA1_Stream1_IRQHandler
                0x0800498c                UART4_IRQHandler
                0x0800498c                TIM3_IRQHandler
                0x0800498c                RCC_IRQHandler
                0x0800498c                TIM8_BRK_TIM12_IRQHandler
                0x0800498c                Default_Handler
                0x0800498c                CEC_IRQHandler
                0x0800498c                ADC_IRQHandler
                0x0800498c                DMA1_Stream7_IRQHandler
                0x0800498c                SPI5_IRQHandler
                0x0800498c                TIM7_IRQHandler
                0x0800498c                SDMMC1_IRQHandler
                0x0800498c                CAN2_TX_IRQHandler
                0x0800498c                I2C3_EV_IRQHandler
                0x0800498c                EXTI9_5_IRQHandler
                0x0800498c                RTC_WKUP_IRQHandler
                0x0800498c                LTDC_IRQHandler
                0x0800498c                ETH_WKUP_IRQHandler
                0x0800498c                SPDIF_RX_IRQHandler
                0x0800498c                SPI2_IRQHandler
                0x0800498c                OTG_HS_EP1_IN_IRQHandler
                0x0800498c                DMA1_Stream0_IRQHandler
                0x0800498c                CAN1_TX_IRQHandler
                0x0800498c                EXTI4_IRQHandler
                0x0800498c                RNG_IRQHandler
                0x0800498c                ETH_IRQHandler
                0x0800498c                OTG_HS_EP1_OUT_IRQHandler
                0x0800498c                WWDG_IRQHandler
                0x0800498c                SPI6_IRQHandler
                0x0800498c                MDIOS_IRQHandler
                0x0800498c                I2C4_EV_IRQHandler
                0x0800498c                CAN3_TX_IRQHandler
                0x0800498c                OTG_FS_WKUP_IRQHandler
                0x0800498c                OTG_HS_IRQHandler
                0x0800498c                DMA2D_IRQHandler
                0x0800498c                EXTI1_IRQHandler
                0x0800498c                SDMMC2_IRQHandler
                0x0800498c                UART7_IRQHandler
                0x0800498c                USART2_IRQHandler
                0x0800498c                DFSDM1_FLT0_IRQHandler
                0x0800498c                I2C2_ER_IRQHandler
                0x0800498c                CAN1_SCE_IRQHandler
                0x0800498c                FLASH_IRQHandler
                0x0800498c                USART1_IRQHandler
                0x0800498c                OTG_FS_IRQHandler
                0x0800498c                SPI3_IRQHandler
                0x0800498c                DMA1_Stream4_IRQHandler
                0x0800498c                I2C1_ER_IRQHandler
                0x0800498c                FMC_IRQHandler
                0x0800498c                LPTIM1_IRQHandler
                0x0800498c                I2C4_ER_IRQHandler
                0x0800498c                DMA2_Stream6_IRQHandler
                0x0800498c                SAI1_IRQHandler
                0x0800498c                DMA1_Stream3_IRQHandler
 *fill*         0x0800498e        0x2 
 .text.ctrl_ez_Init
                0x08004990       0x14 ctrl_ez\ARMCortex-M\_ref\ctrl_ez\libctrl_ez_rtwlib.a(ctrl_ez.c.obj)
                0x08004990                ctrl_ez_Init
 *fill*         0x080049a4        0x4 
 .text.ctrl_ez_trigger_ctrl_ez
                0x080049a8      0x8a0 ctrl_ez\ARMCortex-M\_ref\ctrl_ez\libctrl_ez_rtwlib.a(ctrl_ez.c.obj)
                0x080049a8                ctrl_ez_trigger_ctrl_ez
 .text.trigger_pll_fcn
                0x08005248      0x398 Core\dsogi_3phpll\libdsogi_pll.a(dsogi_3phpll.c.obj)
                0x08005248                trigger_pll_fcn
 .text.dsogi_3phpll_initialize
                0x080055e0       0x10 Core\dsogi_3phpll\libdsogi_pll.a(dsogi_3phpll.c.obj)
                0x080055e0                dsogi_3phpll_initialize
 .text.arm_add_f32
                0x080055f0       0x90 C:\Users\Angel\Desktop\hil\pfc3ph\stf7\stf7\pfc3van\Drivers\CMSIS\Lib\GCC\libCMSISDSP.a(BasicMathFunctions.c.obj)
                0x080055f0                arm_add_f32
 .text.arm_mult_f32
                0x08005680       0x90 C:\Users\Angel\Desktop\hil\pfc3ph\stf7\stf7\pfc3van\Drivers\CMSIS\Lib\GCC\libCMSISDSP.a(BasicMathFunctions.c.obj)
                0x08005680                arm_mult_f32
 .text.arm_offset_q31
                0x08005710       0x70 C:\Users\Angel\Desktop\hil\pfc3ph\stf7\stf7\pfc3van\Drivers\CMSIS\Lib\GCC\libCMSISDSP.a(BasicMathFunctions.c.obj)
                0x08005710                arm_offset_q31
 .text.arm_scale_f32
                0x08005780       0x70 C:\Users\Angel\Desktop\hil\pfc3ph\stf7\stf7\pfc3van\Drivers\CMSIS\Lib\GCC\libCMSISDSP.a(BasicMathFunctions.c.obj)
                0x08005780                arm_scale_f32
 .text.arm_clip_f32
                0x080057f0       0x38 C:\Users\Angel\Desktop\hil\pfc3ph\stf7\stf7\pfc3van\Drivers\CMSIS\Lib\GCC\libCMSISDSP.a(BasicMathFunctions.c.obj)
                0x080057f0                arm_clip_f32
 .text.intrp1d_fu32fl
                0x08005828       0x1c ARMCortex-M\_shared\librtwshared.a(intrp1d_fu32fl.c.obj)
                0x08005828                intrp1d_fu32fl
 .text.plook_u32ff_evenc
                0x08005844       0x64 ARMCortex-M\_shared\librtwshared.a(plook_u32ff_evenc.c.obj)
                0x08005844                plook_u32ff_evenc
 .text.__errno  0x080058a8        0xc C:/ST/STM32CubeCLT_1.17.0/GNU-tools-for-STM32/bin/../lib/gcc/arm-none-eabi/12.3.1/../../../../arm-none-eabi/lib/thumb/v7e-m+dp/hard\libg_nano.a(libc_a-errno.o)
                0x080058a8                __errno
 *fill*         0x080058b4        0x4 
 .text.fmod     0x080058b8       0x48 C:/ST/STM32CubeCLT_1.17.0/GNU-tools-for-STM32/bin/../lib/gcc/arm-none-eabi/12.3.1/../../../../arm-none-eabi/lib/thumb/v7e-m+dp/hard\libm.a(libm_a-w_fmod.o)
                0x080058b8                fmod
 .text.sin      0x08005900       0x98 C:/ST/STM32CubeCLT_1.17.0/GNU-tools-for-STM32/bin/../lib/gcc/arm-none-eabi/12.3.1/../../../../arm-none-eabi/lib/thumb/v7e-m+dp/hard\libm.a(libm_a-s_sin.o)
                0x08005900                sin
 .text.__kernel_cos
                0x08005998       0xd0 C:/ST/STM32CubeCLT_1.17.0/GNU-tools-for-STM32/bin/../lib/gcc/arm-none-eabi/12.3.1/../../../../arm-none-eabi/lib/thumb/v7e-m+dp/hard\libm.a(libm_a-k_cos.o)
                0x08005998                __kernel_cos
 .text.__kernel_sin
                0x08005a68       0xb0 C:/ST/STM32CubeCLT_1.17.0/GNU-tools-for-STM32/bin/../lib/gcc/arm-none-eabi/12.3.1/../../../../arm-none-eabi/lib/thumb/v7e-m+dp/hard\libm.a(libm_a-k_sin.o)
                0x08005a68                __kernel_sin
 .text.__ieee754_fmod
                0x08005b18      0x218 C:/ST/STM32CubeCLT_1.17.0/GNU-tools-for-STM32/bin/../lib/gcc/arm-none-eabi/12.3.1/../../../../arm-none-eabi/lib/thumb/v7e-m+dp/hard\libm.a(libm_a-e_fmod.o)
                0x08005b18                __ieee754_fmod
 .text.__ieee754_rem_pio2
                0x08005d30      0x288 C:/ST/STM32CubeCLT_1.17.0/GNU-tools-for-STM32/bin/../lib/gcc/arm-none-eabi/12.3.1/../../../../arm-none-eabi/lib/thumb/v7e-m+dp/hard\libm.a(libm_a-e_rem_pio2.o)
                0x08005d30                __ieee754_rem_pio2
 .text.fabs     0x08005fb8       0x10 C:/ST/STM32CubeCLT_1.17.0/GNU-tools-for-STM32/bin/../lib/gcc/arm-none-eabi/12.3.1/../../../../arm-none-eabi/lib/thumb/v7e-m+dp/hard\libm.a(libm_a-s_fabs.o)
                0x08005fb8                fabs
 .text.__kernel_rem_pio2
                0x08005fc8      0x4f8 C:/ST/STM32CubeCLT_1.17.0/GNU-tools-for-STM32/bin/../lib/gcc/arm-none-eabi/12.3.1/../../../../arm-none-eabi/lib/thumb/v7e-m+dp/hard\libm.a(libm_a-k_rem_pio2.o)
                0x08005fc8                __kernel_rem_pio2
 .text.scalbn   0x080064c0       0xfc C:/ST/STM32CubeCLT_1.17.0/GNU-tools-for-STM32/bin/../lib/gcc/arm-none-eabi/12.3.1/../../../../arm-none-eabi/lib/thumb/v7e-m+dp/hard\libm.a(libm_a-s_scalbn.o)
                0x080064c0                scalbn
 *fill*         0x080065bc        0x4 
 .text.floor    0x080065c0       0xf0 C:/ST/STM32CubeCLT_1.17.0/GNU-tools-for-STM32/bin/../lib/gcc/arm-none-eabi/12.3.1/../../../../arm-none-eabi/lib/thumb/v7e-m+dp/hard\libm.a(libm_a-s_floor.o)
                0x080065c0                floor
 *(.glue_7)
 .glue_7        0x080066b0        0x0 linker stubs
 *(.glue_7t)
 .glue_7t       0x080066b0        0x0 linker stubs
 *(.eh_frame)
 .eh_frame      0x080066b0        0x0 C:/ST/STM32CubeCLT_1.17.0/GNU-tools-for-STM32/bin/../lib/gcc/arm-none-eabi/12.3.1/thumb/v7e-m+dp/hard/crtbegin.o
 *(.init)
 .init          0x080066b0        0x4 C:/ST/STM32CubeCLT_1.17.0/GNU-tools-for-STM32/bin/../lib/gcc/arm-none-eabi/12.3.1/thumb/v7e-m+dp/hard/crti.o
                0x080066b0                _init
 .init          0x080066b4        0x8 C:/ST/STM32CubeCLT_1.17.0/GNU-tools-for-STM32/bin/../lib/gcc/arm-none-eabi/12.3.1/thumb/v7e-m+dp/hard/crtn.o
 *(.fini)
 .fini          0x080066bc        0x4 C:/ST/STM32CubeCLT_1.17.0/GNU-tools-for-STM32/bin/../lib/gcc/arm-none-eabi/12.3.1/thumb/v7e-m+dp/hard/crti.o
                0x080066bc                _fini
 .fini          0x080066c0        0x8 C:/ST/STM32CubeCLT_1.17.0/GNU-tools-for-STM32/bin/../lib/gcc/arm-none-eabi/12.3.1/thumb/v7e-m+dp/hard/crtn.o
                0x080066c8                        . = ALIGN (0x4)
                0x080066c8                        _etext = .

.vfp11_veneer   0x080066c8        0x0
 .vfp11_veneer  0x080066c8        0x0 linker stubs

.v4_bx          0x080066c8        0x0
 .v4_bx         0x080066c8        0x0 linker stubs

.iplt           0x080066c8        0x0
 .iplt          0x080066c8        0x0 C:/ST/STM32CubeCLT_1.17.0/GNU-tools-for-STM32/bin/../lib/gcc/arm-none-eabi/12.3.1/thumb/v7e-m+dp/hard/crtbegin.o

.rodata         0x080066c8      0x2b0
                0x080066c8                        . = ALIGN (0x4)
 *(.rodata)
 *(.rodata*)
 .rodata.flagBitshiftOffset.0
                0x080066c8        0x8 CMakeFiles/pfc3van.dir/Drivers/STM32F7xx_HAL_Driver/Src/stm32f7xx_hal_dma.c.obj
 .rodata.APBPrescTable
                0x080066d0        0x8 CMakeFiles/pfc3van.dir/Core/Src/system_stm32f7xx.c.obj
                0x080066d0                APBPrescTable
 .rodata.AHBPrescTable
                0x080066d8       0x10 CMakeFiles/pfc3van.dir/Core/Src/system_stm32f7xx.c.obj
                0x080066d8                AHBPrescTable
 .rodata.tableData_c.0
                0x080066e8       0x40 ctrl_ez\ARMCortex-M\_ref\ctrl_ez\libctrl_ez_rtwlib.a(ctrl_ez.c.obj)
 .rodata.rtCP_pooled_eByeztG9SgGB
                0x08006728        0xc ARMCortex-M\_shared\librtwshared.a(const_params.c.obj)
                0x08006728                rtCP_pooled_eByeztG9SgGB
 .rodata.rtCP_pooled_c9mIltOBYHuW
                0x08006734       0x48 ARMCortex-M\_shared\librtwshared.a(const_params.c.obj)
                0x08006734                rtCP_pooled_c9mIltOBYHuW
 .rodata.rtCP_pooled_XyS18C52bdd7
                0x0800677c        0x4 ARMCortex-M\_shared\librtwshared.a(const_params.c.obj)
                0x0800677c                rtCP_pooled_XyS18C52bdd7
 .rodata.rtCP_pooled_IpZ2KYFD0cMi
                0x08006780        0x4 ARMCortex-M\_shared\librtwshared.a(const_params.c.obj)
                0x08006780                rtCP_pooled_IpZ2KYFD0cMi
 .rodata.rtCP_pooled_HkVECsDp1mOJ
                0x08006784        0x4 ARMCortex-M\_shared\librtwshared.a(const_params.c.obj)
                0x08006784                rtCP_pooled_HkVECsDp1mOJ
 .rodata.rtCP_pooled_69zDzzp3SdVd
                0x08006788        0x4 ARMCortex-M\_shared\librtwshared.a(const_params.c.obj)
                0x08006788                rtCP_pooled_69zDzzp3SdVd
 *fill*         0x0800678c        0x4 
 .rodata.Zero   0x08006790       0x10 C:/ST/STM32CubeCLT_1.17.0/GNU-tools-for-STM32/bin/../lib/gcc/arm-none-eabi/12.3.1/../../../../arm-none-eabi/lib/thumb/v7e-m+dp/hard\libm.a(libm_a-e_fmod.o)
 .rodata.npio2_hw
                0x080067a0       0x80 C:/ST/STM32CubeCLT_1.17.0/GNU-tools-for-STM32/bin/../lib/gcc/arm-none-eabi/12.3.1/../../../../arm-none-eabi/lib/thumb/v7e-m+dp/hard\libm.a(libm_a-e_rem_pio2.o)
 .rodata.two_over_pi
                0x08006820      0x108 C:/ST/STM32CubeCLT_1.17.0/GNU-tools-for-STM32/bin/../lib/gcc/arm-none-eabi/12.3.1/../../../../arm-none-eabi/lib/thumb/v7e-m+dp/hard\libm.a(libm_a-e_rem_pio2.o)
 .rodata.PIo2   0x08006928       0x40 C:/ST/STM32CubeCLT_1.17.0/GNU-tools-for-STM32/bin/../lib/gcc/arm-none-eabi/12.3.1/../../../../arm-none-eabi/lib/thumb/v7e-m+dp/hard\libm.a(libm_a-k_rem_pio2.o)
 .rodata.init_jk
                0x08006968       0x10 C:/ST/STM32CubeCLT_1.17.0/GNU-tools-for-STM32/bin/../lib/gcc/arm-none-eabi/12.3.1/../../../../arm-none-eabi/lib/thumb/v7e-m+dp/hard\libm.a(libm_a-k_rem_pio2.o)
                0x08006978                        . = ALIGN (0x4)

.ARM.extab
 *(.ARM.extab* .gnu.linkonce.armextab.*)

.ARM            0x08006978        0x8
                0x08006978                        __exidx_start = .
 *(.ARM.exidx*)
 .ARM.exidx     0x08006978        0x8 C:/ST/STM32CubeCLT_1.17.0/GNU-tools-for-STM32/bin/../lib/gcc/arm-none-eabi/12.3.1/thumb/v7e-m+dp/hard\libgcc.a(_udivmoddi4.o)
                0x08006980                        __exidx_end = .

.preinit_array  0x08006980        0x0
                0x08006980                        PROVIDE (__preinit_array_start = .)
 *(.preinit_array*)
                0x08006980                        PROVIDE (__preinit_array_end = .)

.init_array     0x08006980        0x4
                0x08006980                        PROVIDE (__init_array_start = .)
 *(SORT_BY_NAME(.init_array.*))
 *(.init_array*)
 .init_array    0x08006980        0x4 C:/ST/STM32CubeCLT_1.17.0/GNU-tools-for-STM32/bin/../lib/gcc/arm-none-eabi/12.3.1/thumb/v7e-m+dp/hard/crtbegin.o
                0x08006984                        PROVIDE (__init_array_end = .)

.fini_array     0x08006984        0x4
                [!provide]                        PROVIDE (__fini_array_start = .)
 *(SORT_BY_NAME(.fini_array.*))
 *(.fini_array*)
 .fini_array    0x08006984        0x4 C:/ST/STM32CubeCLT_1.17.0/GNU-tools-for-STM32/bin/../lib/gcc/arm-none-eabi/12.3.1/thumb/v7e-m+dp/hard/crtbegin.o
                [!provide]                        PROVIDE (__fini_array_end = .)
                0x08006988                        _sidata = LOADADDR (.data)

.data           0x20000000       0x5c load address 0x08006988
                0x20000000                        . = ALIGN (0x4)
                0x20000000                        _sdata = .
 *(.data)
 *(.data*)
 .data._impure_ptr
                0x20000000        0x4 C:/ST/STM32CubeCLT_1.17.0/GNU-tools-for-STM32/bin/../lib/gcc/arm-none-eabi/12.3.1/../../../../arm-none-eabi/lib/thumb/v7e-m+dp/hard\libc_nano.a(libc_a-impure.o)
                0x20000000                _impure_ptr
 .data._impure_data
                0x20000004       0x4c C:/ST/STM32CubeCLT_1.17.0/GNU-tools-for-STM32/bin/../lib/gcc/arm-none-eabi/12.3.1/../../../../arm-none-eabi/lib/thumb/v7e-m+dp/hard\libc_nano.a(libc_a-impure.o)
                0x20000004                _impure_data
 .data.first_timer
                0x20000050        0x1 CMakeFiles/pfc3van.dir/Core/Src/stm32f7xx_it.c.obj
                0x20000050                first_timer
 .data.uwTickFreq
                0x20000051        0x1 CMakeFiles/pfc3van.dir/Drivers/STM32F7xx_HAL_Driver/Src/stm32f7xx_hal.c.obj
                0x20000051                uwTickFreq
 *fill*         0x20000052        0x2 
 .data.uwTickPrio
                0x20000054        0x4 CMakeFiles/pfc3van.dir/Drivers/STM32F7xx_HAL_Driver/Src/stm32f7xx_hal.c.obj
                0x20000054                uwTickPrio
 .data.SystemCoreClock
                0x20000058        0x4 CMakeFiles/pfc3van.dir/Core/Src/system_stm32f7xx.c.obj
                0x20000058                SystemCoreClock
                0x2000005c                        . = ALIGN (0x4)
                0x2000005c                        _edata = .

.igot.plt       0x2000005c        0x0 load address 0x080069e4
 .igot.plt      0x2000005c        0x0 C:/ST/STM32CubeCLT_1.17.0/GNU-tools-for-STM32/bin/../lib/gcc/arm-none-eabi/12.3.1/thumb/v7e-m+dp/hard/crtbegin.o

.rel.dyn        0x2000005c        0x0 load address 0x080069e4
 .rel.iplt      0x2000005c        0x0 C:/ST/STM32CubeCLT_1.17.0/GNU-tools-for-STM32/bin/../lib/gcc/arm-none-eabi/12.3.1/thumb/v7e-m+dp/hard/crtbegin.o
                0x2000005c                        . = ALIGN (0x4)

.bss            0x20000060     0x2770 load address 0x080069e4
                0x20000060                        _sbss = .
                0x20000060                        __bss_start__ = _sbss
 *(.bss)
 .bss           0x20000060       0x1c C:/ST/STM32CubeCLT_1.17.0/GNU-tools-for-STM32/bin/../lib/gcc/arm-none-eabi/12.3.1/thumb/v7e-m+dp/hard/crtbegin.o
 *(.bss*)
 .bss.__sf      0x2000007c      0x138 C:/ST/STM32CubeCLT_1.17.0/GNU-tools-for-STM32/bin/../lib/gcc/arm-none-eabi/12.3.1/../../../../arm-none-eabi/lib/thumb/v7e-m+dp/hard\libc_nano.a(libc_a-findfp.o)
                0x2000007c                __sf
 .bss.vacs      0x200001b4       0x10 CMakeFiles/pfc3van.dir/Core/Src/main.c.obj
                0x200001b4                vacs
 .bss.dc_data   0x200001c4        0x8 CMakeFiles/pfc3van.dir/Core/Src/main.c.obj
                0x200001c4                dc_data
 .bss.iac_data  0x200001cc        0xc CMakeFiles/pfc3van.dir/Core/Src/main.c.obj
                0x200001cc                iac_data
 .bss.huart3    0x200001d8       0x88 CMakeFiles/pfc3van.dir/Core/Src/main.c.obj
                0x200001d8                huart3
 .bss.hdma_tim8_ch4_trig_com
                0x20000260       0x60 CMakeFiles/pfc3van.dir/Core/Src/main.c.obj
                0x20000260                hdma_tim8_ch4_trig_com
 .bss.hdma_tim8_ch3
                0x200002c0       0x60 CMakeFiles/pfc3van.dir/Core/Src/main.c.obj
                0x200002c0                hdma_tim8_ch3
 .bss.hdma_tim8_ch2
                0x20000320       0x60 CMakeFiles/pfc3van.dir/Core/Src/main.c.obj
                0x20000320                hdma_tim8_ch2
 .bss.hdma_tim8_ch1
                0x20000380       0x60 CMakeFiles/pfc3van.dir/Core/Src/main.c.obj
                0x20000380                hdma_tim8_ch1
 .bss.htim11    0x200003e0       0x4c CMakeFiles/pfc3van.dir/Core/Src/main.c.obj
                0x200003e0                htim11
 *fill*         0x2000042c        0x4 
 .bss.htim8     0x20000430       0x4c CMakeFiles/pfc3van.dir/Core/Src/main.c.obj
                0x20000430                htim8
 .bss.htim5     0x2000047c       0x4c CMakeFiles/pfc3van.dir/Core/Src/main.c.obj
                0x2000047c                htim5
 .bss.htim3     0x200004c8       0x4c CMakeFiles/pfc3van.dir/Core/Src/main.c.obj
                0x200004c8                htim3
 .bss.htim2     0x20000514       0x4c CMakeFiles/pfc3van.dir/Core/Src/main.c.obj
                0x20000514                htim2
 .bss.htim1     0x20000560       0x4c CMakeFiles/pfc3van.dir/Core/Src/main.c.obj
                0x20000560                htim1
 .bss.hdma_adc3
                0x200005ac       0x60 CMakeFiles/pfc3van.dir/Core/Src/main.c.obj
                0x200005ac                hdma_adc3
 .bss.hdma_adc1
                0x2000060c       0x60 CMakeFiles/pfc3van.dir/Core/Src/main.c.obj
                0x2000060c                hdma_adc1
 *fill*         0x2000066c        0x4 
 .bss.hadc3     0x20000670       0x48 CMakeFiles/pfc3van.dir/Core/Src/main.c.obj
                0x20000670                hadc3
 .bss.hadc1     0x200006b8       0x48 CMakeFiles/pfc3van.dir/Core/Src/main.c.obj
                0x200006b8                hadc1
 .bss.tim34.2   0x20000700        0x4 CMakeFiles/pfc3van.dir/Core/Src/stm32f7xx_it.c.obj
 .bss.tim14.3   0x20000704        0x4 CMakeFiles/pfc3van.dir/Core/Src/stm32f7xx_it.c.obj
 .bss.tim12.4   0x20000708        0x4 CMakeFiles/pfc3van.dir/Core/Src/stm32f7xx_it.c.obj
 .bss.tim4.5    0x2000070c        0x4 CMakeFiles/pfc3van.dir/Core/Src/stm32f7xx_it.c.obj
 .bss.tim3.6    0x20000710        0x4 CMakeFiles/pfc3van.dir/Core/Src/stm32f7xx_it.c.obj
 .bss.iac_3.7   0x20000714      0x644 CMakeFiles/pfc3van.dir/Core/Src/stm32f7xx_it.c.obj
 .bss.iac_2.8   0x20000d58      0x644 CMakeFiles/pfc3van.dir/Core/Src/stm32f7xx_it.c.obj
 .bss.iac_1.9   0x2000139c      0x644 CMakeFiles/pfc3van.dir/Core/Src/stm32f7xx_it.c.obj
 .bss.vac3.10   0x200019e0      0x644 CMakeFiles/pfc3van.dir/Core/Src/stm32f7xx_it.c.obj
 .bss.vac2.11   0x20002024      0x644 CMakeFiles/pfc3van.dir/Core/Src/stm32f7xx_it.c.obj
 .bss.cnt.12    0x20002668        0x4 CMakeFiles/pfc3van.dir/Core/Src/stm32f7xx_it.c.obj
 .bss.tim2.13   0x2000266c        0x4 CMakeFiles/pfc3van.dir/Core/Src/stm32f7xx_it.c.obj
 .bss.dc_vacs.14
                0x20002670        0xc CMakeFiles/pfc3van.dir/Core/Src/stm32f7xx_it.c.obj
 .bss.vac_rising.15
                0x2000267c        0x4 CMakeFiles/pfc3van.dir/Core/Src/stm32f7xx_it.c.obj
 .bss.tim1.16   0x20002680        0x4 CMakeFiles/pfc3van.dir/Core/Src/stm32f7xx_it.c.obj
 .bss.cnt2.17   0x20002684        0x4 CMakeFiles/pfc3van.dir/Core/Src/stm32f7xx_it.c.obj
 .bss.button_state
                0x20002688        0x1 CMakeFiles/pfc3van.dir/Core/Src/stm32f7xx_it.c.obj
                0x20002688                button_state
 .bss.rty_lock  0x20002689        0x1 CMakeFiles/pfc3van.dir/Core/Src/stm32f7xx_it.c.obj
                0x20002689                rty_lock
 *fill*         0x2000268a        0x2 
 .bss.rty_Qa    0x2000268c        0x4 CMakeFiles/pfc3van.dir/Core/Src/stm32f7xx_it.c.obj
                0x2000268c                rty_Qa
 .bss.rty_Qc    0x20002690        0x4 CMakeFiles/pfc3van.dir/Core/Src/stm32f7xx_it.c.obj
                0x20002690                rty_Qc
 .bss.rty_Qb    0x20002694        0x4 CMakeFiles/pfc3van.dir/Core/Src/stm32f7xx_it.c.obj
                0x20002694                rty_Qb
 .bss.rtu_vb    0x20002698        0x4 CMakeFiles/pfc3van.dir/Core/Src/stm32f7xx_it.c.obj
                0x20002698                rtu_vb
 .bss.rtu_vc    0x2000269c        0x4 CMakeFiles/pfc3van.dir/Core/Src/stm32f7xx_it.c.obj
                0x2000269c                rtu_vc
 .bss.rtu_va    0x200026a0        0x4 CMakeFiles/pfc3van.dir/Core/Src/stm32f7xx_it.c.obj
                0x200026a0                rtu_va
 .bss.rtu_cos   0x200026a4        0x4 CMakeFiles/pfc3van.dir/Core/Src/stm32f7xx_it.c.obj
                0x200026a4                rtu_cos
 .bss.rtu_sine  0x200026a8        0x4 CMakeFiles/pfc3van.dir/Core/Src/stm32f7xx_it.c.obj
                0x200026a8                rtu_sine
 .bss.rtu_lock_pll
                0x200026ac        0x4 CMakeFiles/pfc3van.dir/Core/Src/stm32f7xx_it.c.obj
                0x200026ac                rtu_lock_pll
 .bss.rtu_w     0x200026b0        0x4 CMakeFiles/pfc3van.dir/Core/Src/stm32f7xx_it.c.obj
                0x200026b0                rtu_w
 .bss.rtu_ov_out
                0x200026b4        0x4 CMakeFiles/pfc3van.dir/Core/Src/stm32f7xx_it.c.obj
                0x200026b4                rtu_ov_out
 .bss.rtu_ic    0x200026b8        0x4 CMakeFiles/pfc3van.dir/Core/Src/stm32f7xx_it.c.obj
                0x200026b8                rtu_ic
 .bss.rtu_ib    0x200026bc        0x4 CMakeFiles/pfc3van.dir/Core/Src/stm32f7xx_it.c.obj
                0x200026bc                rtu_ib
 .bss.rtu_ia    0x200026c0        0x4 CMakeFiles/pfc3van.dir/Core/Src/stm32f7xx_it.c.obj
                0x200026c0                rtu_ia
 .bss.uwTick    0x200026c4        0x4 CMakeFiles/pfc3van.dir/Drivers/STM32F7xx_HAL_Driver/Src/stm32f7xx_hal.c.obj
                0x200026c4                uwTick
 .bss.ctrl_ez_DW
                0x200026c8       0x90 ctrl_ez\ARMCortex-M\_ref\ctrl_ez\libctrl_ez_rtwlib.a(ctrl_ez.c.obj)
                0x200026c8                ctrl_ez_DW
 .bss.filter_IC
                0x20002758        0x4 ctrl_ez\ARMCortex-M\_ref\ctrl_ez\libctrl_ez_rtwlib.a(ctrl_ez.c.obj)
                0x20002758                filter_IC
 .bss.filter_IB
                0x2000275c        0x4 ctrl_ez\ARMCortex-M\_ref\ctrl_ez\libctrl_ez_rtwlib.a(ctrl_ez.c.obj)
                0x2000275c                filter_IB
 .bss.filter_IA
                0x20002760        0x4 ctrl_ez\ARMCortex-M\_ref\ctrl_ez\libctrl_ez_rtwlib.a(ctrl_ez.c.obj)
                0x20002760                filter_IA
 .bss.dsogi_3phpll_Y
                0x20002764       0x1c Core\dsogi_3phpll\libdsogi_pll.a(dsogi_3phpll.c.obj)
                0x20002764                dsogi_3phpll_Y
 .bss.dsogi_3phpll_U
                0x20002780        0xc Core\dsogi_3phpll\libdsogi_pll.a(dsogi_3phpll.c.obj)
                0x20002780                dsogi_3phpll_U
 .bss.dsogi_3phpll_DW
                0x2000278c       0x44 Core\dsogi_3phpll\libdsogi_pll.a(dsogi_3phpll.c.obj)
                0x2000278c                dsogi_3phpll_DW
 *(COMMON)
                0x200027d0                        . = ALIGN (0x4)
                0x200027d0                        _ebss = .
                0x200027d0                        __bss_end__ = _ebss

._user_heap_stack
                0x200027d0      0x600 load address 0x080069e4
                0x200027d0                        . = ALIGN (0x8)
                [!provide]                        PROVIDE (end = .)
                0x200027d0                        PROVIDE (_end = .)
                0x200029d0                        . = (. + _Min_Heap_Size)
 *fill*         0x200027d0      0x200 
                0x20002dd0                        . = (. + _Min_Stack_Size)
 *fill*         0x200029d0      0x400 
                0x20002dd0                        . = ALIGN (0x8)

/DISCARD/
 libc.a(*)
 libm.a(*)
 libgcc.a(*)
OUTPUT(pfc3van.elf elf32-littlearm)
LOAD linker stubs
LOAD C:/ST/STM32CubeCLT_1.17.0/GNU-tools-for-STM32/bin/../lib/gcc/arm-none-eabi/12.3.1/../../../../arm-none-eabi/lib/thumb/v7e-m+dp/hard\libc.a
LOAD C:/ST/STM32CubeCLT_1.17.0/GNU-tools-for-STM32/bin/../lib/gcc/arm-none-eabi/12.3.1/../../../../arm-none-eabi/lib/thumb/v7e-m+dp/hard\libm.a
LOAD C:/ST/STM32CubeCLT_1.17.0/GNU-tools-for-STM32/bin/../lib/gcc/arm-none-eabi/12.3.1/thumb/v7e-m+dp/hard\libgcc.a

.ARM.attributes
                0x00000000       0x2e
 .ARM.attributes
                0x00000000       0x20 C:/ST/STM32CubeCLT_1.17.0/GNU-tools-for-STM32/bin/../lib/gcc/arm-none-eabi/12.3.1/thumb/v7e-m+dp/hard/crti.o
 .ARM.attributes
                0x00000020       0x32 C:/ST/STM32CubeCLT_1.17.0/GNU-tools-for-STM32/bin/../lib/gcc/arm-none-eabi/12.3.1/thumb/v7e-m+dp/hard/crtbegin.o
 .ARM.attributes
                0x00000052       0x32 C:/ST/STM32CubeCLT_1.17.0/GNU-tools-for-STM32/bin/../lib/gcc/arm-none-eabi/12.3.1/../../../../arm-none-eabi/lib/thumb/v7e-m+dp/hard\libc_nano.a(libc_a-findfp.o)
 .ARM.attributes
                0x00000084       0x32 C:/ST/STM32CubeCLT_1.17.0/GNU-tools-for-STM32/bin/../lib/gcc/arm-none-eabi/12.3.1/../../../../arm-none-eabi/lib/thumb/v7e-m+dp/hard\libc_nano.a(libc_a-memset.o)
 .ARM.attributes
                0x000000b6       0x32 C:/ST/STM32CubeCLT_1.17.0/GNU-tools-for-STM32/bin/../lib/gcc/arm-none-eabi/12.3.1/../../../../arm-none-eabi/lib/thumb/v7e-m+dp/hard\libc_nano.a(libc_a-impure.o)
 .ARM.attributes
                0x000000e8       0x32 C:/ST/STM32CubeCLT_1.17.0/GNU-tools-for-STM32/bin/../lib/gcc/arm-none-eabi/12.3.1/../../../../arm-none-eabi/lib/thumb/v7e-m+dp/hard\libc_nano.a(libc_a-init.o)
 .ARM.attributes
                0x0000011a       0x32 CMakeFiles/pfc3van.dir/Core/Src/main.c.obj
 .ARM.attributes
                0x0000014c       0x32 CMakeFiles/pfc3van.dir/Core/Src/stm32f7xx_it.c.obj
 .ARM.attributes
                0x0000017e       0x32 CMakeFiles/pfc3van.dir/Core/Src/stm32f7xx_hal_msp.c.obj
 .ARM.attributes
                0x000001b0       0x32 CMakeFiles/pfc3van.dir/Drivers/STM32F7xx_HAL_Driver/Src/stm32f7xx_hal_adc.c.obj
 .ARM.attributes
                0x000001e2       0x32 CMakeFiles/pfc3van.dir/Drivers/STM32F7xx_HAL_Driver/Src/stm32f7xx_hal_rcc.c.obj
 .ARM.attributes
                0x00000214       0x32 CMakeFiles/pfc3van.dir/Drivers/STM32F7xx_HAL_Driver/Src/stm32f7xx_hal_rcc_ex.c.obj
 .ARM.attributes
                0x00000246       0x32 CMakeFiles/pfc3van.dir/Drivers/STM32F7xx_HAL_Driver/Src/stm32f7xx_hal_gpio.c.obj
 .ARM.attributes
                0x00000278       0x32 CMakeFiles/pfc3van.dir/Drivers/STM32F7xx_HAL_Driver/Src/stm32f7xx_hal_dma.c.obj
 .ARM.attributes
                0x000002aa       0x32 CMakeFiles/pfc3van.dir/Drivers/STM32F7xx_HAL_Driver/Src/stm32f7xx_hal_pwr.c.obj
 .ARM.attributes
                0x000002dc       0x32 CMakeFiles/pfc3van.dir/Drivers/STM32F7xx_HAL_Driver/Src/stm32f7xx_hal_pwr_ex.c.obj
 .ARM.attributes
                0x0000030e       0x32 CMakeFiles/pfc3van.dir/Drivers/STM32F7xx_HAL_Driver/Src/stm32f7xx_hal_cortex.c.obj
 .ARM.attributes
                0x00000340       0x32 CMakeFiles/pfc3van.dir/Drivers/STM32F7xx_HAL_Driver/Src/stm32f7xx_hal.c.obj
 .ARM.attributes
                0x00000372       0x32 CMakeFiles/pfc3van.dir/Drivers/STM32F7xx_HAL_Driver/Src/stm32f7xx_hal_tim.c.obj
 .ARM.attributes
                0x000003a4       0x32 CMakeFiles/pfc3van.dir/Drivers/STM32F7xx_HAL_Driver/Src/stm32f7xx_hal_tim_ex.c.obj
 .ARM.attributes
                0x000003d6       0x32 CMakeFiles/pfc3van.dir/Drivers/STM32F7xx_HAL_Driver/Src/stm32f7xx_hal_uart.c.obj
 .ARM.attributes
                0x00000408       0x32 CMakeFiles/pfc3van.dir/Core/Src/system_stm32f7xx.c.obj
 .ARM.attributes
                0x0000043a       0x21 CMakeFiles/pfc3van.dir/startup_stm32f767xx.s.obj
 .ARM.attributes
                0x0000045b       0x32 ctrl_ez\ARMCortex-M\_ref\ctrl_ez\libctrl_ez_rtwlib.a(ctrl_ez.c.obj)
 .ARM.attributes
                0x0000048d       0x32 Core\dsogi_3phpll\libdsogi_pll.a(dsogi_3phpll.c.obj)
 .ARM.attributes
                0x000004bf       0x32 C:\Users\Angel\Desktop\hil\pfc3ph\stf7\stf7\pfc3van\Drivers\CMSIS\Lib\GCC\libCMSISDSP.a(BasicMathFunctions.c.obj)
 .ARM.attributes
                0x000004f1       0x32 ARMCortex-M\_shared\librtwshared.a(const_params.c.obj)
 .ARM.attributes
                0x00000523       0x32 ARMCortex-M\_shared\librtwshared.a(intrp1d_fu32fl.c.obj)
 .ARM.attributes
                0x00000555       0x32 ARMCortex-M\_shared\librtwshared.a(plook_u32ff_evenc.c.obj)
 .ARM.attributes
                0x00000587       0x20 C:/ST/STM32CubeCLT_1.17.0/GNU-tools-for-STM32/bin/../lib/gcc/arm-none-eabi/12.3.1/thumb/v7e-m+dp/hard\libgcc.a(_aeabi_uldivmod.o)
 .ARM.attributes
                0x000005a7       0x32 C:/ST/STM32CubeCLT_1.17.0/GNU-tools-for-STM32/bin/../lib/gcc/arm-none-eabi/12.3.1/thumb/v7e-m+dp/hard\libgcc.a(_udivmoddi4.o)
 .ARM.attributes
                0x000005d9       0x20 C:/ST/STM32CubeCLT_1.17.0/GNU-tools-for-STM32/bin/../lib/gcc/arm-none-eabi/12.3.1/thumb/v7e-m+dp/hard\libgcc.a(_dvmd_tls.o)
 .ARM.attributes
                0x000005f9       0x32 C:/ST/STM32CubeCLT_1.17.0/GNU-tools-for-STM32/bin/../lib/gcc/arm-none-eabi/12.3.1/../../../../arm-none-eabi/lib/thumb/v7e-m+dp/hard\libg_nano.a(libc_a-errno.o)
 .ARM.attributes
                0x0000062b       0x20 C:/ST/STM32CubeCLT_1.17.0/GNU-tools-for-STM32/bin/../lib/gcc/arm-none-eabi/12.3.1/thumb/v7e-m+dp/hard/crtn.o
 .ARM.attributes
                0x0000064b       0x32 C:/ST/STM32CubeCLT_1.17.0/GNU-tools-for-STM32/bin/../lib/gcc/arm-none-eabi/12.3.1/../../../../arm-none-eabi/lib/thumb/v7e-m+dp/hard\libm.a(libm_a-w_fmod.o)
 .ARM.attributes
                0x0000067d       0x32 C:/ST/STM32CubeCLT_1.17.0/GNU-tools-for-STM32/bin/../lib/gcc/arm-none-eabi/12.3.1/../../../../arm-none-eabi/lib/thumb/v7e-m+dp/hard\libm.a(libm_a-s_sin.o)
 .ARM.attributes
                0x000006af       0x32 C:/ST/STM32CubeCLT_1.17.0/GNU-tools-for-STM32/bin/../lib/gcc/arm-none-eabi/12.3.1/../../../../arm-none-eabi/lib/thumb/v7e-m+dp/hard\libm.a(libm_a-k_cos.o)
 .ARM.attributes
                0x000006e1       0x32 C:/ST/STM32CubeCLT_1.17.0/GNU-tools-for-STM32/bin/../lib/gcc/arm-none-eabi/12.3.1/../../../../arm-none-eabi/lib/thumb/v7e-m+dp/hard\libm.a(libm_a-k_sin.o)
 .ARM.attributes
                0x00000713       0x32 C:/ST/STM32CubeCLT_1.17.0/GNU-tools-for-STM32/bin/../lib/gcc/arm-none-eabi/12.3.1/../../../../arm-none-eabi/lib/thumb/v7e-m+dp/hard\libm.a(libm_a-e_fmod.o)
 .ARM.attributes
                0x00000745       0x32 C:/ST/STM32CubeCLT_1.17.0/GNU-tools-for-STM32/bin/../lib/gcc/arm-none-eabi/12.3.1/../../../../arm-none-eabi/lib/thumb/v7e-m+dp/hard\libm.a(libm_a-e_rem_pio2.o)
 .ARM.attributes
                0x00000777       0x32 C:/ST/STM32CubeCLT_1.17.0/GNU-tools-for-STM32/bin/../lib/gcc/arm-none-eabi/12.3.1/../../../../arm-none-eabi/lib/thumb/v7e-m+dp/hard\libm.a(libm_a-s_fabs.o)
 .ARM.attributes
                0x000007a9       0x32 C:/ST/STM32CubeCLT_1.17.0/GNU-tools-for-STM32/bin/../lib/gcc/arm-none-eabi/12.3.1/../../../../arm-none-eabi/lib/thumb/v7e-m+dp/hard\libm.a(libm_a-k_rem_pio2.o)
 .ARM.attributes
                0x000007db       0x32 C:/ST/STM32CubeCLT_1.17.0/GNU-tools-for-STM32/bin/../lib/gcc/arm-none-eabi/12.3.1/../../../../arm-none-eabi/lib/thumb/v7e-m+dp/hard\libm.a(libm_a-s_scalbn.o)
 .ARM.attributes
                0x0000080d       0x32 C:/ST/STM32CubeCLT_1.17.0/GNU-tools-for-STM32/bin/../lib/gcc/arm-none-eabi/12.3.1/../../../../arm-none-eabi/lib/thumb/v7e-m+dp/hard\libm.a(libm_a-s_floor.o)

.comment        0x00000000       0x43
 .comment       0x00000000       0x43 CMakeFiles/pfc3van.dir/Core/Src/main.c.obj
                                 0x44 (size before relaxing)
 .comment       0x00000043       0x44 CMakeFiles/pfc3van.dir/Core/Src/stm32f7xx_it.c.obj
 .comment       0x00000043       0x44 CMakeFiles/pfc3van.dir/Core/Src/stm32f7xx_hal_msp.c.obj
 .comment       0x00000043       0x44 CMakeFiles/pfc3van.dir/Drivers/STM32F7xx_HAL_Driver/Src/stm32f7xx_hal_adc.c.obj
 .comment       0x00000043       0x44 CMakeFiles/pfc3van.dir/Drivers/STM32F7xx_HAL_Driver/Src/stm32f7xx_hal_rcc.c.obj
 .comment       0x00000043       0x44 CMakeFiles/pfc3van.dir/Drivers/STM32F7xx_HAL_Driver/Src/stm32f7xx_hal_rcc_ex.c.obj
 .comment       0x00000043       0x44 CMakeFiles/pfc3van.dir/Drivers/STM32F7xx_HAL_Driver/Src/stm32f7xx_hal_gpio.c.obj
 .comment       0x00000043       0x44 CMakeFiles/pfc3van.dir/Drivers/STM32F7xx_HAL_Driver/Src/stm32f7xx_hal_dma.c.obj
 .comment       0x00000043       0x44 CMakeFiles/pfc3van.dir/Drivers/STM32F7xx_HAL_Driver/Src/stm32f7xx_hal_pwr.c.obj
 .comment       0x00000043       0x44 CMakeFiles/pfc3van.dir/Drivers/STM32F7xx_HAL_Driver/Src/stm32f7xx_hal_pwr_ex.c.obj
 .comment       0x00000043       0x44 CMakeFiles/pfc3van.dir/Drivers/STM32F7xx_HAL_Driver/Src/stm32f7xx_hal_cortex.c.obj
 .comment       0x00000043       0x44 CMakeFiles/pfc3van.dir/Drivers/STM32F7xx_HAL_Driver/Src/stm32f7xx_hal.c.obj
 .comment       0x00000043       0x44 CMakeFiles/pfc3van.dir/Drivers/STM32F7xx_HAL_Driver/Src/stm32f7xx_hal_tim.c.obj
 .comment       0x00000043       0x44 CMakeFiles/pfc3van.dir/Drivers/STM32F7xx_HAL_Driver/Src/stm32f7xx_hal_tim_ex.c.obj
 .comment       0x00000043       0x44 CMakeFiles/pfc3van.dir/Drivers/STM32F7xx_HAL_Driver/Src/stm32f7xx_hal_uart.c.obj
 .comment       0x00000043       0x44 CMakeFiles/pfc3van.dir/Core/Src/system_stm32f7xx.c.obj
 .comment       0x00000043       0x44 ctrl_ez\ARMCortex-M\_ref\ctrl_ez\libctrl_ez_rtwlib.a(ctrl_ez.c.obj)
 .comment       0x00000043       0x44 Core\dsogi_3phpll\libdsogi_pll.a(dsogi_3phpll.c.obj)
 .comment       0x00000043       0x44 C:\Users\Angel\Desktop\hil\pfc3ph\stf7\stf7\pfc3van\Drivers\CMSIS\Lib\GCC\libCMSISDSP.a(BasicMathFunctions.c.obj)
 .comment       0x00000043       0x44 ARMCortex-M\_shared\librtwshared.a(const_params.c.obj)
 .comment       0x00000043       0x44 ARMCortex-M\_shared\librtwshared.a(intrp1d_fu32fl.c.obj)
 .comment       0x00000043       0x44 ARMCortex-M\_shared\librtwshared.a(plook_u32ff_evenc.c.obj)
 .comment       0x00000043       0x44 C:/ST/STM32CubeCLT_1.17.0/GNU-tools-for-STM32/bin/../lib/gcc/arm-none-eabi/12.3.1/../../../../arm-none-eabi/lib/thumb/v7e-m+dp/hard\libg_nano.a(libc_a-errno.o)

.debug_frame    0x00000000     0x32cc
 .debug_frame   0x00000000      0x144 C:/ST/STM32CubeCLT_1.17.0/GNU-tools-for-STM32/bin/../lib/gcc/arm-none-eabi/12.3.1/../../../../arm-none-eabi/lib/thumb/v7e-m+dp/hard\libc_nano.a(libc_a-findfp.o)
 .debug_frame   0x00000144       0x20 C:/ST/STM32CubeCLT_1.17.0/GNU-tools-for-STM32/bin/../lib/gcc/arm-none-eabi/12.3.1/../../../../arm-none-eabi/lib/thumb/v7e-m+dp/hard\libc_nano.a(libc_a-memset.o)
 .debug_frame   0x00000164       0x2c C:/ST/STM32CubeCLT_1.17.0/GNU-tools-for-STM32/bin/../lib/gcc/arm-none-eabi/12.3.1/../../../../arm-none-eabi/lib/thumb/v7e-m+dp/hard\libc_nano.a(libc_a-init.o)
 .debug_frame   0x00000190       0x60 CMakeFiles/pfc3van.dir/Core/Src/main.c.obj
 .debug_frame   0x000001f0      0x1a8 CMakeFiles/pfc3van.dir/Core/Src/stm32f7xx_it.c.obj
 .debug_frame   0x00000398      0x140 CMakeFiles/pfc3van.dir/Core/Src/stm32f7xx_hal_msp.c.obj
 .debug_frame   0x000004d8      0x2b0 CMakeFiles/pfc3van.dir/Drivers/STM32F7xx_HAL_Driver/Src/stm32f7xx_hal_adc.c.obj
 .debug_frame   0x00000788      0x19c CMakeFiles/pfc3van.dir/Drivers/STM32F7xx_HAL_Driver/Src/stm32f7xx_hal_rcc.c.obj
 .debug_frame   0x00000924       0xd4 CMakeFiles/pfc3van.dir/Drivers/STM32F7xx_HAL_Driver/Src/stm32f7xx_hal_rcc_ex.c.obj
 .debug_frame   0x000009f8       0xe0 CMakeFiles/pfc3van.dir/Drivers/STM32F7xx_HAL_Driver/Src/stm32f7xx_hal_gpio.c.obj
 .debug_frame   0x00000ad8      0x178 CMakeFiles/pfc3van.dir/Drivers/STM32F7xx_HAL_Driver/Src/stm32f7xx_hal_dma.c.obj
 .debug_frame   0x00000c50      0x140 CMakeFiles/pfc3van.dir/Drivers/STM32F7xx_HAL_Driver/Src/stm32f7xx_hal_pwr.c.obj
 .debug_frame   0x00000d90      0x15c CMakeFiles/pfc3van.dir/Drivers/STM32F7xx_HAL_Driver/Src/stm32f7xx_hal_pwr_ex.c.obj
 .debug_frame   0x00000eec      0x16c CMakeFiles/pfc3van.dir/Drivers/STM32F7xx_HAL_Driver/Src/stm32f7xx_hal_cortex.c.obj
 .debug_frame   0x00001058      0x230 CMakeFiles/pfc3van.dir/Drivers/STM32F7xx_HAL_Driver/Src/stm32f7xx_hal.c.obj
 .debug_frame   0x00001288      0xb54 CMakeFiles/pfc3van.dir/Drivers/STM32F7xx_HAL_Driver/Src/stm32f7xx_hal_tim.c.obj
 .debug_frame   0x00001ddc      0x438 CMakeFiles/pfc3van.dir/Drivers/STM32F7xx_HAL_Driver/Src/stm32f7xx_hal_tim_ex.c.obj
 .debug_frame   0x00002214      0x660 CMakeFiles/pfc3van.dir/Drivers/STM32F7xx_HAL_Driver/Src/stm32f7xx_hal_uart.c.obj
 .debug_frame   0x00002874       0x30 CMakeFiles/pfc3van.dir/Core/Src/system_stm32f7xx.c.obj
 .debug_frame   0x000028a4       0x88 ctrl_ez\ARMCortex-M\_ref\ctrl_ez\libctrl_ez_rtwlib.a(ctrl_ez.c.obj)
 .debug_frame   0x0000292c       0x6c Core\dsogi_3phpll\libdsogi_pll.a(dsogi_3phpll.c.obj)
 .debug_frame   0x00002998      0x678 C:\Users\Angel\Desktop\hil\pfc3ph\stf7\stf7\pfc3van\Drivers\CMSIS\Lib\GCC\libCMSISDSP.a(BasicMathFunctions.c.obj)
 .debug_frame   0x00003010       0x20 ARMCortex-M\_shared\librtwshared.a(intrp1d_fu32fl.c.obj)
 .debug_frame   0x00003030       0x20 ARMCortex-M\_shared\librtwshared.a(plook_u32ff_evenc.c.obj)
 .debug_frame   0x00003050       0x2c C:/ST/STM32CubeCLT_1.17.0/GNU-tools-for-STM32/bin/../lib/gcc/arm-none-eabi/12.3.1/thumb/v7e-m+dp/hard\libgcc.a(_aeabi_uldivmod.o)
 .debug_frame   0x0000307c       0x34 C:/ST/STM32CubeCLT_1.17.0/GNU-tools-for-STM32/bin/../lib/gcc/arm-none-eabi/12.3.1/thumb/v7e-m+dp/hard\libgcc.a(_udivmoddi4.o)
 .debug_frame   0x000030b0       0x20 C:/ST/STM32CubeCLT_1.17.0/GNU-tools-for-STM32/bin/../lib/gcc/arm-none-eabi/12.3.1/../../../../arm-none-eabi/lib/thumb/v7e-m+dp/hard\libg_nano.a(libc_a-errno.o)
 .debug_frame   0x000030d0       0x44 C:/ST/STM32CubeCLT_1.17.0/GNU-tools-for-STM32/bin/../lib/gcc/arm-none-eabi/12.3.1/../../../../arm-none-eabi/lib/thumb/v7e-m+dp/hard\libm.a(libm_a-w_fmod.o)
 .debug_frame   0x00003114       0x38 C:/ST/STM32CubeCLT_1.17.0/GNU-tools-for-STM32/bin/../lib/gcc/arm-none-eabi/12.3.1/../../../../arm-none-eabi/lib/thumb/v7e-m+dp/hard\libm.a(libm_a-s_sin.o)
 .debug_frame   0x0000314c       0x20 C:/ST/STM32CubeCLT_1.17.0/GNU-tools-for-STM32/bin/../lib/gcc/arm-none-eabi/12.3.1/../../../../arm-none-eabi/lib/thumb/v7e-m+dp/hard\libm.a(libm_a-k_cos.o)
 .debug_frame   0x0000316c       0x20 C:/ST/STM32CubeCLT_1.17.0/GNU-tools-for-STM32/bin/../lib/gcc/arm-none-eabi/12.3.1/../../../../arm-none-eabi/lib/thumb/v7e-m+dp/hard\libm.a(libm_a-k_sin.o)
 .debug_frame   0x0000318c       0x38 C:/ST/STM32CubeCLT_1.17.0/GNU-tools-for-STM32/bin/../lib/gcc/arm-none-eabi/12.3.1/../../../../arm-none-eabi/lib/thumb/v7e-m+dp/hard\libm.a(libm_a-e_fmod.o)
 .debug_frame   0x000031c4       0x34 C:/ST/STM32CubeCLT_1.17.0/GNU-tools-for-STM32/bin/../lib/gcc/arm-none-eabi/12.3.1/../../../../arm-none-eabi/lib/thumb/v7e-m+dp/hard\libm.a(libm_a-e_rem_pio2.o)
 .debug_frame   0x000031f8       0x20 C:/ST/STM32CubeCLT_1.17.0/GNU-tools-for-STM32/bin/../lib/gcc/arm-none-eabi/12.3.1/../../../../arm-none-eabi/lib/thumb/v7e-m+dp/hard\libm.a(libm_a-s_fabs.o)
 .debug_frame   0x00003218       0x68 C:/ST/STM32CubeCLT_1.17.0/GNU-tools-for-STM32/bin/../lib/gcc/arm-none-eabi/12.3.1/../../../../arm-none-eabi/lib/thumb/v7e-m+dp/hard\libm.a(libm_a-k_rem_pio2.o)
 .debug_frame   0x00003280       0x20 C:/ST/STM32CubeCLT_1.17.0/GNU-tools-for-STM32/bin/../lib/gcc/arm-none-eabi/12.3.1/../../../../arm-none-eabi/lib/thumb/v7e-m+dp/hard\libm.a(libm_a-s_scalbn.o)
 .debug_frame   0x000032a0       0x2c C:/ST/STM32CubeCLT_1.17.0/GNU-tools-for-STM32/bin/../lib/gcc/arm-none-eabi/12.3.1/../../../../arm-none-eabi/lib/thumb/v7e-m+dp/hard\libm.a(libm_a-s_floor.o)

.debug_info     0x00000000    0x1e8a9
 .debug_info    0x00000000     0x2e70 CMakeFiles/pfc3van.dir/Core/Src/main.c.obj
 .debug_info    0x00002e70     0x186f CMakeFiles/pfc3van.dir/Core/Src/stm32f7xx_it.c.obj
 .debug_info    0x000046df     0x1d46 CMakeFiles/pfc3van.dir/Core/Src/stm32f7xx_hal_msp.c.obj
 .debug_info    0x00006425      0xdef CMakeFiles/pfc3van.dir/Drivers/STM32F7xx_HAL_Driver/Src/stm32f7xx_hal_adc.c.obj
 .debug_info    0x00007214      0xbe5 CMakeFiles/pfc3van.dir/Drivers/STM32F7xx_HAL_Driver/Src/stm32f7xx_hal_rcc.c.obj
 .debug_info    0x00007df9      0x80e CMakeFiles/pfc3van.dir/Drivers/STM32F7xx_HAL_Driver/Src/stm32f7xx_hal_rcc_ex.c.obj
 .debug_info    0x00008607      0x738 CMakeFiles/pfc3van.dir/Drivers/STM32F7xx_HAL_Driver/Src/stm32f7xx_hal_gpio.c.obj
 .debug_info    0x00008d3f      0xb08 CMakeFiles/pfc3van.dir/Drivers/STM32F7xx_HAL_Driver/Src/stm32f7xx_hal_dma.c.obj
 .debug_info    0x00009847      0x934 CMakeFiles/pfc3van.dir/Drivers/STM32F7xx_HAL_Driver/Src/stm32f7xx_hal_pwr.c.obj
 .debug_info    0x0000a17b      0x9a6 CMakeFiles/pfc3van.dir/Drivers/STM32F7xx_HAL_Driver/Src/stm32f7xx_hal_pwr_ex.c.obj
 .debug_info    0x0000ab21     0x1253 CMakeFiles/pfc3van.dir/Drivers/STM32F7xx_HAL_Driver/Src/stm32f7xx_hal_cortex.c.obj
 .debug_info    0x0000bd74      0xb1f CMakeFiles/pfc3van.dir/Drivers/STM32F7xx_HAL_Driver/Src/stm32f7xx_hal.c.obj
 .debug_info    0x0000c893     0x4880 CMakeFiles/pfc3van.dir/Drivers/STM32F7xx_HAL_Driver/Src/stm32f7xx_hal_tim.c.obj
 .debug_info    0x00011113     0x1d12 CMakeFiles/pfc3van.dir/Drivers/STM32F7xx_HAL_Driver/Src/stm32f7xx_hal_tim_ex.c.obj
 .debug_info    0x00012e25     0x50db CMakeFiles/pfc3van.dir/Drivers/STM32F7xx_HAL_Driver/Src/stm32f7xx_hal_uart.c.obj
 .debug_info    0x00017f00      0x702 CMakeFiles/pfc3van.dir/Core/Src/system_stm32f7xx.c.obj
 .debug_info    0x00018602       0x30 CMakeFiles/pfc3van.dir/startup_stm32f767xx.s.obj
 .debug_info    0x00018632      0xa76 ctrl_ez\ARMCortex-M\_ref\ctrl_ez\libctrl_ez_rtwlib.a(ctrl_ez.c.obj)
 .debug_info    0x000190a8      0x59d Core\dsogi_3phpll\libdsogi_pll.a(dsogi_3phpll.c.obj)
 .debug_info    0x00019645     0x481b C:\Users\Angel\Desktop\hil\pfc3ph\stf7\stf7\pfc3van\Drivers\CMSIS\Lib\GCC\libCMSISDSP.a(BasicMathFunctions.c.obj)
 .debug_info    0x0001de60      0x11f ARMCortex-M\_shared\librtwshared.a(const_params.c.obj)
 .debug_info    0x0001df7f       0xf8 ARMCortex-M\_shared\librtwshared.a(intrp1d_fu32fl.c.obj)
 .debug_info    0x0001e077      0x137 ARMCortex-M\_shared\librtwshared.a(plook_u32ff_evenc.c.obj)
 .debug_info    0x0001e1ae      0x6fb C:/ST/STM32CubeCLT_1.17.0/GNU-tools-for-STM32/bin/../lib/gcc/arm-none-eabi/12.3.1/../../../../arm-none-eabi/lib/thumb/v7e-m+dp/hard\libg_nano.a(libc_a-errno.o)

.debug_abbrev   0x00000000     0x367f
 .debug_abbrev  0x00000000      0x375 CMakeFiles/pfc3van.dir/Core/Src/main.c.obj
 .debug_abbrev  0x00000375      0x339 CMakeFiles/pfc3van.dir/Core/Src/stm32f7xx_it.c.obj
 .debug_abbrev  0x000006ae      0x2a7 CMakeFiles/pfc3van.dir/Core/Src/stm32f7xx_hal_msp.c.obj
 .debug_abbrev  0x00000955      0x2ce CMakeFiles/pfc3van.dir/Drivers/STM32F7xx_HAL_Driver/Src/stm32f7xx_hal_adc.c.obj
 .debug_abbrev  0x00000c23      0x344 CMakeFiles/pfc3van.dir/Drivers/STM32F7xx_HAL_Driver/Src/stm32f7xx_hal_rcc.c.obj
 .debug_abbrev  0x00000f67      0x1e1 CMakeFiles/pfc3van.dir/Drivers/STM32F7xx_HAL_Driver/Src/stm32f7xx_hal_rcc_ex.c.obj
 .debug_abbrev  0x00001148      0x213 CMakeFiles/pfc3van.dir/Drivers/STM32F7xx_HAL_Driver/Src/stm32f7xx_hal_gpio.c.obj
 .debug_abbrev  0x0000135b      0x31c CMakeFiles/pfc3van.dir/Drivers/STM32F7xx_HAL_Driver/Src/stm32f7xx_hal_dma.c.obj
 .debug_abbrev  0x00001677      0x1d0 CMakeFiles/pfc3van.dir/Drivers/STM32F7xx_HAL_Driver/Src/stm32f7xx_hal_pwr.c.obj
 .debug_abbrev  0x00001847      0x1ed CMakeFiles/pfc3van.dir/Drivers/STM32F7xx_HAL_Driver/Src/stm32f7xx_hal_pwr_ex.c.obj
 .debug_abbrev  0x00001a34      0x387 CMakeFiles/pfc3van.dir/Drivers/STM32F7xx_HAL_Driver/Src/stm32f7xx_hal_cortex.c.obj
 .debug_abbrev  0x00001dbb      0x282 CMakeFiles/pfc3van.dir/Drivers/STM32F7xx_HAL_Driver/Src/stm32f7xx_hal.c.obj
 .debug_abbrev  0x0000203d      0x3a7 CMakeFiles/pfc3van.dir/Drivers/STM32F7xx_HAL_Driver/Src/stm32f7xx_hal_tim.c.obj
 .debug_abbrev  0x000023e4      0x349 CMakeFiles/pfc3van.dir/Drivers/STM32F7xx_HAL_Driver/Src/stm32f7xx_hal_tim_ex.c.obj
 .debug_abbrev  0x0000272d      0x44c CMakeFiles/pfc3van.dir/Drivers/STM32F7xx_HAL_Driver/Src/stm32f7xx_hal_uart.c.obj
 .debug_abbrev  0x00002b79      0x13f CMakeFiles/pfc3van.dir/Core/Src/system_stm32f7xx.c.obj
 .debug_abbrev  0x00002cb8       0x24 CMakeFiles/pfc3van.dir/startup_stm32f767xx.s.obj
 .debug_abbrev  0x00002cdc      0x2bf ctrl_ez\ARMCortex-M\_ref\ctrl_ez\libctrl_ez_rtwlib.a(ctrl_ez.c.obj)
 .debug_abbrev  0x00002f9b      0x179 Core\dsogi_3phpll\libdsogi_pll.a(dsogi_3phpll.c.obj)
 .debug_abbrev  0x00003114      0x25a C:\Users\Angel\Desktop\hil\pfc3ph\stf7\stf7\pfc3van\Drivers\CMSIS\Lib\GCC\libCMSISDSP.a(BasicMathFunctions.c.obj)
 .debug_abbrev  0x0000336e       0x62 ARMCortex-M\_shared\librtwshared.a(const_params.c.obj)
 .debug_abbrev  0x000033d0       0xa1 ARMCortex-M\_shared\librtwshared.a(intrp1d_fu32fl.c.obj)
 .debug_abbrev  0x00003471       0xb0 ARMCortex-M\_shared\librtwshared.a(plook_u32ff_evenc.c.obj)
 .debug_abbrev  0x00003521      0x15e C:/ST/STM32CubeCLT_1.17.0/GNU-tools-for-STM32/bin/../lib/gcc/arm-none-eabi/12.3.1/../../../../arm-none-eabi/lib/thumb/v7e-m+dp/hard\libg_nano.a(libc_a-errno.o)

.debug_aranges  0x00000000     0x1108
 .debug_aranges
                0x00000000       0x30 CMakeFiles/pfc3van.dir/Core/Src/main.c.obj
 .debug_aranges
                0x00000030       0xb8 CMakeFiles/pfc3van.dir/Core/Src/stm32f7xx_it.c.obj
 .debug_aranges
                0x000000e8       0x58 CMakeFiles/pfc3van.dir/Core/Src/stm32f7xx_hal_msp.c.obj
 .debug_aranges
                0x00000140       0xe0 CMakeFiles/pfc3van.dir/Drivers/STM32F7xx_HAL_Driver/Src/stm32f7xx_hal_adc.c.obj
 .debug_aranges
                0x00000220       0x88 CMakeFiles/pfc3van.dir/Drivers/STM32F7xx_HAL_Driver/Src/stm32f7xx_hal_rcc.c.obj
 .debug_aranges
                0x000002a8       0x50 CMakeFiles/pfc3van.dir/Drivers/STM32F7xx_HAL_Driver/Src/stm32f7xx_hal_rcc_ex.c.obj
 .debug_aranges
                0x000002f8       0x58 CMakeFiles/pfc3van.dir/Drivers/STM32F7xx_HAL_Driver/Src/stm32f7xx_hal_gpio.c.obj
 .debug_aranges
                0x00000350       0x78 CMakeFiles/pfc3van.dir/Drivers/STM32F7xx_HAL_Driver/Src/stm32f7xx_hal_dma.c.obj
 .debug_aranges
                0x000003c8       0xa0 CMakeFiles/pfc3van.dir/Drivers/STM32F7xx_HAL_Driver/Src/stm32f7xx_hal_pwr.c.obj
 .debug_aranges
                0x00000468       0x80 CMakeFiles/pfc3van.dir/Drivers/STM32F7xx_HAL_Driver/Src/stm32f7xx_hal_pwr_ex.c.obj
 .debug_aranges
                0x000004e8       0xb8 CMakeFiles/pfc3van.dir/Drivers/STM32F7xx_HAL_Driver/Src/stm32f7xx_hal_cortex.c.obj
 .debug_aranges
                0x000005a0      0x110 CMakeFiles/pfc3van.dir/Drivers/STM32F7xx_HAL_Driver/Src/stm32f7xx_hal.c.obj
 .debug_aranges
                0x000006b0      0x3b0 CMakeFiles/pfc3van.dir/Drivers/STM32F7xx_HAL_Driver/Src/stm32f7xx_hal_tim.c.obj
 .debug_aranges
                0x00000a60      0x178 CMakeFiles/pfc3van.dir/Drivers/STM32F7xx_HAL_Driver/Src/stm32f7xx_hal_tim_ex.c.obj
 .debug_aranges
                0x00000bd8      0x220 CMakeFiles/pfc3van.dir/Drivers/STM32F7xx_HAL_Driver/Src/stm32f7xx_hal_uart.c.obj
 .debug_aranges
                0x00000df8       0x28 CMakeFiles/pfc3van.dir/Core/Src/system_stm32f7xx.c.obj
 .debug_aranges
                0x00000e20       0x28 CMakeFiles/pfc3van.dir/startup_stm32f767xx.s.obj
 .debug_aranges
                0x00000e48       0x28 ctrl_ez\ARMCortex-M\_ref\ctrl_ez\libctrl_ez_rtwlib.a(ctrl_ez.c.obj)
 .debug_aranges
                0x00000e70       0x30 Core\dsogi_3phpll\libdsogi_pll.a(dsogi_3phpll.c.obj)
 .debug_aranges
                0x00000ea0      0x1f0 C:\Users\Angel\Desktop\hil\pfc3ph\stf7\stf7\pfc3van\Drivers\CMSIS\Lib\GCC\libCMSISDSP.a(BasicMathFunctions.c.obj)
 .debug_aranges
                0x00001090       0x18 ARMCortex-M\_shared\librtwshared.a(const_params.c.obj)
 .debug_aranges
                0x000010a8       0x20 ARMCortex-M\_shared\librtwshared.a(intrp1d_fu32fl.c.obj)
 .debug_aranges
                0x000010c8       0x20 ARMCortex-M\_shared\librtwshared.a(plook_u32ff_evenc.c.obj)
 .debug_aranges
                0x000010e8       0x20 C:/ST/STM32CubeCLT_1.17.0/GNU-tools-for-STM32/bin/../lib/gcc/arm-none-eabi/12.3.1/../../../../arm-none-eabi/lib/thumb/v7e-m+dp/hard\libg_nano.a(libc_a-errno.o)

.debug_rnglists
                0x00000000     0x1ac9
 .debug_rnglists
                0x00000000       0x98 CMakeFiles/pfc3van.dir/Core/Src/main.c.obj
 .debug_rnglists
                0x00000098       0x9f CMakeFiles/pfc3van.dir/Core/Src/stm32f7xx_it.c.obj
 .debug_rnglists
                0x00000137      0x11d CMakeFiles/pfc3van.dir/Core/Src/stm32f7xx_hal_msp.c.obj
 .debug_rnglists
                0x00000254       0xcb CMakeFiles/pfc3van.dir/Drivers/STM32F7xx_HAL_Driver/Src/stm32f7xx_hal_adc.c.obj
 .debug_rnglists
                0x0000031f       0xc9 CMakeFiles/pfc3van.dir/Drivers/STM32F7xx_HAL_Driver/Src/stm32f7xx_hal_rcc.c.obj
 .debug_rnglists
                0x000003e8       0x46 CMakeFiles/pfc3van.dir/Drivers/STM32F7xx_HAL_Driver/Src/stm32f7xx_hal_rcc_ex.c.obj
 .debug_rnglists
                0x0000042e       0x5a CMakeFiles/pfc3van.dir/Drivers/STM32F7xx_HAL_Driver/Src/stm32f7xx_hal_gpio.c.obj
 .debug_rnglists
                0x00000488       0xb5 CMakeFiles/pfc3van.dir/Drivers/STM32F7xx_HAL_Driver/Src/stm32f7xx_hal_dma.c.obj
 .debug_rnglists
                0x0000053d       0x73 CMakeFiles/pfc3van.dir/Drivers/STM32F7xx_HAL_Driver/Src/stm32f7xx_hal_pwr.c.obj
 .debug_rnglists
                0x000005b0       0xae CMakeFiles/pfc3van.dir/Drivers/STM32F7xx_HAL_Driver/Src/stm32f7xx_hal_pwr_ex.c.obj
 .debug_rnglists
                0x0000065e       0xee CMakeFiles/pfc3van.dir/Drivers/STM32F7xx_HAL_Driver/Src/stm32f7xx_hal_cortex.c.obj
 .debug_rnglists
                0x0000074c       0xc7 CMakeFiles/pfc3van.dir/Drivers/STM32F7xx_HAL_Driver/Src/stm32f7xx_hal.c.obj
 .debug_rnglists
                0x00000813      0x4e7 CMakeFiles/pfc3van.dir/Drivers/STM32F7xx_HAL_Driver/Src/stm32f7xx_hal_tim.c.obj
 .debug_rnglists
                0x00000cfa      0x1ed CMakeFiles/pfc3van.dir/Drivers/STM32F7xx_HAL_Driver/Src/stm32f7xx_hal_tim_ex.c.obj
 .debug_rnglists
                0x00000ee7      0x31d CMakeFiles/pfc3van.dir/Drivers/STM32F7xx_HAL_Driver/Src/stm32f7xx_hal_uart.c.obj
 .debug_rnglists
                0x00001204       0x19 CMakeFiles/pfc3van.dir/Core/Src/system_stm32f7xx.c.obj
 .debug_rnglists
                0x0000121d       0x19 CMakeFiles/pfc3van.dir/startup_stm32f767xx.s.obj
 .debug_rnglists
                0x00001236       0x34 ctrl_ez\ARMCortex-M\_ref\ctrl_ez\libctrl_ez_rtwlib.a(ctrl_ez.c.obj)
 .debug_rnglists
                0x0000126a       0x75 Core\dsogi_3phpll\libdsogi_pll.a(dsogi_3phpll.c.obj)
 .debug_rnglists
                0x000012df      0x7b1 C:\Users\Angel\Desktop\hil\pfc3ph\stf7\stf7\pfc3van\Drivers\CMSIS\Lib\GCC\libCMSISDSP.a(BasicMathFunctions.c.obj)
 .debug_rnglists
                0x00001a90       0x13 ARMCortex-M\_shared\librtwshared.a(intrp1d_fu32fl.c.obj)
 .debug_rnglists
                0x00001aa3       0x13 ARMCortex-M\_shared\librtwshared.a(plook_u32ff_evenc.c.obj)
 .debug_rnglists
                0x00001ab6       0x13 C:/ST/STM32CubeCLT_1.17.0/GNU-tools-for-STM32/bin/../lib/gcc/arm-none-eabi/12.3.1/../../../../arm-none-eabi/lib/thumb/v7e-m+dp/hard\libg_nano.a(libc_a-errno.o)

.debug_line     0x00000000    0x19d95
 .debug_line    0x00000000     0x143c CMakeFiles/pfc3van.dir/Core/Src/main.c.obj
 .debug_line    0x0000143c      0xb55 CMakeFiles/pfc3van.dir/Core/Src/stm32f7xx_it.c.obj
 .debug_line    0x00001f91      0xa58 CMakeFiles/pfc3van.dir/Core/Src/stm32f7xx_hal_msp.c.obj
 .debug_line    0x000029e9     0x134d CMakeFiles/pfc3van.dir/Drivers/STM32F7xx_HAL_Driver/Src/stm32f7xx_hal_adc.c.obj
 .debug_line    0x00003d36      0xf62 CMakeFiles/pfc3van.dir/Drivers/STM32F7xx_HAL_Driver/Src/stm32f7xx_hal_rcc.c.obj
 .debug_line    0x00004c98      0xbe2 CMakeFiles/pfc3van.dir/Drivers/STM32F7xx_HAL_Driver/Src/stm32f7xx_hal_rcc_ex.c.obj
 .debug_line    0x0000587a      0x8fd CMakeFiles/pfc3van.dir/Drivers/STM32F7xx_HAL_Driver/Src/stm32f7xx_hal_gpio.c.obj
 .debug_line    0x00006177      0xfc8 CMakeFiles/pfc3van.dir/Drivers/STM32F7xx_HAL_Driver/Src/stm32f7xx_hal_dma.c.obj
 .debug_line    0x0000713f      0x591 CMakeFiles/pfc3van.dir/Drivers/STM32F7xx_HAL_Driver/Src/stm32f7xx_hal_pwr.c.obj
 .debug_line    0x000076d0      0x73c CMakeFiles/pfc3van.dir/Drivers/STM32F7xx_HAL_Driver/Src/stm32f7xx_hal_pwr_ex.c.obj
 .debug_line    0x00007e0c      0x918 CMakeFiles/pfc3van.dir/Drivers/STM32F7xx_HAL_Driver/Src/stm32f7xx_hal_cortex.c.obj
 .debug_line    0x00008724      0x721 CMakeFiles/pfc3van.dir/Drivers/STM32F7xx_HAL_Driver/Src/stm32f7xx_hal.c.obj
 .debug_line    0x00008e45     0x5592 CMakeFiles/pfc3van.dir/Drivers/STM32F7xx_HAL_Driver/Src/stm32f7xx_hal_tim.c.obj
 .debug_line    0x0000e3d7     0x1e01 CMakeFiles/pfc3van.dir/Drivers/STM32F7xx_HAL_Driver/Src/stm32f7xx_hal_tim_ex.c.obj
 .debug_line    0x000101d8     0x4c6f CMakeFiles/pfc3van.dir/Drivers/STM32F7xx_HAL_Driver/Src/stm32f7xx_hal_uart.c.obj
 .debug_line    0x00014e47      0x2e8 CMakeFiles/pfc3van.dir/Core/Src/system_stm32f7xx.c.obj
 .debug_line    0x0001512f       0x7a CMakeFiles/pfc3van.dir/startup_stm32f767xx.s.obj
 .debug_line    0x000151a9      0xb22 ctrl_ez\ARMCortex-M\_ref\ctrl_ez\libctrl_ez_rtwlib.a(ctrl_ez.c.obj)
 .debug_line    0x00015ccb      0x4fb Core\dsogi_3phpll\libdsogi_pll.a(dsogi_3phpll.c.obj)
 .debug_line    0x000161c6     0x369b C:\Users\Angel\Desktop\hil\pfc3ph\stf7\stf7\pfc3van\Drivers\CMSIS\Lib\GCC\libCMSISDSP.a(BasicMathFunctions.c.obj)
 .debug_line    0x00019861       0x7f ARMCortex-M\_shared\librtwshared.a(const_params.c.obj)
 .debug_line    0x000198e0      0x15d ARMCortex-M\_shared\librtwshared.a(intrp1d_fu32fl.c.obj)
 .debug_line    0x00019a3d      0x1d3 ARMCortex-M\_shared\librtwshared.a(plook_u32ff_evenc.c.obj)
 .debug_line    0x00019c10      0x185 C:/ST/STM32CubeCLT_1.17.0/GNU-tools-for-STM32/bin/../lib/gcc/arm-none-eabi/12.3.1/../../../../arm-none-eabi/lib/thumb/v7e-m+dp/hard\libg_nano.a(libc_a-errno.o)

.debug_str      0x00000000     0x6985
 .debug_str     0x00000000     0x1999 CMakeFiles/pfc3van.dir/Core/Src/main.c.obj
                               0x1add (size before relaxing)
 .debug_str     0x00001999      0x4e2 CMakeFiles/pfc3van.dir/Core/Src/stm32f7xx_it.c.obj
                               0x1540 (size before relaxing)
 .debug_str     0x00001e7b      0x3dd CMakeFiles/pfc3van.dir/Core/Src/stm32f7xx_hal_msp.c.obj
                               0x177f (size before relaxing)
 .debug_str     0x00002258      0x2f8 CMakeFiles/pfc3van.dir/Drivers/STM32F7xx_HAL_Driver/Src/stm32f7xx_hal_adc.c.obj
                                0x973 (size before relaxing)
 .debug_str     0x00002550      0x244 CMakeFiles/pfc3van.dir/Drivers/STM32F7xx_HAL_Driver/Src/stm32f7xx_hal_rcc.c.obj
                                0x756 (size before relaxing)
 .debug_str     0x00002794      0x180 CMakeFiles/pfc3van.dir/Drivers/STM32F7xx_HAL_Driver/Src/stm32f7xx_hal_rcc_ex.c.obj
                                0x758 (size before relaxing)
 .debug_str     0x00002914      0x12d CMakeFiles/pfc3van.dir/Drivers/STM32F7xx_HAL_Driver/Src/stm32f7xx_hal_gpio.c.obj
                                0x51c (size before relaxing)
 .debug_str     0x00002a41      0x2e7 CMakeFiles/pfc3van.dir/Drivers/STM32F7xx_HAL_Driver/Src/stm32f7xx_hal_dma.c.obj
                                0x795 (size before relaxing)
 .debug_str     0x00002d28      0x359 CMakeFiles/pfc3van.dir/Drivers/STM32F7xx_HAL_Driver/Src/stm32f7xx_hal_pwr.c.obj
                                0x65c (size before relaxing)
 .debug_str     0x00003081      0x1f3 CMakeFiles/pfc3van.dir/Drivers/STM32F7xx_HAL_Driver/Src/stm32f7xx_hal_pwr_ex.c.obj
                                0x66b (size before relaxing)
 .debug_str     0x00003274      0x4c6 CMakeFiles/pfc3van.dir/Drivers/STM32F7xx_HAL_Driver/Src/stm32f7xx_hal_cortex.c.obj
                                0xe9c (size before relaxing)
 .debug_str     0x0000373a      0x347 CMakeFiles/pfc3van.dir/Drivers/STM32F7xx_HAL_Driver/Src/stm32f7xx_hal.c.obj
                                0xd5a (size before relaxing)
 .debug_str     0x00003a81      0xd38 CMakeFiles/pfc3van.dir/Drivers/STM32F7xx_HAL_Driver/Src/stm32f7xx_hal_tim.c.obj
                               0x179d (size before relaxing)
 .debug_str     0x000047b9      0x52c CMakeFiles/pfc3van.dir/Drivers/STM32F7xx_HAL_Driver/Src/stm32f7xx_hal_tim_ex.c.obj
                               0x10a3 (size before relaxing)
 .debug_str     0x00004ce5      0x7b6 CMakeFiles/pfc3van.dir/Drivers/STM32F7xx_HAL_Driver/Src/stm32f7xx_hal_uart.c.obj
                               0x104b (size before relaxing)
 .debug_str     0x0000549b       0x7b CMakeFiles/pfc3van.dir/Core/Src/system_stm32f7xx.c.obj
                                0x47a (size before relaxing)
 .debug_str     0x00005516       0x66 CMakeFiles/pfc3van.dir/startup_stm32f767xx.s.obj
                                 0xa0 (size before relaxing)
 .debug_str     0x0000557c      0x48f ctrl_ez\ARMCortex-M\_ref\ctrl_ez\libctrl_ez_rtwlib.a(ctrl_ez.c.obj)
                                0x6d8 (size before relaxing)
 .debug_str     0x00005a0b      0x44d Core\dsogi_3phpll\libdsogi_pll.a(dsogi_3phpll.c.obj)
                                0x61b (size before relaxing)
 .debug_str     0x00005e58      0x50c C:\Users\Angel\Desktop\hil\pfc3ph\stf7\stf7\pfc3van\Drivers\CMSIS\Lib\GCC\libCMSISDSP.a(BasicMathFunctions.c.obj)
                                0x73c (size before relaxing)
 .debug_str     0x00006364       0xad ARMCortex-M\_shared\librtwshared.a(const_params.c.obj)
                                0x269 (size before relaxing)
 .debug_str     0x00006411       0x73 ARMCortex-M\_shared\librtwshared.a(intrp1d_fu32fl.c.obj)
                                0x212 (size before relaxing)
 .debug_str     0x00006484       0x8e ARMCortex-M\_shared\librtwshared.a(plook_u32ff_evenc.c.obj)
                                0x230 (size before relaxing)
 .debug_str     0x00006512      0x473 C:/ST/STM32CubeCLT_1.17.0/GNU-tools-for-STM32/bin/../lib/gcc/arm-none-eabi/12.3.1/../../../../arm-none-eabi/lib/thumb/v7e-m+dp/hard\libg_nano.a(libc_a-errno.o)
                                0x52e (size before relaxing)

.debug_loclists
                0x00000000     0xf983
 .debug_loclists
                0x00000000      0x1a8 CMakeFiles/pfc3van.dir/Core/Src/stm32f7xx_hal_msp.c.obj
 .debug_loclists
                0x000001a8      0x622 CMakeFiles/pfc3van.dir/Drivers/STM32F7xx_HAL_Driver/Src/stm32f7xx_hal_adc.c.obj
 .debug_loclists
                0x000007ca      0x455 CMakeFiles/pfc3van.dir/Drivers/STM32F7xx_HAL_Driver/Src/stm32f7xx_hal_rcc.c.obj
 .debug_loclists
                0x00000c1f      0x4a2 CMakeFiles/pfc3van.dir/Drivers/STM32F7xx_HAL_Driver/Src/stm32f7xx_hal_rcc_ex.c.obj
 .debug_loclists
                0x000010c1      0x384 CMakeFiles/pfc3van.dir/Drivers/STM32F7xx_HAL_Driver/Src/stm32f7xx_hal_gpio.c.obj
 .debug_loclists
                0x00001445      0x669 CMakeFiles/pfc3van.dir/Drivers/STM32F7xx_HAL_Driver/Src/stm32f7xx_hal_dma.c.obj
 .debug_loclists
                0x00001aae       0x57 CMakeFiles/pfc3van.dir/Drivers/STM32F7xx_HAL_Driver/Src/stm32f7xx_hal_pwr.c.obj
 .debug_loclists
                0x00001b05      0x180 CMakeFiles/pfc3van.dir/Drivers/STM32F7xx_HAL_Driver/Src/stm32f7xx_hal_pwr_ex.c.obj
 .debug_loclists
                0x00001c85      0x4e7 CMakeFiles/pfc3van.dir/Drivers/STM32F7xx_HAL_Driver/Src/stm32f7xx_hal_cortex.c.obj
 .debug_loclists
                0x0000216c       0xe2 CMakeFiles/pfc3van.dir/Drivers/STM32F7xx_HAL_Driver/Src/stm32f7xx_hal.c.obj
 .debug_loclists
                0x0000224e     0x3a2d CMakeFiles/pfc3van.dir/Drivers/STM32F7xx_HAL_Driver/Src/stm32f7xx_hal_tim.c.obj
 .debug_loclists
                0x00005c7b     0x1209 CMakeFiles/pfc3van.dir/Drivers/STM32F7xx_HAL_Driver/Src/stm32f7xx_hal_tim_ex.c.obj
 .debug_loclists
                0x00006e84     0x2e0b CMakeFiles/pfc3van.dir/Drivers/STM32F7xx_HAL_Driver/Src/stm32f7xx_hal_uart.c.obj
 .debug_loclists
                0x00009c8f       0xcb CMakeFiles/pfc3van.dir/Core/Src/system_stm32f7xx.c.obj
 .debug_loclists
                0x00009d5a      0x7f8 ctrl_ez\ARMCortex-M\_ref\ctrl_ez\libctrl_ez_rtwlib.a(ctrl_ez.c.obj)
 .debug_loclists
                0x0000a552      0x34f Core\dsogi_3phpll\libdsogi_pll.a(dsogi_3phpll.c.obj)
 .debug_loclists
                0x0000a8a1     0x4fb2 C:\Users\Angel\Desktop\hil\pfc3ph\stf7\stf7\pfc3van\Drivers\CMSIS\Lib\GCC\libCMSISDSP.a(BasicMathFunctions.c.obj)
 .debug_loclists
                0x0000f853       0x53 ARMCortex-M\_shared\librtwshared.a(intrp1d_fu32fl.c.obj)
 .debug_loclists
                0x0000f8a6       0xdd ARMCortex-M\_shared\librtwshared.a(plook_u32ff_evenc.c.obj)

.debug_line_str
                0x00000000       0x84
 .debug_line_str
                0x00000000       0x84 CMakeFiles/pfc3van.dir/startup_stm32f767xx.s.obj