#-----------------------------------------------------------
# Vivado v2024.2 (64-bit)
# SW Build 5239630 on Fri Nov 08 22:35:27 MST 2024
# IP Build 5239520 on Sun Nov 10 16:12:51 MST 2024
# SharedData Build 5239561 on Fri Nov 08 14:39:27 MST 2024
# Start of session at: Fri May  2 08:58:37 2025
# Process ID         : 19584
# Current directory  : C:/Users/Angel/Desktop/hil/pfc3ph/matlab/sim/simscape_system_fil/fpgaproj/simscape_system_fil.runs/simcycle_fifo_synth_1
# Command line       : vivado.exe -log simcycle_fifo.vds -product Vivado -mode batch -messageDb vivado.pb -notrace -source simcycle_fifo.tcl
# Log file           : C:/Users/Angel/Desktop/hil/pfc3ph/matlab/sim/simscape_system_fil/fpgaproj/simscape_system_fil.runs/simcycle_fifo_synth_1/simcycle_fifo.vds
# Journal file       : C:/Users/Angel/Desktop/hil/pfc3ph/matlab/sim/simscape_system_fil/fpgaproj/simscape_system_fil.runs/simcycle_fifo_synth_1\vivado.jou
# Running On         : AngelPC
# Platform           : Windows Server 2016 or Windows 10
# Operating System   : 26100
# Processor Detail   : Intel(R) Core(TM) Ultra 7 265KF
# CPU Frequency      : 3878 MHz
# CPU Physical cores : 20
# CPU Logical cores  : 20
# Host memory        : 34042 MB
# Swap memory        : 2147 MB
# Total Virtual      : 36190 MB
# Available Virtual  : 20178 MB
#-----------------------------------------------------------
source simcycle_fifo.tcl -notrace
