Copyright 1986-2022 Xilinx, Inc. All Rights Reserved. Copyright 2022-2024 Advanced Micro Devices, Inc. All Rights Reserved.
---------------------------------------------------------------------------------------------------------------------------------------------
| Tool Version : Vivado v.2024.2 (win64) Build 5239630 Fri Nov 08 22:35:27 MST 2024
| Date         : Tue Apr 29 18:42:35 2025
| Host         : AngelPC running 64-bit major release  (build 9200)
| Command      : report_control_sets -verbose -file design_1_wrapper_control_sets_placed.rpt
| Design       : design_1_wrapper
| Device       : xc7s25
---------------------------------------------------------------------------------------------------------------------------------------------

Control Set Information

Table of Contents
-----------------
1. Summary
2. Histogram
3. Flip-Flop Distribution
4. Detailed Control Set Information

1. Summary
----------

+----------------------------------------------------------+-------+
|                          Status                          | Count |
+----------------------------------------------------------+-------+
| Total control sets                                       |   135 |
|    Minimum number of control sets                        |   135 |
|    Addition due to synthesis replication                 |     0 |
|    Addition due to physical synthesis replication        |     0 |
| Unused register locations in slices containing registers |   420 |
+----------------------------------------------------------+-------+
* Control sets can be merged at opt_design using control_set_merge or merge_equivalent_drivers
** Run report_qor_suggestions for automated merging and remapping suggestions


2. Histogram
------------

+--------------------+-------+
|       Fanout       | Count |
+--------------------+-------+
| Total control sets |   135 |
| >= 0 to < 4        |    27 |
| >= 4 to < 6        |    19 |
| >= 6 to < 8        |    10 |
| >= 8 to < 10       |     7 |
| >= 10 to < 12      |     3 |
| >= 12 to < 14      |     5 |
| >= 14 to < 16      |     0 |
| >= 16              |    64 |
+--------------------+-------+
* Control sets can be remapped at either synth_design or opt_design


3. Flip-Flop Distribution
-------------------------

+--------------+-----------------------+------------------------+-----------------+--------------+
| Clock Enable | Synchronous Set/Reset | Asynchronous Set/Reset | Total Registers | Total Slices |
+--------------+-----------------------+------------------------+-----------------+--------------+
| No           | No                    | No                     |            1321 |          280 |
| No           | No                    | Yes                    |             143 |           45 |
| No           | Yes                   | No                     |             153 |           56 |
| Yes          | No                    | No                     |             136 |           58 |
| Yes          | No                    | Yes                    |              82 |           18 |
| Yes          | Yes                   | No                     |            9457 |         2446 |
+--------------+-----------------------+------------------------+-----------------+--------------+


4. Detailed Control Set Information
-----------------------------------

+-----------------------------------------+----------------------------------------------------------------------------------------------------------------------------------------------------------------------------------------------------------------------------------------------------------+-----------------------------------------------------------------------------------------------------------------------------------------------------------------------------------------------------------------------------------------+------------------+----------------+--------------+
|               Clock Signal              |                                                                                                                       Enable Signal                                                                                                                      |                                                                                                             Set/Reset Signal                                                                                                            | Slice Load Count | Bel Load Count | Bels / Slice |
+-----------------------------------------+----------------------------------------------------------------------------------------------------------------------------------------------------------------------------------------------------------------------------------------------------------+-----------------------------------------------------------------------------------------------------------------------------------------------------------------------------------------------------------------------------------------+------------------+----------------+--------------+
|  design_1_i/clk_wiz/inst/clk_out1       |                                                                                                                                                                                                                                                          | dbg_hub/inst/BSCANID.u_xsdbm_id/CORE_XSDB.UUT_MASTER/U_ICON_INTERFACE/U_CMD6_RD/U_RD_FIFO/SUBCORE_FIFO.xsdbm_v3_0_3_rdfifo_inst/inst_fifo_gen/gconvfifo.rf/grf.rf/rstblk/ngwrdrst.rst_wr_reg2                                           |                1 |              1 |         1.00 |
|  design_1_i/clk_wiz/inst/clk_out1       |                                                                                                                                                                                                                                                          | dbg_hub/inst/BSCANID.u_xsdbm_id/CORE_XSDB.UUT_MASTER/U_XSDB_BUS_CONTROLLER/clr_abort_rd                                                                                                                                                 |                1 |              1 |         1.00 |
|  dbg_hub/inst/BSCANID.u_xsdbm_id/itck_i |                                                                                                                                                                                                                                                          | dbg_hub/inst/BSCANID.u_xsdbm_id/CORE_XSDB.UUT_MASTER/U_ICON_INTERFACE/U_CMD6_WR/U_WR_FIFO/SUBCORE_FIFO.xsdbm_v3_0_3_wrfifo_inst/inst_fifo_gen/gconvfifo.rf/grf.rf/rstblk/ngwrdrst.rst_wr_reg2                                           |                1 |              1 |         1.00 |
|  dbg_hub/inst/BSCANID.u_xsdbm_id/itck_i | dbg_hub/inst/BSCANID.u_xsdbm_id/SWITCH_N_EXT_BSCAN.bscan_switch/temp_curid[28]_i_1_n_0                                                                                                                                                                   |                                                                                                                                                                                                                                         |                1 |              1 |         1.00 |
|  dbg_hub/inst/BSCANID.u_xsdbm_id/itck_i |                                                                                                                                                                                                                                                          | dbg_hub/inst/BSCANID.u_xsdbm_id/SWITCH_N_EXT_BSCAN.bscan_inst/RESET                                                                                                                                                                     |                1 |              1 |         1.00 |
|  design_1_i/clk_wiz/inst/clk_out1       |                                                                                                                                                                                                                                                          | dbg_hub/inst/BSCANID.u_xsdbm_id/CORE_XSDB.UUT_MASTER/U_XSDB_BUS_CONTROLLER/clr_rd_req                                                                                                                                                   |                1 |              1 |         1.00 |
|  design_1_i/clk_wiz/inst/clk_out1       |                                                                                                                                                                                                                                                          | dbg_hub/inst/BSCANID.u_xsdbm_id/CORE_XSDB.UUT_MASTER/U_ICON_INTERFACE/U_CMD6_WR/U_WR_FIFO/SUBCORE_FIFO.xsdbm_v3_0_3_wrfifo_inst/inst_fifo_gen/gconvfifo.rf/grf.rf/rstblk/ngwrdrst.grst.rst_rd_reg2                                      |                1 |              1 |         1.00 |
|  dbg_hub/inst/BSCANID.u_xsdbm_id/itck_i |                                                                                                                                                                                                                                                          | dbg_hub/inst/BSCANID.u_xsdbm_id/CORE_XSDB.UUT_MASTER/U_ICON_INTERFACE/U_CMD6_RD/U_RD_FIFO/SUBCORE_FIFO.xsdbm_v3_0_3_rdfifo_inst/inst_fifo_gen/gconvfifo.rf/grf.rf/rstblk/ngwrdrst.grst.rst_rd_reg2                                      |                1 |              1 |         1.00 |
|  design_1_i/clk_wiz/inst/clk_out1       |                                                                                                                                                                                                                                                          | dbg_hub/inst/BSCANID.u_xsdbm_id/CORE_XSDB.UUT_MASTER/U_ICON_INTERFACE/wrdata_rst                                                                                                                                                        |                1 |              2 |         2.00 |
|  design_1_i/clk_wiz/inst/clk_out1       | dbg_hub/inst/BSCANID.u_xsdbm_id/CORE_XSDB.UUT_MASTER/U_ICON_INTERFACE/U_CMD1/ctl_reg[1]_i_1_n_0                                                                                                                                                          |                                                                                                                                                                                                                                         |                1 |              2 |         2.00 |
|  dbg_hub/inst/BSCANID.u_xsdbm_id/itck_i | dbg_hub/inst/BSCANID.u_xsdbm_id/SWITCH_N_EXT_BSCAN.bscan_switch/id_state[1]_i_1_n_0                                                                                                                                                                      | dbg_hub/inst/BSCANID.u_xsdbm_id/SWITCH_N_EXT_BSCAN.bscan_inst/RESET                                                                                                                                                                     |                1 |              2 |         2.00 |
|  design_1_i/clk_wiz/inst/clk_out1       |                                                                                                                                                                                                                                                          | dbg_hub/inst/BSCANID.u_xsdbm_id/CORE_XSDB.UUT_MASTER/U_ICON_INTERFACE/U_CMD6_WR/U_WR_FIFO/SUBCORE_FIFO.xsdbm_v3_0_3_wrfifo_inst/inst_fifo_gen/gconvfifo.rf/grf.rf/rstblk/ngwrdrst.grst.rd_rst_reg[2]                                    |                1 |              2 |         2.00 |
|  dbg_hub/inst/BSCANID.u_xsdbm_id/itck_i |                                                                                                                                                                                                                                                          | dbg_hub/inst/BSCANID.u_xsdbm_id/CORE_XSDB.UUT_MASTER/U_ICON_INTERFACE/rddata_rst                                                                                                                                                        |                1 |              2 |         2.00 |
|  dbg_hub/inst/BSCANID.u_xsdbm_id/itck_i |                                                                                                                                                                                                                                                          | dbg_hub/inst/BSCANID.u_xsdbm_id/CORE_XSDB.UUT_MASTER/U_ICON_INTERFACE/wrdata_rst                                                                                                                                                        |                1 |              2 |         2.00 |
|  dbg_hub/inst/BSCANID.u_xsdbm_id/itck_i | dbg_hub/inst/BSCANID.u_xsdbm_id/CORE_XSDB.UUT_MASTER/U_ICON_INTERFACE/U_CMD1/icn_cmd_en_temp                                                                                                                                                             |                                                                                                                                                                                                                                         |                1 |              2 |         2.00 |
|  design_1_i/clk_wiz/inst/clk_out1       |                                                                                                                                                                                                                                                          | dbg_hub/inst/BSCANID.u_xsdbm_id/CORE_XSDB.UUT_MASTER/U_ICON_INTERFACE/rddata_rst                                                                                                                                                        |                1 |              2 |         2.00 |
|  design_1_i/clk_wiz/inst/clk_out1       |                                                                                                                                                                                                                                                          | dbg_hub/inst/BSCANID.u_xsdbm_id/CORE_XSDB.UUT_MASTER/U_ICON_INTERFACE/U_CMD6_RD/U_RD_FIFO/SUBCORE_FIFO.xsdbm_v3_0_3_rdfifo_inst/inst_fifo_gen/gconvfifo.rf/grf.rf/rstblk/ngwrdrst.grst.g7serrst.gwrrd_rst_sync_stage[2].wrst_inst/AS[0] |                1 |              3 |         3.00 |
|  design_1_i/clk_wiz/inst/clk_out1       |                                                                                                                                                                                                                                                          | dbg_hub/inst/BSCANID.u_xsdbm_id/CORE_XSDB.UUT_MASTER/U_XSDB_BUS_CONTROLLER/sl_iport0_o[0]                                                                                                                                               |                1 |              3 |         3.00 |
|  dbg_hub/inst/BSCANID.u_xsdbm_id/itck_i |                                                                                                                                                                                                                                                          | dbg_hub/inst/BSCANID.u_xsdbm_id/CORE_XSDB.UUT_MASTER/U_ICON_INTERFACE/U_CMD6_WR/U_WR_FIFO/SUBCORE_FIFO.xsdbm_v3_0_3_wrfifo_inst/inst_fifo_gen/gconvfifo.rf/grf.rf/rstblk/ngwrdrst.grst.g7serrst.gwrrd_rst_sync_stage[2].wrst_inst/AS[0] |                1 |              3 |         3.00 |
|  dbg_hub/inst/BSCANID.u_xsdbm_id/itck_i |                                                                                                                                                                                                                                                          | dbg_hub/inst/BSCANID.u_xsdbm_id/CORE_XSDB.UUT_MASTER/U_ICON_INTERFACE/U_CMD6_RD/U_RD_FIFO/SUBCORE_FIFO.xsdbm_v3_0_3_rdfifo_inst/inst_fifo_gen/gconvfifo.rf/grf.rf/rstblk/ngwrdrst.grst.g7serrst.gwrrd_rst_sync_stage[2].rrst_inst/AS[0] |                1 |              3 |         3.00 |
|  design_1_i/clk_wiz/inst/clk_out1       | dbg_hub/inst/BSCANID.u_xsdbm_id/CORE_XSDB.UUT_MASTER/U_ICON_INTERFACE/U_CMD7_STAT/stat_reg_ld_temp_1_reg_n_0                                                                                                                                             |                                                                                                                                                                                                                                         |                3 |              3 |         1.00 |
|  design_1_i/clk_wiz/inst/clk_out1       | dbg_hub/inst/BSCANID.u_xsdbm_id/CORE_XSDB.UUT_MASTER/U_ICON_INTERFACE/U_CMD3/stat_reg_ld_temp_1_reg_n_0                                                                                                                                                  |                                                                                                                                                                                                                                         |                3 |              3 |         1.00 |
|  dbg_hub/inst/BSCANID.u_xsdbm_id/itck_i | dbg_hub/inst/BSCANID.u_xsdbm_id/CORE_XSDB.UUT_MASTER/U_ICON_INTERFACE/U_CMD3/icn_cmd_en_temp                                                                                                                                                             |                                                                                                                                                                                                                                         |                1 |              3 |         3.00 |
|  dbg_hub/inst/BSCANID.u_xsdbm_id/itck_i | dbg_hub/inst/BSCANID.u_xsdbm_id/CORE_XSDB.UUT_MASTER/U_ICON_INTERFACE/U_CMD7_STAT/icn_cmd_en_temp                                                                                                                                                        |                                                                                                                                                                                                                                         |                1 |              3 |         3.00 |
|  dbg_hub/inst/BSCANID.u_xsdbm_id/itck_i | dbg_hub/inst/BSCANID.u_xsdbm_id/CORE_XSDB.UUT_MASTER/U_ICON_INTERFACE/U_CMD7_CTL/icn_cmd_en_temp                                                                                                                                                         | dbg_hub/inst/BSCANID.u_xsdbm_id/CORE_XSDB.UUT_MASTER/U_ICON_INTERFACE/U_CMD1/ctl_reg[0]                                                                                                                                                 |                1 |              3 |         3.00 |
|  design_1_i/clk_wiz/inst/clk_out1       | dbg_hub/inst/BSCANID.u_xsdbm_id/CORE_XSDB.UUT_MASTER/U_ICON_INTERFACE/U_CMD7_CTL/ctl_reg[2]_i_1_n_0                                                                                                                                                      | dbg_hub/inst/BSCANID.u_xsdbm_id/CORE_XSDB.UUT_MASTER/U_ICON_INTERFACE/U_CMD1/ctl_reg[0]                                                                                                                                                 |                1 |              3 |         3.00 |
|  design_1_i/clk_wiz/inst/clk_out1       |                                                                                                                                                                                                                                                          | dbg_hub/inst/BSCANID.u_xsdbm_id/CORE_XSDB.UUT_MASTER/U_ICON_INTERFACE/U_CMD6_WR/U_WR_FIFO/SUBCORE_FIFO.xsdbm_v3_0_3_wrfifo_inst/inst_fifo_gen/gconvfifo.rf/grf.rf/rstblk/ngwrdrst.grst.g7serrst.gwrrd_rst_sync_stage[2].rrst_inst/AS[0] |                1 |              3 |         3.00 |
|  dbg_hub/inst/BSCANID.u_xsdbm_id/itck_i |                                                                                                                                                                                                                                                          | dbg_hub/inst/BSCANID.u_xsdbm_id/CORE_XSDB.UUT_MASTER/U_ICON_INTERFACE/U_CMD5/SR[0]                                                                                                                                                      |                1 |              4 |         4.00 |
|  dbg_hub/inst/BSCANID.u_xsdbm_id/itck_i |                                                                                                                                                                                                                                                          | dbg_hub/inst/BSCANID.u_xsdbm_id/CORE_XSDB.UUT_MASTER/U_ICON_INTERFACE/U_CMD5/shift_reg_in_reg[17]_0[0]                                                                                                                                  |                1 |              4 |         4.00 |
|  design_1_i/clk_wiz/inst/clk_out2       |                                                                                                                                                                                                                                                          | design_1_i/rst_clk_wiz_1_6M2/U0/EXT_LPF/lpf_int                                                                                                                                                                                         |                2 |              4 |         2.00 |
|  dbg_hub/inst/BSCANID.u_xsdbm_id/itck_i |                                                                                                                                                                                                                                                          | dbg_hub/inst/BSCANID.u_xsdbm_id/CORE_XSDB.U_ICON/U_CMD/SYNC_reg                                                                                                                                                                         |                1 |              4 |         4.00 |
|  dbg_hub/inst/BSCANID.u_xsdbm_id/itck_i |                                                                                                                                                                                                                                                          | dbg_hub/inst/BSCANID.u_xsdbm_id/CORE_XSDB.UUT_MASTER/U_ICON_INTERFACE/icn_cmd_en[3]_i_1_n_0                                                                                                                                             |                1 |              4 |         4.00 |
|  design_1_i/clk_wiz/inst/clk_out1       | dbg_hub/inst/BSCANID.u_xsdbm_id/CORE_XSDB.UUT_MASTER/U_ICON_INTERFACE/U_CMD2/stat_reg_ld_temp_1                                                                                                                                                          |                                                                                                                                                                                                                                         |                4 |              4 |         1.00 |
|  design_1_i/clk_wiz/inst/clk_out1       |                                                                                                                                                                                                                                                          | design_1_i/rst_clk_wiz_1_6M1/U0/EXT_LPF/lpf_int                                                                                                                                                                                         |                1 |              4 |         4.00 |
|  dbg_hub/inst/BSCANID.u_xsdbm_id/itck_i | dbg_hub/inst/BSCANID.u_xsdbm_id/CORE_XSDB.UUT_MASTER/U_ICON_INTERFACE/U_CMD2/icn_cmd_en_temp                                                                                                                                                             |                                                                                                                                                                                                                                         |                1 |              4 |         4.00 |
|  design_1_i/clk_wiz/inst/clk_out1       | en_IBUF                                                                                                                                                                                                                                                  | design_1_i/PFC3PH_0/inst/u_FET_CTRL/mergedDelay_raddr_1[4]                                                                                                                                                                              |                1 |              4 |         4.00 |
|  design_1_i/clk_wiz/inst/clk_out1       | en_IBUF                                                                                                                                                                                                                                                  | design_1_i/PFC3PH_0/inst/u_FET_CTRL/mergedDelay_raddr[4]                                                                                                                                                                                |                1 |              4 |         4.00 |
|  design_1_i/clk_wiz/inst/clk_out3       |                                                                                                                                                                                                                                                          | design_1_i/rst_clk_wiz_1_6M3/U0/EXT_LPF/lpf_int                                                                                                                                                                                         |                2 |              4 |         2.00 |
|  design_1_i/clk_wiz/inst/clk_out1       | design_1_i/vio_0/inst/DECODER_INST/wr_control_reg                                                                                                                                                                                                        | dbg_hub/inst/BSCANID.u_xsdbm_id/CORE_XSDB.UUT_MASTER/U_XSDB_BUS_CONTROLLER/sl_iport0_o[0]                                                                                                                                               |                3 |              4 |         1.33 |
|  design_1_i/clk_wiz/inst/clk_out1       |                                                                                                                                                                                                                                                          | design_1_i/vio_0/inst/DECODER_INST/Bus_data_out[11]_i_1_n_0                                                                                                                                                                             |                2 |              4 |         2.00 |
|  design_1_i/clk_wiz/inst/clk_out3       | design_1_i/MCP_DRIVER_0/inst/u_SPI_MNGR/tmp_78__0                                                                                                                                                                                                        | design_1_i/rst_clk_wiz_1_6M3/U0/peripheral_reset[0]                                                                                                                                                                                     |                2 |              4 |         2.00 |
|  design_1_i/clk_wiz/inst/clk_out1       | design_1_i/PFC3PH_0/inst/u_HDL_Subsystem/u_Sparse_Matrix_Vector_Product3/enb_gated                                                                                                                                                                       | design_1_i/PFC3PH_0/inst/u_HDL_Subsystem/u_Sparse_Matrix_Vector_Product3/counterSig[4]_i_1_n_0                                                                                                                                          |                1 |              5 |         5.00 |
|  design_1_i/clk_wiz/inst/clk_out1       | design_1_i/PFC3PH_0/inst/u_HDL_Subsystem/u_Sparse_Matrix_Vector_Product2/enb_gated                                                                                                                                                                       | design_1_i/PFC3PH_0/inst/u_HDL_Subsystem/u_Sparse_Matrix_Vector_Product2/counterSig[4]_i_1__0_n_0                                                                                                                                       |                1 |              5 |         5.00 |
|  design_1_i/clk_wiz/inst/clk_out1       | en_IBUF                                                                                                                                                                                                                                                  | design_1_i/PFC3PH_0/inst/u_simscape_system_tc/count37[2]                                                                                                                                                                                |                1 |              5 |         5.00 |
|  design_1_i/clk_wiz/inst/clk_out1       | en_IBUF                                                                                                                                                                                                                                                  | design_1_i/PFC3PH_0/inst/u_FET_CTRL/mergedDelay_waddr_1[4]_i_1_n_0                                                                                                                                                                      |                1 |              5 |         5.00 |
|  design_1_i/clk_wiz/inst/clk_out1       | en_IBUF                                                                                                                                                                                                                                                  | design_1_i/PFC3PH_0/inst/u_FET_CTRL/clear                                                                                                                                                                                               |                1 |              5 |         5.00 |
|  dbg_hub/inst/BSCANID.u_xsdbm_id/itck_i |                                                                                                                                                                                                                                                          | dbg_hub/inst/BSCANID.u_xsdbm_id/CORE_XSDB.U_ICON/U_CMD/SR[0]                                                                                                                                                                            |                1 |              6 |         6.00 |
|  design_1_i/clk_wiz/inst/clk_out2       | design_1_i/rst_clk_wiz_1_6M2/U0/SEQ/seq_cnt_en                                                                                                                                                                                                           | design_1_i/rst_clk_wiz_1_6M2/U0/SEQ/SEQ_COUNTER/clear                                                                                                                                                                                   |                1 |              6 |         6.00 |
|  design_1_i/clk_wiz/inst/clk_out3       | design_1_i/rst_clk_wiz_1_6M3/U0/SEQ/seq_cnt_en                                                                                                                                                                                                           | design_1_i/rst_clk_wiz_1_6M3/U0/SEQ/SEQ_COUNTER/clear                                                                                                                                                                                   |                1 |              6 |         6.00 |
|  design_1_i/clk_wiz/inst/clk_out1       | en_IBUF                                                                                                                                                                                                                                                  | design_1_i/PFC3PH_0/inst/s[5]_i_1_n_0                                                                                                                                                                                                   |                2 |              6 |         3.00 |
|  design_1_i/clk_wiz/inst/clk_out1       | design_1_i/rst_clk_wiz_1_6M1/U0/SEQ/seq_cnt_en                                                                                                                                                                                                           | design_1_i/rst_clk_wiz_1_6M1/U0/SEQ/SEQ_COUNTER/clear                                                                                                                                                                                   |                1 |              6 |         6.00 |
|  dbg_hub/inst/BSCANID.u_xsdbm_id/itck_i | dbg_hub/inst/BSCANID.u_xsdbm_id/SWITCH_N_EXT_BSCAN.bscan_inst/SEL                                                                                                                                                                                        | dbg_hub/inst/BSCANID.u_xsdbm_id/SWITCH_N_EXT_BSCAN.bscan_inst/RESET                                                                                                                                                                     |                2 |              6 |         3.00 |
|  dbg_hub/inst/BSCANID.u_xsdbm_id/itck_i |                                                                                                                                                                                                                                                          | dbg_hub/inst/BSCANID.u_xsdbm_id/CORE_XSDB.UUT_MASTER/U_ICON_INTERFACE/U_STATIC_STATUS/clear                                                                                                                                             |                2 |              7 |         3.50 |
|  design_1_i/clk_wiz/inst/clk_out2       | design_1_i/sine_3ph_0/inst/u_sine_3ph_tc/enb_1_1000_0                                                                                                                                                                                                    | design_1_i/sine_3ph_0/inst/u_vc/address_cnt1[6]_i_1_n_0                                                                                                                                                                                 |                1 |              7 |         7.00 |
|  design_1_i/clk_wiz/inst/clk_out2       | design_1_i/sine_3ph_0/inst/u_sine_3ph_tc/enb_1_1000_0                                                                                                                                                                                                    | design_1_i/sine_3ph_0/inst/u_vb/address_cnt1[6]_i_1__0_n_0                                                                                                                                                                              |                1 |              7 |         7.00 |
|  design_1_i/clk_wiz/inst/clk_out2       | design_1_i/sine_3ph_0/inst/u_sine_3ph_tc/enb_1_1000_0                                                                                                                                                                                                    | design_1_i/sine_3ph_0/inst/u_va/address_cnt1[6]_i_1__1_n_0                                                                                                                                                                              |                3 |              7 |         2.33 |
|  dbg_hub/inst/BSCANID.u_xsdbm_id/itck_i |                                                                                                                                                                                                                                                          | dbg_hub/inst/BSCANID.u_xsdbm_id/CORE_XSDB.U_ICON/U_SYNC/iSYNC_WORD[6]_i_1_n_0                                                                                                                                                           |                1 |              8 |         8.00 |
|  dbg_hub/inst/BSCANID.u_xsdbm_id/itck_i |                                                                                                                                                                                                                                                          | dbg_hub/inst/BSCANID.u_xsdbm_id/SWITCH_N_EXT_BSCAN.bscan_switch/counter[7]_i_1_n_0                                                                                                                                                      |                2 |              8 |         4.00 |
|  design_1_i/clk_wiz/inst/clk_out1       | design_1_i/PFC3PH_0/inst/u_HDL_Subsystem/u_Sparse_Matrix_Vector_Product3/u_dot_product_7/u_ShiftRegisterRAM_Wrapper/u_SimpleDualPortRAM_generic/wr_en_1                                                                                                  |                                                                                                                                                                                                                                         |                1 |              8 |         8.00 |
|  design_1_i/clk_wiz/inst/clk_out1       | dbg_hub/inst/BSCANID.u_xsdbm_id/CORE_XSDB.UUT_MASTER/U_ICON_INTERFACE/U_CMD6_WR/U_WR_FIFO/SUBCORE_FIFO.xsdbm_v3_0_3_wrfifo_inst/inst_fifo_gen/gconvfifo.rf/grf.rf/gntv_or_sync_fifo.gl0.rd/gras.rsts/E[0]                                                | dbg_hub/inst/BSCANID.u_xsdbm_id/CORE_XSDB.UUT_MASTER/U_ICON_INTERFACE/U_CMD6_WR/U_WR_FIFO/SUBCORE_FIFO.xsdbm_v3_0_3_wrfifo_inst/inst_fifo_gen/gconvfifo.rf/grf.rf/rstblk/ngwrdrst.grst.rd_rst_reg[2]                                    |                2 |              8 |         4.00 |
|  dbg_hub/inst/BSCANID.u_xsdbm_id/itck_i | dbg_hub/inst/BSCANID.u_xsdbm_id/CORE_XSDB.UUT_MASTER/U_ICON_INTERFACE/U_CMD6_RD/U_RD_FIFO/SUBCORE_FIFO.xsdbm_v3_0_3_rdfifo_inst/inst_fifo_gen/gconvfifo.rf/grf.rf/gntv_or_sync_fifo.gl0.rd/gr1.gr1_int.rfwft/E[0]                                        | dbg_hub/inst/BSCANID.u_xsdbm_id/CORE_XSDB.UUT_MASTER/U_ICON_INTERFACE/U_CMD6_RD/U_RD_FIFO/SUBCORE_FIFO.xsdbm_v3_0_3_rdfifo_inst/inst_fifo_gen/gconvfifo.rf/grf.rf/rstblk/ngwrdrst.grst.rd_rst_reg[2]                                    |                2 |              8 |         4.00 |
|  design_1_i/clk_wiz/inst/clk_out1       |                                                                                                                                                                                                                                                          | dbg_hub/inst/BSCANID.u_xsdbm_id/CORE_XSDB.UUT_MASTER/U_XSDB_BUS_CONTROLLER/timer_rst                                                                                                                                                    |                2 |              8 |         4.00 |
|  design_1_i/clk_wiz/inst/clk_out2       | en_IBUF                                                                                                                                                                                                                                                  | design_1_i/sine_3ph_0/inst/u_sine_3ph_tc/count1000[1]                                                                                                                                                                                   |                2 |              9 |         4.50 |
|  dbg_hub/inst/BSCANID.u_xsdbm_id/itck_i |                                                                                                                                                                                                                                                          | dbg_hub/inst/BSCANID.u_xsdbm_id/CORE_XSDB.UUT_MASTER/U_ICON_INTERFACE/U_CMD6_RD/U_RD_FIFO/SUBCORE_FIFO.xsdbm_v3_0_3_rdfifo_inst/inst_fifo_gen/gconvfifo.rf/grf.rf/rstblk/ngwrdrst.grst.rd_rst_reg[2]                                    |                2 |             10 |         5.00 |
|  dbg_hub/inst/BSCANID.u_xsdbm_id/itck_i | dbg_hub/inst/BSCANID.u_xsdbm_id/CORE_XSDB.U_ICON/U_CMD/iTARGET_CE                                                                                                                                                                                        | dbg_hub/inst/BSCANID.u_xsdbm_id/CORE_XSDB.U_ICON/U_CMD/iSEL_n                                                                                                                                                                           |                2 |             10 |         5.00 |
|  design_1_i/clk_wiz/inst/clk_out1       | design_1_i/PFC3PH_0/inst/u_FET_CTRL/u_ShiftRegisterRAM_Wrapper_generic/u_SimpleDualPortRAM_generic/wr_en_1                                                                                                                                               |                                                                                                                                                                                                                                         |                2 |             10 |         5.00 |
|  design_1_i/clk_wiz/inst/clk_out1       | en_IBUF                                                                                                                                                                                                                                                  |                                                                                                                                                                                                                                         |                4 |             12 |         3.00 |
|  design_1_i/clk_wiz/inst/clk_out1       | dbg_hub/inst/BSCANID.u_xsdbm_id/CORE_XSDB.UUT_MASTER/U_ICON_INTERFACE/U_CMD6_RD/U_RD_FIFO/SUBCORE_FIFO.xsdbm_v3_0_3_rdfifo_inst/inst_fifo_gen/gconvfifo.rf/grf.rf/gntv_or_sync_fifo.gl0.wr/gwas.wsts/E[0]                                                | dbg_hub/inst/BSCANID.u_xsdbm_id/CORE_XSDB.UUT_MASTER/U_ICON_INTERFACE/U_CMD6_RD/U_RD_FIFO/SUBCORE_FIFO.xsdbm_v3_0_3_rdfifo_inst/inst_fifo_gen/gconvfifo.rf/grf.rf/rstblk/ngwrdrst.grst.wr_rst_reg[1]                                    |                2 |             12 |         6.00 |
|  dbg_hub/inst/BSCANID.u_xsdbm_id/itck_i | dbg_hub/inst/BSCANID.u_xsdbm_id/CORE_XSDB.UUT_MASTER/U_ICON_INTERFACE/U_CMD6_WR/U_WR_FIFO/SUBCORE_FIFO.xsdbm_v3_0_3_wrfifo_inst/inst_fifo_gen/gconvfifo.rf/grf.rf/gntv_or_sync_fifo.gl0.wr/gwas.wsts/E[0]                                                | dbg_hub/inst/BSCANID.u_xsdbm_id/CORE_XSDB.UUT_MASTER/U_ICON_INTERFACE/U_CMD6_WR/U_WR_FIFO/SUBCORE_FIFO.xsdbm_v3_0_3_wrfifo_inst/inst_fifo_gen/gconvfifo.rf/grf.rf/rstblk/ngwrdrst.grst.wr_rst_reg[1]                                    |                2 |             12 |         6.00 |
|  design_1_i/clk_wiz/inst/clk_out3       | en_IBUF                                                                                                                                                                                                                                                  |                                                                                                                                                                                                                                         |                2 |             12 |         6.00 |
|  design_1_i/clk_wiz/inst/clk_out1       | design_1_i/PFC3PH_0/inst/u_FET_CTRL/Multiply_Add_out1_1[16]_i_2_n_0                                                                                                                                                                                      | design_1_i/PFC3PH_0/inst/u_FET_CTRL/Multiply_Add_out1_1[16]_i_1_n_0                                                                                                                                                                     |                4 |             13 |         3.25 |
|  dbg_hub/inst/BSCANID.u_xsdbm_id/itck_i |                                                                                                                                                                                                                                                          | dbg_hub/inst/BSCANID.u_xsdbm_id/CORE_XSDB.UUT_MASTER/U_ICON_INTERFACE/U_CMD6_RD/U_RD_FIFO/SUBCORE_FIFO.xsdbm_v3_0_3_rdfifo_inst/inst_fifo_gen/gconvfifo.rf/grf.rf/rstblk/ngwrdrst.grst.rd_rst_reg[1]                                    |                4 |             16 |         4.00 |
|  dbg_hub/inst/BSCANID.u_xsdbm_id/itck_i | dbg_hub/inst/BSCANID.u_xsdbm_id/CORE_XSDB.UUT_MASTER/U_ICON_INTERFACE/U_CMD5/E[0]                                                                                                                                                                        | dbg_hub/inst/BSCANID.u_xsdbm_id/CORE_XSDB.UUT_MASTER/U_ICON_INTERFACE/rddata_rst                                                                                                                                                        |                5 |             16 |         3.20 |
|  dbg_hub/inst/BSCANID.u_xsdbm_id/itck_i | dbg_hub/inst/BSCANID.u_xsdbm_id/CORE_XSDB.UUT_MASTER/U_ICON_INTERFACE/U_CMD5/icn_cmd_en_reg[6][0]                                                                                                                                                        | dbg_hub/inst/BSCANID.u_xsdbm_id/CORE_XSDB.UUT_MASTER/U_ICON_INTERFACE/wrdata_rst                                                                                                                                                        |                3 |             16 |         5.33 |
|  design_1_i/clk_wiz/inst/clk_out1       | design_1_i/vio_0/inst/DECODER_INST/wr_probe_out_modified                                                                                                                                                                                                 | design_1_i/vio_0/inst/DECODER_INST/SR[0]                                                                                                                                                                                                |                9 |             16 |         1.78 |
|  dbg_hub/inst/BSCANID.u_xsdbm_id/itck_i | dbg_hub/inst/BSCANID.u_xsdbm_id/CORE_XSDB.UUT_MASTER/U_ICON_INTERFACE/U_CMD6_RD/U_RD_FIFO/SUBCORE_FIFO.xsdbm_v3_0_3_rdfifo_inst/inst_fifo_gen/gconvfifo.rf/grf.rf/gntv_or_sync_fifo.gl0.rd/gr1.gr1_int.rfwft/E[0]                                        |                                                                                                                                                                                                                                         |                4 |             16 |         4.00 |
|  dbg_hub/inst/BSCANID.u_xsdbm_id/itck_i | dbg_hub/inst/BSCANID.u_xsdbm_id/CORE_XSDB.UUT_MASTER/U_ICON_INTERFACE/U_CMD6_RD/U_RD_FIFO/SUBCORE_FIFO.xsdbm_v3_0_3_rdfifo_inst/inst_fifo_gen/gconvfifo.rf/grf.rf/gntv_or_sync_fifo.gl0.rd/gr1.gr1_int.rfwft/ngwrdrst.grst.g7serrst.rd_rst_reg_reg[0][0] |                                                                                                                                                                                                                                         |                5 |             16 |         3.20 |
|  design_1_i/clk_wiz/inst/clk_out1       |                                                                                                                                                                                                                                                          | dbg_hub/inst/BSCANID.u_xsdbm_id/CORE_XSDB.UUT_MASTER/U_ICON_INTERFACE/U_CMD6_WR/U_WR_FIFO/SUBCORE_FIFO.xsdbm_v3_0_3_wrfifo_inst/inst_fifo_gen/gconvfifo.rf/grf.rf/rstblk/ngwrdrst.grst.rd_rst_reg[1]                                    |                3 |             16 |         5.33 |
|  design_1_i/clk_wiz/inst/clk_out1       | dbg_hub/inst/BSCANID.u_xsdbm_id/CORE_XSDB.UUT_MASTER/U_ICON_INTERFACE/U_CMD6_WR/U_WR_FIFO/SUBCORE_FIFO.xsdbm_v3_0_3_wrfifo_inst/inst_fifo_gen/gconvfifo.rf/grf.rf/gntv_or_sync_fifo.gl0.rd/gras.rsts/E[0]                                                |                                                                                                                                                                                                                                         |                2 |             16 |         8.00 |
|  design_1_i/clk_wiz/inst/clk_out3       | design_1_i/MCP_DRIVER_0/inst/u_SPI_MNGR/tmp_74                                                                                                                                                                                                           | design_1_i/rst_clk_wiz_1_6M3/U0/peripheral_reset[0]                                                                                                                                                                                     |                5 |             16 |         3.20 |
|  design_1_i/clk_wiz/inst/clk_out3       | design_1_i/MCP_DRIVER_0/inst/u_SPI_MNGR/tmp_33                                                                                                                                                                                                           | design_1_i/rst_clk_wiz_1_6M3/U0/peripheral_reset[0]                                                                                                                                                                                     |                5 |             16 |         3.20 |
|  design_1_i/clk_wiz/inst/clk_out1       | design_1_i/vio_0/inst/U_XSDB_SLAVE/reg_test0                                                                                                                                                                                                             |                                                                                                                                                                                                                                         |                5 |             16 |         3.20 |
|  design_1_i/clk_wiz/inst/clk_out1       | dbg_hub/inst/BSCANID.u_xsdbm_id/CORE_XSDB.UUT_MASTER/U_XSDB_BURST_WD_LEN_CONTROLLER/burst_wd[0]_i_1_n_0                                                                                                                                                  | dbg_hub/inst/BSCANID.u_xsdbm_id/CORE_XSDB.UUT_MASTER/U_ICON_INTERFACE/U_CMD1/ctl_reg[0]                                                                                                                                                 |                5 |             17 |         3.40 |
|  design_1_i/clk_wiz/inst/clk_out1       | dbg_hub/inst/BSCANID.u_xsdbm_id/CORE_XSDB.UUT_MASTER/U_XSDB_ADDRESS_CONTROLLER/addr[16]_i_1_n_0                                                                                                                                                          | dbg_hub/inst/BSCANID.u_xsdbm_id/CORE_XSDB.UUT_MASTER/U_ICON_INTERFACE/U_CMD1/ctl_reg[0]                                                                                                                                                 |                5 |             17 |         3.40 |
|  design_1_i/clk_wiz/inst/clk_out1       | design_1_i/vio_0/inst/PROBE_OUT_ALL_INST/Committ_2                                                                                                                                                                                                       | design_1_i/vio_0/inst/DECODER_INST/SR[0]                                                                                                                                                                                                |               12 |             18 |         1.50 |
|  dbg_hub/inst/BSCANID.u_xsdbm_id/itck_i |                                                                                                                                                                                                                                                          | dbg_hub/inst/BSCANID.u_xsdbm_id/CORE_XSDB.UUT_MASTER/U_ICON_INTERFACE/U_CMD6_WR/U_WR_FIFO/SUBCORE_FIFO.xsdbm_v3_0_3_wrfifo_inst/inst_fifo_gen/gconvfifo.rf/grf.rf/rstblk/ngwrdrst.grst.wr_rst_reg[0]                                    |                3 |             18 |         6.00 |
|  design_1_i/clk_wiz/inst/clk_out1       | dbg_hub/inst/BSCANID.u_xsdbm_id/CORE_XSDB.UUT_MASTER/U_ICON_INTERFACE/U_CMD5/ctl_reg[17]_i_1_n_0                                                                                                                                                         | dbg_hub/inst/BSCANID.u_xsdbm_id/CORE_XSDB.UUT_MASTER/U_ICON_INTERFACE/U_CMD1/ctl_reg[0]                                                                                                                                                 |                3 |             18 |         6.00 |
|  design_1_i/clk_wiz/inst/clk_out1       | en_IBUF                                                                                                                                                                                                                                                  | design_1_i/PFC3PH_0/inst/u_FET_CTRL/mulOutput_1[17]_i_1_n_0                                                                                                                                                                             |                3 |             18 |         6.00 |
|  dbg_hub/inst/BSCANID.u_xsdbm_id/itck_i | dbg_hub/inst/BSCANID.u_xsdbm_id/CORE_XSDB.UUT_MASTER/U_ICON_INTERFACE/U_CMD5/icn_cmd_en_temp                                                                                                                                                             | dbg_hub/inst/BSCANID.u_xsdbm_id/CORE_XSDB.UUT_MASTER/U_ICON_INTERFACE/U_CMD1/ctl_reg[0]                                                                                                                                                 |                3 |             18 |         6.00 |
|  design_1_i/clk_wiz/inst/clk_out1       |                                                                                                                                                                                                                                                          | dbg_hub/inst/BSCANID.u_xsdbm_id/CORE_XSDB.UUT_MASTER/U_ICON_INTERFACE/U_CMD6_RD/U_RD_FIFO/SUBCORE_FIFO.xsdbm_v3_0_3_rdfifo_inst/inst_fifo_gen/gconvfifo.rf/grf.rf/rstblk/ngwrdrst.grst.wr_rst_reg[0]                                    |                3 |             18 |         6.00 |
|  dbg_hub/inst/BSCANID.u_xsdbm_id/itck_i | dbg_hub/inst/BSCANID.u_xsdbm_id/CORE_XSDB.UUT_MASTER/U_ICON_INTERFACE/U_CMD6_WR/U_WR_FIFO/SUBCORE_FIFO.xsdbm_v3_0_3_wrfifo_inst/inst_fifo_gen/gconvfifo.rf/grf.rf/gntv_or_sync_fifo.gl0.wr/gwas.wsts/E[0]                                                |                                                                                                                                                                                                                                         |                3 |             24 |         8.00 |
|  design_1_i/clk_wiz/inst/clk_out3       |                                                                                                                                                                                                                                                          |                                                                                                                                                                                                                                         |                7 |             24 |         3.43 |
|  design_1_i/clk_wiz/inst/clk_out1       | dbg_hub/inst/BSCANID.u_xsdbm_id/CORE_XSDB.UUT_MASTER/U_ICON_INTERFACE/U_CMD6_RD/U_RD_FIFO/SUBCORE_FIFO.xsdbm_v3_0_3_rdfifo_inst/inst_fifo_gen/gconvfifo.rf/grf.rf/gntv_or_sync_fifo.gl0.wr/gwas.wsts/E[0]                                                |                                                                                                                                                                                                                                         |                3 |             24 |         8.00 |
|  dbg_hub/inst/BSCANID.u_xsdbm_id/itck_i | dbg_hub/inst/BSCANID.u_xsdbm_id/CORE_XSDB.UUT_MASTER/U_ICON_INTERFACE/U_CMD4/icn_cmd_en_temp                                                                                                                                                             | dbg_hub/inst/BSCANID.u_xsdbm_id/CORE_XSDB.UUT_MASTER/U_ICON_INTERFACE/U_CMD1/ctl_reg[0]                                                                                                                                                 |                4 |             28 |         7.00 |
|  design_1_i/clk_wiz/inst/clk_out1       | dbg_hub/inst/BSCANID.u_xsdbm_id/CORE_XSDB.UUT_MASTER/U_ICON_INTERFACE/U_CMD4/ctl_reg[27]_i_1_n_0                                                                                                                                                         | dbg_hub/inst/BSCANID.u_xsdbm_id/CORE_XSDB.UUT_MASTER/U_ICON_INTERFACE/U_CMD1/ctl_reg[0]                                                                                                                                                 |                4 |             28 |         7.00 |
|  dbg_hub/inst/BSCANID.u_xsdbm_id/itck_i | dbg_hub/inst/BSCANID.u_xsdbm_id/SWITCH_N_EXT_BSCAN.bscan_switch/temp_curid[28]_i_1_n_0                                                                                                                                                                   | dbg_hub/inst/BSCANID.u_xsdbm_id/SWITCH_N_EXT_BSCAN.bscan_switch/temp_curid[31]_i_1_n_0                                                                                                                                                  |                8 |             31 |         3.88 |
|  design_1_i/clk_wiz/inst/clk_out1       | design_1_i/vio_0/inst/PROBE_OUT_ALL_INST/data_int                                                                                                                                                                                                        | design_1_i/vio_0/inst/DECODER_INST/SR[0]                                                                                                                                                                                                |               11 |             32 |         2.91 |
|  design_1_i/clk_wiz/inst/clk_out3       | design_1_i/amc_simulator_2/inst/u_cnter/E[0]                                                                                                                                                                                                             | design_1_i/rst_clk_wiz_1_6M3/U0/peripheral_reset[0]                                                                                                                                                                                     |               12 |             32 |         2.67 |
|  design_1_i/clk_wiz/inst/clk_out3       | design_1_i/amc_simulator_0/inst/u_cnter/E[0]                                                                                                                                                                                                             | design_1_i/rst_clk_wiz_1_6M3/U0/peripheral_reset[0]                                                                                                                                                                                     |               16 |             32 |         2.00 |
|  dbg_hub/inst/BSCANID.u_xsdbm_id/itck_i |                                                                                                                                                                                                                                                          | dbg_hub/inst/BSCANID.u_xsdbm_id/SWITCH_N_EXT_BSCAN.bscan_switch/shiftreg[31]_i_1_n_0                                                                                                                                                    |               11 |             32 |         2.91 |
|  design_1_i/clk_wiz/inst/clk_out3       | design_1_i/amc_simulator_1/inst/u_cnter/E[0]                                                                                                                                                                                                             | design_1_i/rst_clk_wiz_1_6M3/U0/peripheral_reset[0]                                                                                                                                                                                     |                9 |             32 |         3.56 |
|  dbg_hub/inst/BSCANID.u_xsdbm_id/itck_i | dbg_hub/inst/BSCANID.u_xsdbm_id/SWITCH_N_EXT_BSCAN.bscan_switch/bscanid[31]_i_1_n_0                                                                                                                                                                      | dbg_hub/inst/BSCANID.u_xsdbm_id/SWITCH_N_EXT_BSCAN.bscan_inst/RESET                                                                                                                                                                     |               10 |             32 |         3.20 |
|  design_1_i/clk_wiz/inst/clk_out2       |                                                                                                                                                                                                                                                          |                                                                                                                                                                                                                                         |               15 |             32 |         2.13 |
|  dbg_hub/inst/BSCANID.u_xsdbm_id/itck_i | dbg_hub/inst/BSCANID.u_xsdbm_id/SWITCH_N_EXT_BSCAN.id_state[1]_i_1_n_0                                                                                                                                                                                   | dbg_hub/inst/BSCANID.u_xsdbm_id/SWITCH_N_EXT_BSCAN.bscan_inst/RESET                                                                                                                                                                     |               10 |             34 |         3.40 |
|  design_1_i/clk_wiz/inst/clk_out1       | design_1_i/PFC3PH_0/inst/u_HDL_Subsystem/u_Sparse_Matrix_Vector_Product1/u_dot_product_6/u_ShiftRegisterRAM_Wrapper_1/u_SimpleDualPortRAM_generic/wr_en_1                                                                                                |                                                                                                                                                                                                                                         |                5 |             34 |         6.80 |
|  design_1_i/clk_wiz/inst/clk_out1       | design_1_i/vio_0/inst/DECODER_INST/E[0]                                                                                                                                                                                                                  |                                                                                                                                                                                                                                         |               20 |             35 |         1.75 |
|  design_1_i/clk_wiz/inst/clk_out1       | design_1_i/PFC3PH_0/inst/u_FET_CTRL/u_ShiftRegisterRAM_Wrapper/E[0]                                                                                                                                                                                      | design_1_i/rst_clk_wiz_1_6M1/U0/peripheral_reset[0]                                                                                                                                                                                     |               13 |             39 |         3.00 |
|  design_1_i/clk_wiz/inst/clk_out1       |                                                                                                                                                                                                                                                          | dbg_hub/inst/BSCANID.u_xsdbm_id/CORE_XSDB.UUT_MASTER/U_ICON_INTERFACE/U_CMD1/ctl_reg[0]                                                                                                                                                 |               16 |             41 |         2.56 |
|  design_1_i/clk_wiz/inst/clk_out1       |                                                                                                                                                                                                                                                          | design_1_i/rst_clk_wiz_1_6M1/U0/peripheral_reset[0]                                                                                                                                                                                     |               23 |             44 |         1.91 |
|  design_1_i/clk_wiz/inst/clk_out1       | design_1_i/PFC3PH_0/inst/u_HDL_Subsystem/u_Sparse_Matrix_Vector_Product3/u_dot_product_7/u_ShiftRegisterRAM_Wrapper/u_SimpleDualPortRAM_generic/wr_en_1_0                                                                                                |                                                                                                                                                                                                                                         |                6 |             48 |         8.00 |
|  dbg_hub/inst/BSCANID.u_xsdbm_id/itck_i |                                                                                                                                                                                                                                                          |                                                                                                                                                                                                                                         |               19 |             63 |         3.32 |
|  design_1_i/clk_wiz/inst/clk_out1       | design_1_i/PFC3PH_0/inst/u_HDL_Subsystem/u_Sparse_Matrix_Vector_Product2/u_dot_product_7/u_ShiftRegisterRAM_Wrapper_1/u_SimpleDualPortRAM_generic/wr_en_1                                                                                                |                                                                                                                                                                                                                                         |                8 |             64 |         8.00 |
|  design_1_i/clk_wiz/inst/clk_out1       | design_1_i/PFC3PH_0/inst/u_HDL_Subsystem/u_ShiftRegisterRAM_Wrapper/dout_last_value0                                                                                                                                                                     | design_1_i/rst_clk_wiz_1_6M1/U0/peripheral_reset[0]                                                                                                                                                                                     |               15 |             72 |         4.80 |
|  design_1_i/clk_wiz/inst/clk_out1       | design_1_i/PFC3PH_0/inst/u_FET_CTRL/enb_gated_1                                                                                                                                                                                                          | design_1_i/rst_clk_wiz_1_6M1/U0/peripheral_reset[0]                                                                                                                                                                                     |               27 |             90 |         3.33 |
|  design_1_i/clk_wiz/inst/clk_out1       | design_1_i/PFC3PH_0/inst/u_FET_CTRL/enb_gated_2                                                                                                                                                                                                          | design_1_i/rst_clk_wiz_1_6M1/U0/peripheral_reset[0]                                                                                                                                                                                     |               31 |             90 |         2.90 |
|  design_1_i/clk_wiz/inst/clk_out1       | design_1_i/PFC3PH_0/inst/u_HDL_Subsystem/u_ShiftRegisterRAM_Wrapper/u_SimpleDualPortRAM_generic/wr_en_1                                                                                                                                                  |                                                                                                                                                                                                                                         |               12 |             96 |         8.00 |
|  design_1_i/clk_wiz/inst/clk_out1       | design_1_i/PFC3PH_0/inst/u_HDL_Subsystem/u_Sparse_Matrix_Vector_Product/enb_gated_1                                                                                                                                                                      | design_1_i/rst_clk_wiz_1_6M1/U0/peripheral_reset[0]                                                                                                                                                                                     |               24 |            120 |         5.00 |
|  design_1_i/clk_wiz/inst/clk_out1       | design_1_i/PFC3PH_0/inst/u_HDL_Subsystem/u_Sparse_Matrix_Vector_Product/u_dot_product_9/u_ShiftRegisterRAM_Wrapper_1/u_SimpleDualPortRAM_generic/wr_en_1                                                                                                 |                                                                                                                                                                                                                                         |               17 |            136 |         8.00 |
|  design_1_i/clk_wiz/inst/clk_out1       | design_1_i/PFC3PH_0/inst/u_HDL_Subsystem/u_Sparse_Matrix_Vector_Product3/u_dot_product_7/u_ShiftRegisterRAM_Wrapper/u_SimpleDualPortRAM_generic/wr_en_1_1                                                                                                |                                                                                                                                                                                                                                         |               17 |            136 |         8.00 |
|  design_1_i/clk_wiz/inst/clk_out1       | design_1_i/PFC3PH_0/inst/u_HDL_Subsystem/u_Sparse_Matrix_Vector_Product3/u_dot_product_7/u_ShiftRegisterRAM_Wrapper/E[0]                                                                                                                                 | design_1_i/rst_clk_wiz_1_6M1/U0/peripheral_reset[0]                                                                                                                                                                                     |               43 |            138 |         3.21 |
|  design_1_i/clk_wiz/inst/clk_out1       | design_1_i/PFC3PH_0/inst/u_HDL_Subsystem/u_Sparse_Matrix_Vector_Product1/u_dot_product_6/u_ShiftRegisterRAM_Wrapper/E[0]                                                                                                                                 | design_1_i/rst_clk_wiz_1_6M1/U0/peripheral_reset[0]                                                                                                                                                                                     |               50 |            150 |         3.00 |
|  design_1_i/clk_wiz/inst/clk_out1       | design_1_i/PFC3PH_0/inst/u_HDL_Subsystem/enb_gated_2                                                                                                                                                                                                     | design_1_i/rst_clk_wiz_1_6M1/U0/peripheral_reset[0]                                                                                                                                                                                     |               40 |            150 |         3.75 |
|  design_1_i/clk_wiz/inst/clk_out1       | design_1_i/PFC3PH_0/inst/u_HDL_Subsystem/u_Sparse_Matrix_Vector_Product1/enb_gated_1                                                                                                                                                                     | design_1_i/rst_clk_wiz_1_6M1/U0/peripheral_reset[0]                                                                                                                                                                                     |               49 |            156 |         3.18 |
|  design_1_i/clk_wiz/inst/clk_out1       | design_1_i/PFC3PH_0/inst/u_HDL_Subsystem/u_Sparse_Matrix_Vector_Product2/u_dot_product_7/u_ShiftRegisterRAM_Wrapper/u_SimpleDualPortRAM_generic/wr_en_1                                                                                                  |                                                                                                                                                                                                                                         |               21 |            168 |         8.00 |
|  design_1_i/clk_wiz/inst/clk_out1       | design_1_i/PFC3PH_0/inst/u_HDL_Subsystem/u_Sparse_Matrix_Vector_Product1/u_dot_product_6/u_ShiftRegisterRAM_Wrapper/u_SimpleDualPortRAM_generic/wr_en_1                                                                                                  |                                                                                                                                                                                                                                         |               21 |            168 |         8.00 |
|  design_1_i/clk_wiz/inst/clk_out1       | design_1_i/PFC3PH_0/inst/u_HDL_Subsystem/u_Sparse_Matrix_Vector_Product/u_dot_product_9/u_ShiftRegisterRAM_Wrapper/u_SimpleDualPortRAM_generic/wr_en_1                                                                                                   |                                                                                                                                                                                                                                         |               21 |            168 |         8.00 |
|  design_1_i/clk_wiz/inst/clk_out1       | design_1_i/PFC3PH_0/inst/u_HDL_Subsystem/u_Sparse_Matrix_Vector_Product2/u_dot_product_7/u_ShiftRegisterRAM_Wrapper/E[0]                                                                                                                                 | design_1_i/rst_clk_wiz_1_6M1/U0/peripheral_reset[0]                                                                                                                                                                                     |               53 |            171 |         3.23 |
|  design_1_i/clk_wiz/inst/clk_out1       | design_1_i/PFC3PH_0/inst/u_HDL_Subsystem/u_Sparse_Matrix_Vector_Product2/u_dot_product_7/clk_enable_0                                                                                                                                                    | design_1_i/rst_clk_wiz_1_6M1/U0/peripheral_reset[0]                                                                                                                                                                                     |               38 |            175 |         4.61 |
|  design_1_i/clk_wiz/inst/clk_out1       | design_1_i/PFC3PH_0/inst/u_HDL_Subsystem/u_Sparse_Matrix_Vector_Product/u_dot_product_9/u_ShiftRegisterRAM_Wrapper_1/E[0]                                                                                                                                | design_1_i/rst_clk_wiz_1_6M1/U0/peripheral_reset[0]                                                                                                                                                                                     |               72 |            225 |         3.12 |
|  design_1_i/clk_wiz/inst/clk_out3       | en_IBUF                                                                                                                                                                                                                                                  | design_1_i/rst_clk_wiz_1_6M3/U0/peripheral_reset[0]                                                                                                                                                                                     |              119 |            391 |         3.29 |
|  design_1_i/clk_wiz/inst/clk_out1       | design_1_i/PFC3PH_0/inst/u_HDL_Subsystem/u_Sparse_Matrix_Vector_Product3/enb_gated_1                                                                                                                                                                     | design_1_i/rst_clk_wiz_1_6M1/U0/peripheral_reset[0]                                                                                                                                                                                     |               92 |            494 |         5.37 |
|  design_1_i/clk_wiz/inst/clk_out1       | design_1_i/PFC3PH_0/inst/u_HDL_Subsystem/u_Sparse_Matrix_Vector_Product2/enb_gated_1                                                                                                                                                                     | design_1_i/rst_clk_wiz_1_6M1/U0/peripheral_reset[0]                                                                                                                                                                                     |              144 |            494 |         3.43 |
|  design_1_i/clk_wiz/inst/clk_out1       | design_1_i/PFC3PH_0/inst/u_simscape_system_tc/E[0]                                                                                                                                                                                                       | design_1_i/rst_clk_wiz_1_6M1/U0/peripheral_reset[0]                                                                                                                                                                                     |              218 |            749 |         3.44 |
|  design_1_i/clk_wiz/inst/clk_out1       |                                                                                                                                                                                                                                                          |                                                                                                                                                                                                                                         |              242 |           1205 |         4.98 |
|  design_1_i/clk_wiz/inst/clk_out1       | en_IBUF                                                                                                                                                                                                                                                  | design_1_i/rst_clk_wiz_1_6M1/U0/peripheral_reset[0]                                                                                                                                                                                     |             1251 |           5196 |         4.15 |
+-----------------------------------------+----------------------------------------------------------------------------------------------------------------------------------------------------------------------------------------------------------------------------------------------------------+-----------------------------------------------------------------------------------------------------------------------------------------------------------------------------------------------------------------------------------------+------------------+----------------+--------------+


