Archive member included to satisfy reference by file (symbol)

C:/ST/STM32CubeCLT_1.17.0/GNU-tools-for-STM32/bin/../lib/gcc/arm-none-eabi/12.3.1/../../../../arm-none-eabi/lib/thumb/v7e-m+fp/hard\libc_nano.a(libc_a-exit.o)
                              C:/ST/STM32CubeCLT_1.17.0/GNU-tools-for-STM32/bin/../lib/gcc/arm-none-eabi/12.3.1/../../../../arm-none-eabi/lib/thumb/v7e-m+fp/hard/crt0.o (exit)
C:/ST/STM32CubeCLT_1.17.0/GNU-tools-for-STM32/bin/../lib/gcc/arm-none-eabi/12.3.1/../../../../arm-none-eabi/lib/thumb/v7e-m+fp/hard\libc_nano.a(libc_a-findfp.o)
                              C:/ST/STM32CubeCLT_1.17.0/GNU-tools-for-STM32/bin/../lib/gcc/arm-none-eabi/12.3.1/../../../../arm-none-eabi/lib/thumb/v7e-m+fp/hard\libc_nano.a(libc_a-exit.o) (__stdio_exit_handler)
C:/ST/STM32CubeCLT_1.17.0/GNU-tools-for-STM32/bin/../lib/gcc/arm-none-eabi/12.3.1/../../../../arm-none-eabi/lib/thumb/v7e-m+fp/hard\libc_nano.a(libc_a-fwalk.o)
                              C:/ST/STM32CubeCLT_1.17.0/GNU-tools-for-STM32/bin/../lib/gcc/arm-none-eabi/12.3.1/../../../../arm-none-eabi/lib/thumb/v7e-m+fp/hard\libc_nano.a(libc_a-findfp.o) (_fwalk_sglue)
C:/ST/STM32CubeCLT_1.17.0/GNU-tools-for-STM32/bin/../lib/gcc/arm-none-eabi/12.3.1/../../../../arm-none-eabi/lib/thumb/v7e-m+fp/hard\libc_nano.a(libc_a-stdio.o)
                              C:/ST/STM32CubeCLT_1.17.0/GNU-tools-for-STM32/bin/../lib/gcc/arm-none-eabi/12.3.1/../../../../arm-none-eabi/lib/thumb/v7e-m+fp/hard\libc_nano.a(libc_a-findfp.o) (__sread)
C:/ST/STM32CubeCLT_1.17.0/GNU-tools-for-STM32/bin/../lib/gcc/arm-none-eabi/12.3.1/../../../../arm-none-eabi/lib/thumb/v7e-m+fp/hard\libc_nano.a(libc_a-memset.o)
                              C:/ST/STM32CubeCLT_1.17.0/GNU-tools-for-STM32/bin/../lib/gcc/arm-none-eabi/12.3.1/../../../../arm-none-eabi/lib/thumb/v7e-m+fp/hard/crt0.o (memset)
C:/ST/STM32CubeCLT_1.17.0/GNU-tools-for-STM32/bin/../lib/gcc/arm-none-eabi/12.3.1/../../../../arm-none-eabi/lib/thumb/v7e-m+fp/hard\libc_nano.a(libc_a-closer.o)
                              C:/ST/STM32CubeCLT_1.17.0/GNU-tools-for-STM32/bin/../lib/gcc/arm-none-eabi/12.3.1/../../../../arm-none-eabi/lib/thumb/v7e-m+fp/hard\libc_nano.a(libc_a-stdio.o) (_close_r)
C:/ST/STM32CubeCLT_1.17.0/GNU-tools-for-STM32/bin/../lib/gcc/arm-none-eabi/12.3.1/../../../../arm-none-eabi/lib/thumb/v7e-m+fp/hard\libc_nano.a(libc_a-reent.o)
                              C:/ST/STM32CubeCLT_1.17.0/GNU-tools-for-STM32/bin/../lib/gcc/arm-none-eabi/12.3.1/../../../../arm-none-eabi/lib/thumb/v7e-m+fp/hard\libc_nano.a(libc_a-closer.o) (errno)
C:/ST/STM32CubeCLT_1.17.0/GNU-tools-for-STM32/bin/../lib/gcc/arm-none-eabi/12.3.1/../../../../arm-none-eabi/lib/thumb/v7e-m+fp/hard\libc_nano.a(libc_a-impure.o)
                              C:/ST/STM32CubeCLT_1.17.0/GNU-tools-for-STM32/bin/../lib/gcc/arm-none-eabi/12.3.1/../../../../arm-none-eabi/lib/thumb/v7e-m+fp/hard\libc_nano.a(libc_a-reent.o) (_impure_ptr)
C:/ST/STM32CubeCLT_1.17.0/GNU-tools-for-STM32/bin/../lib/gcc/arm-none-eabi/12.3.1/../../../../arm-none-eabi/lib/thumb/v7e-m+fp/hard\libc_nano.a(libc_a-lseekr.o)
                              C:/ST/STM32CubeCLT_1.17.0/GNU-tools-for-STM32/bin/../lib/gcc/arm-none-eabi/12.3.1/../../../../arm-none-eabi/lib/thumb/v7e-m+fp/hard\libc_nano.a(libc_a-stdio.o) (_lseek_r)
C:/ST/STM32CubeCLT_1.17.0/GNU-tools-for-STM32/bin/../lib/gcc/arm-none-eabi/12.3.1/../../../../arm-none-eabi/lib/thumb/v7e-m+fp/hard\libc_nano.a(libc_a-readr.o)
                              C:/ST/STM32CubeCLT_1.17.0/GNU-tools-for-STM32/bin/../lib/gcc/arm-none-eabi/12.3.1/../../../../arm-none-eabi/lib/thumb/v7e-m+fp/hard\libc_nano.a(libc_a-stdio.o) (_read_r)
C:/ST/STM32CubeCLT_1.17.0/GNU-tools-for-STM32/bin/../lib/gcc/arm-none-eabi/12.3.1/../../../../arm-none-eabi/lib/thumb/v7e-m+fp/hard\libc_nano.a(libc_a-writer.o)
                              C:/ST/STM32CubeCLT_1.17.0/GNU-tools-for-STM32/bin/../lib/gcc/arm-none-eabi/12.3.1/../../../../arm-none-eabi/lib/thumb/v7e-m+fp/hard\libc_nano.a(libc_a-stdio.o) (_write_r)
C:/ST/STM32CubeCLT_1.17.0/GNU-tools-for-STM32/bin/../lib/gcc/arm-none-eabi/12.3.1/../../../../arm-none-eabi/lib/thumb/v7e-m+fp/hard\libc_nano.a(libc_a-init.o)
                              C:/ST/STM32CubeCLT_1.17.0/GNU-tools-for-STM32/bin/../lib/gcc/arm-none-eabi/12.3.1/../../../../arm-none-eabi/lib/thumb/v7e-m+fp/hard/crt0.o (__libc_init_array)
C:/ST/STM32CubeCLT_1.17.0/GNU-tools-for-STM32/bin/../lib/gcc/arm-none-eabi/12.3.1/../../../../arm-none-eabi/lib/thumb/v7e-m+fp/hard\libc_nano.a(libc_a-lock.o)
                              C:/ST/STM32CubeCLT_1.17.0/GNU-tools-for-STM32/bin/../lib/gcc/arm-none-eabi/12.3.1/../../../../arm-none-eabi/lib/thumb/v7e-m+fp/hard\libc_nano.a(libc_a-findfp.o) (__retarget_lock_init_recursive)
C:/ST/STM32CubeCLT_1.17.0/GNU-tools-for-STM32/bin/../lib/gcc/arm-none-eabi/12.3.1/../../../../arm-none-eabi/lib/thumb/v7e-m+fp/hard\libc_nano.a(libc_a-freer.o)
[...]
Memory Configuration

Name             Origin             Length             Attributes
RAM              0x20000000         0x00020000         xrw
FLASH            0x08000000         0x00080000         xr
*default*        0x00000000         0xffffffff

Linker script and memory map

LOAD C:/ST/STM32CubeCLT_1.17.0/GNU-tools-for-STM32/bin/../lib/gcc/arm-none-eabi/12.3.1/thumb/v7e-m+fp/hard/crti.o
LOAD C:/ST/STM32CubeCLT_1.17.0/GNU-tools-for-STM32/bin/../lib/gcc/arm-none-eabi/12.3.1/thumb/v7e-m+fp/hard/crtbegin.o
LOAD C:/ST/STM32CubeCLT_1.17.0/GNU-tools-for-STM32/bin/../lib/gcc/arm-none-eabi/12.3.1/../../../../arm-none-eabi/lib/thumb/v7e-m+fp/hard/crt0.o
START GROUP
LOAD C:/ST/STM32CubeCLT_1.17.0/GNU-tools-for-STM32/bin/../lib/gcc/arm-none-eabi/12.3.1/../../../../arm-none-eabi/lib/thumb/v7e-m+fp/hard\libc_nano.a
LOAD C:/ST/STM32CubeCLT_1.17.0/GNU-tools-for-STM32/bin/../lib/gcc/arm-none-eabi/12.3.1/../../../../arm-none-eabi/lib/thumb/v7e-m+fp/hard\libm.a
END GROUP
LOAD CMakeFiles/3ph_ctrl.dir/Core/Src/main.c.obj
LOAD CMakeFiles/3ph_ctrl.dir/Core/Src/stm32g4xx_it.c.obj
LOAD CMakeFiles/3ph_ctrl.dir/Core/Src/stm32g4xx_hal_msp.c.obj
LOAD CMakeFiles/3ph_ctrl.dir/Core/Src/sysmem.c.obj
LOAD CMakeFiles/3ph_ctrl.dir/Core/Src/syscalls.c.obj
LOAD CMakeFiles/3ph_ctrl.dir/startup_stm32g474xx.s.obj
LOAD cmake/stm32cubemx/CMakeFiles/STM32_Drivers.dir/__/__/Core/Src/system_stm32g4xx.c.obj
LOAD cmake/stm32cubemx/CMakeFiles/STM32_Drivers.dir/__/__/Drivers/STM32G4xx_HAL_Driver/Src/stm32g4xx_ll_utils.c.obj
LOAD cmake/stm32cubemx/CMakeFiles/STM32_Drivers.dir/__/__/Drivers/STM32G4xx_HAL_Driver/Src/stm32g4xx_ll_exti.c.obj
LOAD cmake/stm32cubemx/CMakeFiles/STM32_Drivers.dir/__/__/Drivers/STM32G4xx_HAL_Driver/Src/stm32g4xx_ll_gpio.c.obj
LOAD cmake/stm32cubemx/CMakeFiles/STM32_Drivers.dir/__/__/Drivers/STM32G4xx_HAL_Driver/Src/stm32g4xx_ll_adc.c.obj
LOAD cmake/stm32cubemx/CMakeFiles/STM32_Drivers.dir/__/__/Drivers/STM32G4xx_HAL_Driver/Src/stm32g4xx_ll_dma.c.obj
LOAD cmake/stm32cubemx/CMakeFiles/STM32_Drivers.dir/__/__/Drivers/STM32G4xx_HAL_Driver/Src/stm32g4xx_ll_pwr.c.obj
LOAD cmake/stm32cubemx/CMakeFiles/STM32_Drivers.dir/__/__/Drivers/STM32G4xx_HAL_Driver/Src/stm32g4xx_hal.c.obj
LOAD cmake/stm32cubemx/CMakeFiles/STM32_Drivers.dir/__/__/Drivers/STM32G4xx_HAL_Driver/Src/stm32g4xx_hal_rcc.c.obj
LOAD cmake/stm32cubemx/CMakeFiles/STM32_Drivers.dir/__/__/Drivers/STM32G4xx_HAL_Driver/Src/stm32g4xx_hal_rcc_ex.c.obj
LOAD cmake/stm32cubemx/CMakeFiles/STM32_Drivers.dir/__/__/Drivers/STM32G4xx_HAL_Driver/Src/stm32g4xx_hal_flash.c.obj
LOAD cmake/stm32cubemx/CMakeFiles/STM32_Drivers.dir/__/__/Drivers/STM32G4xx_HAL_Driver/Src/stm32g4xx_hal_flash_ex.c.obj
LOAD cmake/stm32cubemx/CMakeFiles/STM32_Drivers.dir/__/__/Drivers/STM32G4xx_HAL_Driver/Src/stm32g4xx_hal_flash_ramfunc.c.obj
LOAD cmake/stm32cubemx/CMakeFiles/STM32_Drivers.dir/__/__/Drivers/STM32G4xx_HAL_Driver/Src/stm32g4xx_hal_gpio.c.obj
LOAD cmake/stm32cubemx/CMakeFiles/STM32_Drivers.dir/__/__/Drivers/STM32G4xx_HAL_Driver/Src/stm32g4xx_hal_exti.c.obj
LOAD cmake/stm32cubemx/CMakeFiles/STM32_Drivers.dir/__/__/Drivers/STM32G4xx_HAL_Driver/Src/stm32g4xx_hal_dma.c.obj
LOAD cmake/stm32cubemx/CMakeFiles/STM32_Drivers.dir/__/__/Drivers/STM32G4xx_HAL_Driver/Src/stm32g4xx_hal_dma_ex.c.obj
LOAD cmake/stm32cubemx/CMakeFiles/STM32_Drivers.dir/__/__/Drivers/STM32G4xx_HAL_Driver/Src/stm32g4xx_hal_pwr.c.obj
LOAD cmake/stm32cubemx/CMakeFiles/STM32_Drivers.dir/__/__/Drivers/STM32G4xx_HAL_Driver/Src/stm32g4xx_hal_pwr_ex.c.obj
LOAD cmake/stm32cubemx/CMakeFiles/STM32_Drivers.dir/__/__/Drivers/STM32G4xx_HAL_Driver/Src/stm32g4xx_hal_cortex.c.obj
LOAD cmake/stm32cubemx/CMakeFiles/STM32_Drivers.dir/__/__/Drivers/STM32G4xx_HAL_Driver/Src/stm32g4xx_ll_fmac.c.obj
LOAD cmake/stm32cubemx/CMakeFiles/STM32_Drivers.dir/__/__/Drivers/STM32G4xx_HAL_Driver/Src/stm32g4xx_ll_hrtim.c.obj
LOAD cmake/stm32cubemx/CMakeFiles/STM32_Drivers.dir/__/__/Drivers/STM32G4xx_HAL_Driver/Src/stm32g4xx_ll_tim.c.obj
LOAD cmake/stm32cubemx/CMakeFiles/STM32_Drivers.dir/__/__/Drivers/STM32G4xx_HAL_Driver/Src/stm32g4xx_hal_usart.c.obj
LOAD cmake/stm32cubemx/CMakeFiles/STM32_Drivers.dir/__/__/Drivers/STM32G4xx_HAL_Driver/Src/stm32g4xx_hal_usart_ex.c.obj
LOAD cmake/stm32cubemx/CMakeFiles/STM32_Drivers.dir/__/__/Drivers/STM32G4xx_HAL_Driver/Src/stm32g4xx_hal_uart_ex.c.obj
LOAD cmake/stm32cubemx/CMakeFiles/STM32_Drivers.dir/__/__/Drivers/STM32G4xx_HAL_Driver/Src/stm32g4xx_hal_uart.c.obj
LOAD cmake/stm32cubemx/CMakeFiles/STM32_Drivers.dir/__/__/Drivers/BSP/STM32G4xx_Nucleo/stm32g4xx_nucleo.c.obj
LOAD ctrl_ez\ARMCortex-M\_ref\ctrl_ez\libctrl_ez_rtwlib.a
LOAD ARMCortex-M\_shared\librtwshared.a
START GROUP
LOAD C:/ST/STM32CubeCLT_1.17.0/GNU-tools-for-STM32/bin/../lib/gcc/arm-none-eabi/12.3.1/thumb/v7e-m+fp/hard\libgcc.a
LOAD C:/ST/STM32CubeCLT_1.17.0/GNU-tools-for-STM32/bin/../lib/gcc/arm-none-eabi/12.3.1/../../../../arm-none-eabi/lib/thumb/v7e-m+fp/hard\libg_nano.a
LOAD C:/ST/STM32CubeCLT_1.17.0/GNU-tools-for-STM32/bin/../lib/gcc/arm-none-eabi/12.3.1/../../../../arm-none-eabi/lib/thumb/v7e-m+fp/hard\libc_nano.a
END GROUP
START GROUP
LOAD C:/ST/STM32CubeCLT_1.17.0/GNU-tools-for-STM32/bin/../lib/gcc/arm-none-eabi/12.3.1/thumb/v7e-m+fp/hard\libgcc.a
LOAD C:/ST/STM32CubeCLT_1.17.0/GNU-tools-for-STM32/bin/../lib/gcc/arm-none-eabi/12.3.1/../../../../arm-none-eabi/lib/thumb/v7e-m+fp/hard\libc_nano.a
END GROUP
LOAD C:/ST/STM32CubeCLT_1.17.0/GNU-tools-for-STM32/bin/../lib/gcc/arm-none-eabi/12.3.1/thumb/v7e-m+fp/hard/crtend.o
LOAD C:/ST/STM32CubeCLT_1.17.0/GNU-tools-for-STM32/bin/../lib/gcc/arm-none-eabi/12.3.1/thumb/v7e-m+fp/hard/crtn.o
                0x20020000                        _estack = (ORIGIN (RAM) + LENGTH (RAM))
                0x00000200                        _Min_Heap_Size = 0x200
                0x00000400                        _Min_Stack_Size = 0x400

.isr_vector     0x08000000      0x1d8
                0x08000000                        . = ALIGN (0x4)
 *(.isr_vector)
 .isr_vector    0x08000000      0x1d8 CMakeFiles/3ph_ctrl.dir/startup_stm32g474xx.s.obj
                0x08000000                g_pfnVectors
                0x080001d8                        . = ALIGN (0x4)

.text           0x080001d8     0x4f38
                0x080001d8                        . = ALIGN (0x4)
 *(.text)
 .text          0x080001d8       0x40 C:/ST/STM32CubeCLT_1.17.0/GNU-tools-for-STM32/bin/../lib/gcc/arm-none-eabi/12.3.1/thumb/v7e-m+fp/hard/crtbegin.o
 .text          0x08000218      0x378 C:/ST/STM32CubeCLT_1.17.0/GNU-tools-for-STM32/bin/../lib/gcc/arm-none-eabi/12.3.1/thumb/v7e-m+fp/hard\libgcc.a(_arm_addsubdf3.o)
                0x08000218                __aeabi_drsub
                0x08000220                __aeabi_dsub
                0x08000220                __subdf3
                0x08000224                __aeabi_dadd
                0x08000224                __adddf3
                0x0800049c                __floatunsidf
                0x0800049c                __aeabi_ui2d
                0x080004bc                __floatsidf
                0x080004bc                __aeabi_i2d
                0x080004e0                __aeabi_f2d
                0x080004e0                __extendsfdf2
                0x08000524                __floatundidf
                0x08000524                __aeabi_ul2d
                0x08000534                __floatdidf
                0x08000534                __aeabi_l2d
 .text          0x08000590       0xa0 C:/ST/STM32CubeCLT_1.17.0/GNU-tools-for-STM32/bin/../lib/gcc/arm-none-eabi/12.3.1/thumb/v7e-m+fp/hard\libgcc.a(_arm_truncdfsf2.o)
                0x08000590                __truncdfsf2
                0x08000590                __aeabi_d2f
 .text          0x08000630       0x30 C:/ST/STM32CubeCLT_1.17.0/GNU-tools-for-STM32/bin/../lib/gcc/arm-none-eabi/12.3.1/thumb/v7e-m+fp/hard\libgcc.a(_aeabi_uldivmod.o)
                0x08000630                __aeabi_uldivmod
 .text          0x08000660      0x2bc C:/ST/STM32CubeCLT_1.17.0/GNU-tools-for-STM32/bin/../lib/gcc/arm-none-eabi/12.3.1/thumb/v7e-m+fp/hard\libgcc.a(_udivmoddi4.o)
                0x08000660                __udivmoddi4
 .text          0x0800091c        0x4 C:/ST/STM32CubeCLT_1.17.0/GNU-tools-for-STM32/bin/../lib/gcc/arm-none-eabi/12.3.1/thumb/v7e-m+fp/hard\libgcc.a(_dvmd_tls.o)
                0x0800091c                __aeabi_idiv0
                0x0800091c                __aeabi_ldiv0
 .text          0x08000920      0x424 C:/ST/STM32CubeCLT_1.17.0/GNU-tools-for-STM32/bin/../lib/gcc/arm-none-eabi/12.3.1/thumb/v7e-m+fp/hard\libgcc.a(_arm_muldivdf3.o)
                0x08000920                __aeabi_dmul
                0x08000920                __muldf3
                0x08000b74                __divdf3
                0x08000b74                __aeabi_ddiv
 .text          0x08000d44      0x110 C:/ST/STM32CubeCLT_1.17.0/GNU-tools-for-STM32/bin/../lib/gcc/arm-none-eabi/12.3.1/thumb/v7e-m+fp/hard\libgcc.a(_arm_cmpdf2.o)
                0x08000d44                __gtdf2
                0x08000d44                __gedf2
                0x08000d4c                __ltdf2
                0x08000d4c                __ledf2
                0x08000d54                __nedf2
                0x08000d54                __eqdf2
                0x08000d54                __cmpdf2
                0x08000dd0                __aeabi_cdrcmple
                0x08000de0                __aeabi_cdcmpeq
                0x08000de0                __aeabi_cdcmple
                0x08000df0                __aeabi_dcmpeq
                0x08000e04                __aeabi_dcmplt
                0x08000e18                __aeabi_dcmple
                0x08000e2c                __aeabi_dcmpge
                0x08000e40                __aeabi_dcmpgt
 .text          0x08000e54       0x2c C:/ST/STM32CubeCLT_1.17.0/GNU-tools-for-STM32/bin/../lib/gcc/arm-none-eabi/12.3.1/thumb/v7e-m+fp/hard\libgcc.a(_arm_unorddf2.o)
                0x08000e54                __unorddf2
                0x08000e54                __aeabi_dcmpun
 *(.text*)
 .text.__libc_init_array
                0x08000e80       0x48 C:/ST/STM32CubeCLT_1.17.0/GNU-tools-for-STM32/bin/../lib/gcc/arm-none-eabi/12.3.1/../../../../arm-none-eabi/lib/thumb/v7e-m+fp/hard\libc_nano.a(libc_a-init.o)
                0x08000e80                __libc_init_array
 .text.LL_TIM_IC_SetFilter.constprop.0
                0x08000ec8       0x58 CMakeFiles/3ph_ctrl.dir/Core/Src/main.c.obj
 .text.LL_HRTIM_OUT_SetChopperMode.constprop.0
                0x08000f20       0x40 CMakeFiles/3ph_ctrl.dir/Core/Src/main.c.obj
 .text.LL_HRTIM_OUT_SetFaultState.constprop.0
                0x08000f60       0x40 CMakeFiles/3ph_ctrl.dir/Core/Src/main.c.obj
 .text.LL_HRTIM_OUT_SetIdleLevel.constprop.0
                0x08000fa0       0x40 CMakeFiles/3ph_ctrl.dir/Core/Src/main.c.obj
 .text.LL_HRTIM_OUT_SetIdleMode.constprop.0
                0x08000fe0       0x40 CMakeFiles/3ph_ctrl.dir/Core/Src/main.c.obj
 .text.LL_HRTIM_OUT_SetPolarity.constprop.0
                0x08001020       0x40 CMakeFiles/3ph_ctrl.dir/Core/Src/main.c.obj
 .text.LL_HRTIM_OUT_SetOutputResetSrc.constprop.0
                0x08001060       0x2c CMakeFiles/3ph_ctrl.dir/Core/Src/main.c.obj
 .text.LL_HRTIM_OUT_SetOutputSetSrc.constprop.0
                0x0800108c       0x2c CMakeFiles/3ph_ctrl.dir/Core/Src/main.c.obj
 .text.LL_HRTIM_DT_SetFallingSign.constprop.0
                0x080010b8       0x28 CMakeFiles/3ph_ctrl.dir/Core/Src/main.c.obj
 .text.LL_HRTIM_DT_SetFallingValue.constprop.0
                0x080010e0       0x30 CMakeFiles/3ph_ctrl.dir/Core/Src/main.c.obj
 .text.LL_HRTIM_DT_SetRisingSign.constprop.0
                0x08001110       0x28 CMakeFiles/3ph_ctrl.dir/Core/Src/main.c.obj
 .text.LL_HRTIM_DT_SetRisingValue.constprop.0
                0x08001138       0x2c CMakeFiles/3ph_ctrl.dir/Core/Src/main.c.obj
 .text.LL_HRTIM_DT_SetPrescaler.constprop.0
                0x08001164       0x28 CMakeFiles/3ph_ctrl.dir/Core/Src/main.c.obj
 .text.LL_HRTIM_TIM_SetCountingMode.constprop.0
                0x0800118c       0x34 CMakeFiles/3ph_ctrl.dir/Core/Src/main.c.obj
 .text.LL_HRTIM_TIM_SetOutputRollOverMode.constprop.0
                0x080011c0       0x34 CMakeFiles/3ph_ctrl.dir/Core/Src/main.c.obj
 .text.LL_HRTIM_TIM_SetADCRollOverMode.constprop.0
                0x080011f4       0x34 CMakeFiles/3ph_ctrl.dir/Core/Src/main.c.obj
 .text.LL_HRTIM_TIM_SetBMRollOverMode.constprop.0
                0x08001228       0x34 CMakeFiles/3ph_ctrl.dir/Core/Src/main.c.obj
 .text.LL_HRTIM_TIM_SetFaultEventRollOverMode.constprop.0
                0x0800125c       0x34 CMakeFiles/3ph_ctrl.dir/Core/Src/main.c.obj
 .text.LL_HRTIM_TIM_SetRollOverMode.constprop.0
                0x08001290       0x34 CMakeFiles/3ph_ctrl.dir/Core/Src/main.c.obj
 .text.LL_HRTIM_TIM_SetComp1Mode.constprop.0
                0x080012c4       0x34 CMakeFiles/3ph_ctrl.dir/Core/Src/main.c.obj
 .text.LL_HRTIM_TIM_EnableDeadTime.constprop.0
                0x080012f8       0x28 CMakeFiles/3ph_ctrl.dir/Core/Src/main.c.obj
 .text.LL_HRTIM_TIM_SetCompare1.constprop.0
                0x08001320       0x28 CMakeFiles/3ph_ctrl.dir/Core/Src/main.c.obj
 .text.LL_HRTIM_TIM_SetRepetition.constprop.0
                0x08001348       0x28 CMakeFiles/3ph_ctrl.dir/Core/Src/main.c.obj
 .text.LL_HRTIM_TIM_SetPeriod.constprop.0
                0x08001370       0x30 CMakeFiles/3ph_ctrl.dir/Core/Src/main.c.obj
 .text.LL_HRTIM_TIM_DisablePushPullMode.constprop.0
                0x080013a0       0x28 CMakeFiles/3ph_ctrl.dir/Core/Src/main.c.obj
 .text.LL_HRTIM_TIM_SetUpdateGating.constprop.0
                0x080013c8       0x34 CMakeFiles/3ph_ctrl.dir/Core/Src/main.c.obj
 .text.LL_HRTIM_TIM_SetUpdateTrig.constprop.0
                0x080013fc       0x48 CMakeFiles/3ph_ctrl.dir/Core/Src/main.c.obj
 .text.LL_HRTIM_TIM_EnablePreload.constprop.0
                0x08001444       0x28 CMakeFiles/3ph_ctrl.dir/Core/Src/main.c.obj
 .text.LL_HRTIM_TIM_SetDACTrig.constprop.0
                0x0800146c       0x28 CMakeFiles/3ph_ctrl.dir/Core/Src/main.c.obj
 .text.LL_HRTIM_TIM_DisableResetOnSync.constprop.0
                0x08001494       0x28 CMakeFiles/3ph_ctrl.dir/Core/Src/main.c.obj
 .text.LL_HRTIM_TIM_DisableStartOnSync.constprop.0
                0x080014bc       0x28 CMakeFiles/3ph_ctrl.dir/Core/Src/main.c.obj
 .text.LL_HRTIM_TIM_SetInterleavedMode.constprop.0
                0x080014e4       0x34 CMakeFiles/3ph_ctrl.dir/Core/Src/main.c.obj
 .text.LL_HRTIM_TIM_DisableResyncUpdate.constprop.0
                0x08001518       0x28 CMakeFiles/3ph_ctrl.dir/Core/Src/main.c.obj
 .text.LL_HRTIM_TIM_DisableHalfMode.constprop.0
                0x08001540       0x3c CMakeFiles/3ph_ctrl.dir/Core/Src/main.c.obj
 .text.LL_HRTIM_TIM_SetCounterMode.constprop.0
                0x0800157c       0x2c CMakeFiles/3ph_ctrl.dir/Core/Src/main.c.obj
 .text.LL_HRTIM_TIM_SetPrescaler.constprop.0
                0x080015a8       0x2c CMakeFiles/3ph_ctrl.dir/Core/Src/main.c.obj
 .text.NVIC_EncodePriority.constprop.0
                0x080015d4        0x4 CMakeFiles/3ph_ctrl.dir/Core/Src/main.c.obj
 .text.SystemClock_Config
                0x080015d8       0xe8 CMakeFiles/3ph_ctrl.dir/Core/Src/main.c.obj
                0x080015d8                SystemClock_Config
 .text.startup.main
                0x080016c0     0x12c8 CMakeFiles/3ph_ctrl.dir/Core/Src/main.c.obj
                0x080016c0                main
 .text.NMI_Handler
                0x08002988        0x4 CMakeFiles/3ph_ctrl.dir/Core/Src/stm32g4xx_it.c.obj
                0x08002988                NMI_Handler
 .text.HardFault_Handler
                0x0800298c        0x4 CMakeFiles/3ph_ctrl.dir/Core/Src/stm32g4xx_it.c.obj
                0x0800298c                HardFault_Handler
 .text.MemManage_Handler
                0x08002990        0x4 CMakeFiles/3ph_ctrl.dir/Core/Src/stm32g4xx_it.c.obj
                0x08002990                MemManage_Handler
 .text.BusFault_Handler
                0x08002994        0x4 CMakeFiles/3ph_ctrl.dir/Core/Src/stm32g4xx_it.c.obj
                0x08002994                BusFault_Handler
 .text.UsageFault_Handler
                0x08002998        0x4 CMakeFiles/3ph_ctrl.dir/Core/Src/stm32g4xx_it.c.obj
                0x08002998                UsageFault_Handler
 .text.SVC_Handler
                0x0800299c        0x4 CMakeFiles/3ph_ctrl.dir/Core/Src/stm32g4xx_it.c.obj
                0x0800299c                SVC_Handler
 .text.DebugMon_Handler
                0x080029a0        0x4 CMakeFiles/3ph_ctrl.dir/Core/Src/stm32g4xx_it.c.obj
                0x080029a0                DebugMon_Handler
 .text.PendSV_Handler
                0x080029a4        0x4 CMakeFiles/3ph_ctrl.dir/Core/Src/stm32g4xx_it.c.obj
                0x080029a4                PendSV_Handler
 .text.SysTick_Handler
                0x080029a8        0x4 CMakeFiles/3ph_ctrl.dir/Core/Src/stm32g4xx_it.c.obj
                0x080029a8                SysTick_Handler
 .text.DMA1_Channel1_IRQHandler
                0x080029ac       0x14 CMakeFiles/3ph_ctrl.dir/Core/Src/stm32g4xx_it.c.obj
                0x080029ac                DMA1_Channel1_IRQHandler
 .text.DMA1_Channel2_IRQHandler
                0x080029c0       0x14 CMakeFiles/3ph_ctrl.dir/Core/Src/stm32g4xx_it.c.obj
                0x080029c0                DMA1_Channel2_IRQHandler
 .text.DMA1_Channel3_IRQHandler
                0x080029d4       0x14 CMakeFiles/3ph_ctrl.dir/Core/Src/stm32g4xx_it.c.obj
                0x080029d4                DMA1_Channel3_IRQHandler
 .text.DMA1_Channel4_IRQHandler
                0x080029e8        0x4 CMakeFiles/3ph_ctrl.dir/Core/Src/stm32g4xx_it.c.obj
                0x080029e8                DMA1_Channel4_IRQHandler
 .text.DMA1_Channel5_IRQHandler
                0x080029ec        0x4 CMakeFiles/3ph_ctrl.dir/Core/Src/stm32g4xx_it.c.obj
                0x080029ec                DMA1_Channel5_IRQHandler
 .text.DMA1_Channel6_IRQHandler
                0x080029f0        0x4 CMakeFiles/3ph_ctrl.dir/Core/Src/stm32g4xx_it.c.obj
                0x080029f0                DMA1_Channel6_IRQHandler
 .text.DMA1_Channel7_IRQHandler
                0x080029f4        0x4 CMakeFiles/3ph_ctrl.dir/Core/Src/stm32g4xx_it.c.obj
                0x080029f4                DMA1_Channel7_IRQHandler
 .text.TIM1_UP_TIM16_IRQHandler
                0x080029f8      0x378 CMakeFiles/3ph_ctrl.dir/Core/Src/stm32g4xx_it.c.obj
                0x080029f8                TIM1_UP_TIM16_IRQHandler
 .text.EXTI15_10_IRQHandler
                0x08002d70       0x3c CMakeFiles/3ph_ctrl.dir/Core/Src/stm32g4xx_it.c.obj
                0x08002d70                EXTI15_10_IRQHandler
 .text.HAL_MspInit
                0x08002dac       0x34 CMakeFiles/3ph_ctrl.dir/Core/Src/stm32g4xx_hal_msp.c.obj
                0x08002dac                HAL_MspInit
 .text.Reset_Handler
                0x08002de0       0x50 CMakeFiles/3ph_ctrl.dir/startup_stm32g474xx.s.obj
                0x08002de0                Reset_Handler
 .text.Default_Handler
                0x08002e30        0x2 CMakeFiles/3ph_ctrl.dir/startup_stm32g474xx.s.obj
                0x08002e30                RTC_Alarm_IRQHandler
                0x08002e30                EXTI2_IRQHandler
                0x08002e30                TIM8_TRG_COM_IRQHandler
                0x08002e30                TIM8_CC_IRQHandler
                0x08002e30                HRTIM1_Master_IRQHandler
                0x08002e30                SPI4_IRQHandler
                0x08002e30                FDCAN3_IT0_IRQHandler
                0x08002e30                TIM1_CC_IRQHandler
                0x08002e30                HRTIM1_FLT_IRQHandler
                0x08002e30                HRTIM1_TIMF_IRQHandler
                0x08002e30                USB_HP_IRQHandler
                0x08002e30                CORDIC_IRQHandler
                0x08002e30                HRTIM1_TIMD_IRQHandler
                0x08002e30                DMA2_Channel8_IRQHandler
                0x08002e30                EXTI3_IRQHandler
                0x08002e30                I2C3_ER_IRQHandler
                0x08002e30                EXTI0_IRQHandler
                0x08002e30                I2C2_EV_IRQHandler
                0x08002e30                FPU_IRQHandler
                0x08002e30                FDCAN1_IT1_IRQHandler
                0x08002e30                ADC1_2_IRQHandler
                0x08002e30                HRTIM1_TIME_IRQHandler
                0x08002e30                SPI1_IRQHandler
                0x08002e30                TIM6_DAC_IRQHandler
                0x08002e30                HRTIM1_TIMC_IRQHandler
                0x08002e30                TIM8_UP_IRQHandler
                0x08002e30                DMA2_Channel2_IRQHandler
                0x08002e30                TIM20_TRG_COM_IRQHandler
                0x08002e30                USART3_IRQHandler
                0x08002e30                UART5_IRQHandler
                0x08002e30                ADC3_IRQHandler
                0x08002e30                TIM4_IRQHandler
                0x08002e30                DMA2_Channel1_IRQHandler
                0x08002e30                QUADSPI_IRQHandler
                0x08002e30                I2C1_EV_IRQHandler
                0x08002e30                UART4_IRQHandler
                0x08002e30                DMA2_Channel4_IRQHandler
                0x08002e30                TIM3_IRQHandler
                0x08002e30                RCC_IRQHandler
                0x08002e30                TIM20_UP_IRQHandler
                0x08002e30                Default_Handler
                0x08002e30                DMA2_Channel7_IRQHandler
                0x08002e30                RTC_TAMP_LSECSS_IRQHandler
                0x08002e30                FMAC_IRQHandler
                0x08002e30                DMA1_Channel8_IRQHandler
                0x08002e30                HRTIM1_TIMA_IRQHandler
                0x08002e30                TIM7_DAC_IRQHandler
                0x08002e30                FDCAN3_IT1_IRQHandler
                0x08002e30                TIM5_IRQHandler
                0x08002e30                UCPD1_IRQHandler
                0x08002e30                I2C3_EV_IRQHandler
                0x08002e30                EXTI9_5_IRQHandler
                0x08002e30                RTC_WKUP_IRQHandler
                0x08002e30                PVD_PVM_IRQHandler
                0x08002e30                SPI2_IRQHandler
                0x08002e30                ADC5_IRQHandler
                0x08002e30                DMA2_Channel5_IRQHandler
                0x08002e30                CRS_IRQHandler
                0x08002e30                USB_LP_IRQHandler
                0x08002e30                EXTI4_IRQHandler
                0x08002e30                RNG_IRQHandler
                0x08002e30                HRTIM1_TIMB_IRQHandler
                0x08002e30                TIM1_TRG_COM_TIM17_IRQHandler
                0x08002e30                FDCAN2_IT1_IRQHandler
                0x08002e30                ADC4_IRQHandler
                0x08002e30                WWDG_IRQHandler
                0x08002e30                I2C4_EV_IRQHandler
                0x08002e30                FDCAN2_IT0_IRQHandler
                0x08002e30                LPUART1_IRQHandler
                0x08002e30                DMA2_Channel6_IRQHandler
                0x08002e30                FDCAN1_IT0_IRQHandler
                0x08002e30                TIM2_IRQHandler
                0x08002e30                COMP7_IRQHandler
                0x08002e30                COMP1_2_3_IRQHandler
                0x08002e30                EXTI1_IRQHandler
                0x08002e30                USART2_IRQHandler
                0x08002e30                COMP4_5_6_IRQHandler
                0x08002e30                TIM20_BRK_IRQHandler
                0x08002e30                I2C2_ER_IRQHandler
                0x08002e30                TIM8_BRK_IRQHandler
                0x08002e30                FLASH_IRQHandler
                0x08002e30                TIM20_CC_IRQHandler
                0x08002e30                USART1_IRQHandler
                0x08002e30                SPI3_IRQHandler
                0x08002e30                I2C1_ER_IRQHandler
                0x08002e30                FMC_IRQHandler
                0x08002e30                LPTIM1_IRQHandler
                0x08002e30                DMAMUX_OVR_IRQHandler
                0x08002e30                I2C4_ER_IRQHandler
                0x08002e30                USBWakeUp_IRQHandler
                0x08002e30                SAI1_IRQHandler
                0x08002e30                DMA2_Channel3_IRQHandler
                0x08002e30                TIM1_BRK_TIM15_IRQHandler
 *fill*         0x08002e32        0x2 
 .text.SystemInit
                0x08002e34       0x14 cmake/stm32cubemx/CMakeFiles/STM32_Drivers.dir/__/__/Core/Src/system_stm32g4xx.c.obj
                0x08002e34                SystemInit
 .text.LL_SetSystemCoreClock
                0x08002e48        0xc cmake/stm32cubemx/CMakeFiles/STM32_Drivers.dir/__/__/Drivers/STM32G4xx_HAL_Driver/Src/stm32g4xx_ll_utils.c.obj
                0x08002e48                LL_SetSystemCoreClock
 .text.LL_GPIO_Init
                0x08002e54      0x188 cmake/stm32cubemx/CMakeFiles/STM32_Drivers.dir/__/__/Drivers/STM32G4xx_HAL_Driver/Src/stm32g4xx_ll_gpio.c.obj
                0x08002e54                LL_GPIO_Init
 .text.LL_ADC_CommonInit
                0x08002fdc       0x80 cmake/stm32cubemx/CMakeFiles/STM32_Drivers.dir/__/__/Drivers/STM32G4xx_HAL_Driver/Src/stm32g4xx_ll_adc.c.obj
                0x08002fdc                LL_ADC_CommonInit
 .text.LL_ADC_Init
                0x0800305c       0x30 cmake/stm32cubemx/CMakeFiles/STM32_Drivers.dir/__/__/Drivers/STM32G4xx_HAL_Driver/Src/stm32g4xx_ll_adc.c.obj
                0x0800305c                LL_ADC_Init
 .text.LL_ADC_REG_Init
                0x0800308c       0x50 cmake/stm32cubemx/CMakeFiles/STM32_Drivers.dir/__/__/Drivers/STM32G4xx_HAL_Driver/Src/stm32g4xx_ll_adc.c.obj
                0x0800308c                LL_ADC_REG_Init
 .text.HAL_InitTick
                0x080030dc       0x4c cmake/stm32cubemx/CMakeFiles/STM32_Drivers.dir/__/__/Drivers/STM32G4xx_HAL_Driver/Src/stm32g4xx_hal.c.obj
                0x080030dc                HAL_InitTick
 .text.HAL_Init
                0x08003128       0x20 cmake/stm32cubemx/CMakeFiles/STM32_Drivers.dir/__/__/Drivers/STM32G4xx_HAL_Driver/Src/stm32g4xx_hal.c.obj
                0x08003128                HAL_Init
 .text.HAL_IncTick
                0x08003148       0x18 cmake/stm32cubemx/CMakeFiles/STM32_Drivers.dir/__/__/Drivers/STM32G4xx_HAL_Driver/Src/stm32g4xx_hal.c.obj
                0x08003148                HAL_IncTick
 .text.HAL_GetTick
                0x08003160        0xc cmake/stm32cubemx/CMakeFiles/STM32_Drivers.dir/__/__/Drivers/STM32G4xx_HAL_Driver/Src/stm32g4xx_hal.c.obj
                0x08003160                HAL_GetTick
 .text.HAL_RCC_GetSysClockFreq
                0x0800316c       0x70 cmake/stm32cubemx/CMakeFiles/STM32_Drivers.dir/__/__/Drivers/STM32G4xx_HAL_Driver/Src/stm32g4xx_hal_rcc.c.obj
                0x0800316c                HAL_RCC_GetSysClockFreq
 .text.HAL_RCC_GetPCLK1Freq
                0x080031dc       0x24 cmake/stm32cubemx/CMakeFiles/STM32_Drivers.dir/__/__/Drivers/STM32G4xx_HAL_Driver/Src/stm32g4xx_hal_rcc.c.obj
                0x080031dc                HAL_RCC_GetPCLK1Freq
 .text.HAL_RCC_GetPCLK2Freq
                0x08003200       0x24 cmake/stm32cubemx/CMakeFiles/STM32_Drivers.dir/__/__/Drivers/STM32G4xx_HAL_Driver/Src/stm32g4xx_hal_rcc.c.obj
                0x08003200                HAL_RCC_GetPCLK2Freq
 .text.HAL_GPIO_Init
                0x08003224      0x210 cmake/stm32cubemx/CMakeFiles/STM32_Drivers.dir/__/__/Drivers/STM32G4xx_HAL_Driver/Src/stm32g4xx_hal_gpio.c.obj
                0x08003224                HAL_GPIO_Init
 .text.HAL_GPIO_WritePin
                0x08003434        0xc cmake/stm32cubemx/CMakeFiles/STM32_Drivers.dir/__/__/Drivers/STM32G4xx_HAL_Driver/Src/stm32g4xx_hal_gpio.c.obj
                0x08003434                HAL_GPIO_WritePin
 .text.HAL_EXTI_RegisterCallback
                0x08003440       0x10 cmake/stm32cubemx/CMakeFiles/STM32_Drivers.dir/__/__/Drivers/STM32G4xx_HAL_Driver/Src/stm32g4xx_hal_exti.c.obj
                0x08003440                HAL_EXTI_RegisterCallback
 .text.HAL_EXTI_GetHandle
                0x08003450        0xc cmake/stm32cubemx/CMakeFiles/STM32_Drivers.dir/__/__/Drivers/STM32G4xx_HAL_Driver/Src/stm32g4xx_hal_exti.c.obj
                0x08003450                HAL_EXTI_GetHandle
 .text.HAL_PWREx_DisableUCPDDeadBattery
                0x0800345c       0x10 cmake/stm32cubemx/CMakeFiles/STM32_Drivers.dir/__/__/Drivers/STM32G4xx_HAL_Driver/Src/stm32g4xx_hal_pwr_ex.c.obj
                0x0800345c                HAL_PWREx_DisableUCPDDeadBattery
 .text.HAL_NVIC_SetPriorityGrouping
                0x0800346c       0x24 cmake/stm32cubemx/CMakeFiles/STM32_Drivers.dir/__/__/Drivers/STM32G4xx_HAL_Driver/Src/stm32g4xx_hal_cortex.c.obj
                0x0800346c                HAL_NVIC_SetPriorityGrouping
 .text.HAL_NVIC_SetPriority
                0x08003490       0x78 cmake/stm32cubemx/CMakeFiles/STM32_Drivers.dir/__/__/Drivers/STM32G4xx_HAL_Driver/Src/stm32g4xx_hal_cortex.c.obj
                0x08003490                HAL_NVIC_SetPriority
 .text.HAL_NVIC_EnableIRQ
                0x08003508       0x1c cmake/stm32cubemx/CMakeFiles/STM32_Drivers.dir/__/__/Drivers/STM32G4xx_HAL_Driver/Src/stm32g4xx_hal_cortex.c.obj
                0x08003508                HAL_NVIC_EnableIRQ
 .text.HAL_SYSTICK_Config
                0x08003524       0x34 cmake/stm32cubemx/CMakeFiles/STM32_Drivers.dir/__/__/Drivers/STM32G4xx_HAL_Driver/Src/stm32g4xx_hal_cortex.c.obj
                0x08003524                HAL_SYSTICK_Config
 .text.LL_TIM_Init
                0x08003558       0xd8 cmake/stm32cubemx/CMakeFiles/STM32_Drivers.dir/__/__/Drivers/STM32G4xx_HAL_Driver/Src/stm32g4xx_ll_tim.c.obj
                0x08003558                LL_TIM_Init
 .text.UART_EndRxTransfer
                0x08003630       0x6c cmake/stm32cubemx/CMakeFiles/STM32_Drivers.dir/__/__/Drivers/STM32G4xx_HAL_Driver/Src/stm32g4xx_hal_uart.c.obj
 .text.HAL_UART_MspInit
                0x0800369c        0x4 cmake/stm32cubemx/CMakeFiles/STM32_Drivers.dir/__/__/Drivers/STM32G4xx_HAL_Driver/Src/stm32g4xx_hal_uart.c.obj
                0x0800369c                HAL_UART_MspInit
 .text.UART_SetConfig
                0x080036a0      0x2c4 cmake/stm32cubemx/CMakeFiles/STM32_Drivers.dir/__/__/Drivers/STM32G4xx_HAL_Driver/Src/stm32g4xx_hal_uart.c.obj
                0x080036a0                UART_SetConfig
 .text.UART_AdvFeatureConfig
                0x08003964       0xb0 cmake/stm32cubemx/CMakeFiles/STM32_Drivers.dir/__/__/Drivers/STM32G4xx_HAL_Driver/Src/stm32g4xx_hal_uart.c.obj
                0x08003964                UART_AdvFeatureConfig
 .text.UART_WaitOnFlagUntilTimeout
                0x08003a14       0x8c cmake/stm32cubemx/CMakeFiles/STM32_Drivers.dir/__/__/Drivers/STM32G4xx_HAL_Driver/Src/stm32g4xx_hal_uart.c.obj
                0x08003a14                UART_WaitOnFlagUntilTimeout
 .text.UART_CheckIdleState
                0x08003aa0       0xbc cmake/stm32cubemx/CMakeFiles/STM32_Drivers.dir/__/__/Drivers/STM32G4xx_HAL_Driver/Src/stm32g4xx_hal_uart.c.obj
                0x08003aa0                UART_CheckIdleState
 .text.HAL_UART_Init
                0x08003b5c       0x68 cmake/stm32cubemx/CMakeFiles/STM32_Drivers.dir/__/__/Drivers/STM32G4xx_HAL_Driver/Src/stm32g4xx_hal_uart.c.obj
                0x08003b5c                HAL_UART_Init
 *fill*         0x08003bc4        0x4 
 .text.BSP_LED_Init
                0x08003bc8       0x54 cmake/stm32cubemx/CMakeFiles/STM32_Drivers.dir/__/__/Drivers/BSP/STM32G4xx_Nucleo/stm32g4xx_nucleo.c.obj
                0x08003bc8                BSP_LED_Init
 *fill*         0x08003c1c        0x4 
 .text.BSP_PB_Init
                0x08003c20       0x94 cmake/stm32cubemx/CMakeFiles/STM32_Drivers.dir/__/__/Drivers/BSP/STM32G4xx_Nucleo/stm32g4xx_nucleo.c.obj
                0x08003c20                BSP_PB_Init
 .text.BSP_PB_Callback
                0x08003cb4        0x4 cmake/stm32cubemx/CMakeFiles/STM32_Drivers.dir/__/__/Drivers/BSP/STM32G4xx_Nucleo/stm32g4xx_nucleo.c.obj
                0x08003cb4                BSP_PB_Callback
 .text.BUTTON_USER_EXTI_Callback
                0x08003cb8        0xc cmake/stm32cubemx/CMakeFiles/STM32_Drivers.dir/__/__/Drivers/BSP/STM32G4xx_Nucleo/stm32g4xx_nucleo.c.obj
 .text.MX_LPUART1_Init
                0x08003cc4       0x30 cmake/stm32cubemx/CMakeFiles/STM32_Drivers.dir/__/__/Drivers/BSP/STM32G4xx_Nucleo/stm32g4xx_nucleo.c.obj
                0x08003cc4                MX_LPUART1_Init
 .text.BSP_COM_Init
                0x08003cf4       0xa0 cmake/stm32cubemx/CMakeFiles/STM32_Drivers.dir/__/__/Drivers/BSP/STM32G4xx_Nucleo/stm32g4xx_nucleo.c.obj
                0x08003cf4                BSP_COM_Init
 .text.ctrl_ez_alpha_sogi
                0x08003d94       0xcc ctrl_ez\ARMCortex-M\_ref\ctrl_ez\libctrl_ez_rtwlib.a(ctrl_ez.c.obj)
                0x08003d94                ctrl_ez_alpha_sogi
 .text.ctrl_ez_Init
                0x08003e60       0x34 ctrl_ez\ARMCortex-M\_ref\ctrl_ez\libctrl_ez_rtwlib.a(ctrl_ez.c.obj)
                0x08003e60                ctrl_ez_Init
 .text.ctrl_ez_trigger_ctrl_ez
                0x08003e94      0xed4 ctrl_ez\ARMCortex-M\_ref\ctrl_ez\libctrl_ez_rtwlib.a(ctrl_ez.c.obj)
                0x08003e94                ctrl_ez_trigger_ctrl_ez
 .text.intrp1d_fu32fl
                0x08004d68       0x1c ARMCortex-M\_shared\librtwshared.a(intrp1d_fu32fl.c.obj)
                0x08004d68                intrp1d_fu32fl
 .text.plook_u32ff_evenc
                0x08004d84       0x64 ARMCortex-M\_shared\librtwshared.a(plook_u32ff_evenc.c.obj)
                0x08004d84                plook_u32ff_evenc
 .text.__errno  0x08004de8        0xc C:/ST/STM32CubeCLT_1.17.0/GNU-tools-for-STM32/bin/../lib/gcc/arm-none-eabi/12.3.1/../../../../arm-none-eabi/lib/thumb/v7e-m+fp/hard\libg_nano.a(libc_a-errno.o)
                0x08004de8                __errno
 .text.sqrt     0x08004df4       0x58 C:/ST/STM32CubeCLT_1.17.0/GNU-tools-for-STM32/bin/../lib/gcc/arm-none-eabi/12.3.1/../../../../arm-none-eabi/lib/thumb/v7e-m+fp/hard\libm.a(libm_a-w_sqrt.o)
                0x08004df4                sqrt
 .text.__ieee754_sqrt
                0x08004e4c      0x1b4 C:/ST/STM32CubeCLT_1.17.0/GNU-tools-for-STM32/bin/../lib/gcc/arm-none-eabi/12.3.1/../../../../arm-none-eabi/lib/thumb/v7e-m+fp/hard\libm.a(libm_a-e_sqrt.o)
                0x08004e4c                __ieee754_sqrt
 .text.floor    0x08005000       0xf8 C:/ST/STM32CubeCLT_1.17.0/GNU-tools-for-STM32/bin/../lib/gcc/arm-none-eabi/12.3.1/../../../../arm-none-eabi/lib/thumb/v7e-m+fp/hard\libm.a(libm_a-s_floor.o)
                0x08005000                floor
 *(.glue_7)
 .glue_7        0x080050f8        0x0 linker stubs
 *(.glue_7t)
 .glue_7t       0x080050f8        0x0 linker stubs
 *(.eh_frame)
 .eh_frame      0x080050f8        0x0 C:/ST/STM32CubeCLT_1.17.0/GNU-tools-for-STM32/bin/../lib/gcc/arm-none-eabi/12.3.1/thumb/v7e-m+fp/hard/crtbegin.o
 *(.init)
 .init          0x080050f8        0x4 C:/ST/STM32CubeCLT_1.17.0/GNU-tools-for-STM32/bin/../lib/gcc/arm-none-eabi/12.3.1/thumb/v7e-m+fp/hard/crti.o
                0x080050f8                _init
 .init          0x080050fc        0x8 C:/ST/STM32CubeCLT_1.17.0/GNU-tools-for-STM32/bin/../lib/gcc/arm-none-eabi/12.3.1/thumb/v7e-m+fp/hard/crtn.o
 *(.fini)
 .fini          0x08005104        0x4 C:/ST/STM32CubeCLT_1.17.0/GNU-tools-for-STM32/bin/../lib/gcc/arm-none-eabi/12.3.1/thumb/v7e-m+fp/hard/crti.o
                0x08005104                _fini
 .fini          0x08005108        0x8 C:/ST/STM32CubeCLT_1.17.0/GNU-tools-for-STM32/bin/../lib/gcc/arm-none-eabi/12.3.1/thumb/v7e-m+fp/hard/crtn.o
                0x08005110                        . = ALIGN (0x4)
                0x08005110                        _etext = .

.vfp11_veneer   0x08005110        0x0
 .vfp11_veneer  0x08005110        0x0 linker stubs

.v4_bx          0x08005110        0x0
 .v4_bx         0x08005110        0x0 linker stubs

.iplt           0x08005110        0x0
 .iplt          0x08005110        0x0 C:/ST/STM32CubeCLT_1.17.0/GNU-tools-for-STM32/bin/../lib/gcc/arm-none-eabi/12.3.1/thumb/v7e-m+fp/hard/crtbegin.o

.rodata         0x08005110     0x112c
                0x08005110                        . = ALIGN (0x4)
 *(.rodata)
 *(.rodata*)
 .rodata.SHIFT_TAB_ICxx
                0x08005110        0xa CMakeFiles/3ph_ctrl.dir/Core/Src/main.c.obj
 *fill*         0x0800511a        0x2 
 .rodata.OFFSET_TAB_CCMRx
                0x0800511c        0xa CMakeFiles/3ph_ctrl.dir/Core/Src/main.c.obj
 *fill*         0x08005126        0x2 
 .rodata.REG_MASK_TAB_INTLVD
                0x08005128       0x1c CMakeFiles/3ph_ctrl.dir/Core/Src/main.c.obj
 .rodata.REG_SHIFT_TAB_INTLVD
                0x08005144        0x7 CMakeFiles/3ph_ctrl.dir/Core/Src/main.c.obj
 *fill*         0x0800514b        0x1 
 .rodata.REG_SHIFT_TAB_OUTxR
                0x0800514c        0xc CMakeFiles/3ph_ctrl.dir/Core/Src/main.c.obj
 .rodata.REG_MASK_TAB_UPDATEGATING
                0x08005158       0x1c CMakeFiles/3ph_ctrl.dir/Core/Src/main.c.obj
 .rodata.REG_SHIFT_TAB_UPDATETRIG
                0x08005174        0x7 CMakeFiles/3ph_ctrl.dir/Core/Src/main.c.obj
 *fill*         0x0800517b        0x1 
 .rodata.REG_MASK_TAB_UPDATETRIG
                0x0800517c       0x20 CMakeFiles/3ph_ctrl.dir/Core/Src/main.c.obj
 .rodata.REG_OFFSET_TAB_OUTxR
                0x0800519c       0x18 CMakeFiles/3ph_ctrl.dir/Core/Src/main.c.obj
 .rodata.REG_OFFSET_TAB_SETxR
                0x080051b4       0x18 CMakeFiles/3ph_ctrl.dir/Core/Src/main.c.obj
 .rodata.REG_OFFSET_TAB_TIMER
                0x080051cc        0xe CMakeFiles/3ph_ctrl.dir/Core/Src/main.c.obj
 *fill*         0x080051da        0x2 
 .rodata.REG_OFFSET_TAB_TIMER
                0x080051dc        0xe CMakeFiles/3ph_ctrl.dir/Core/Src/stm32g4xx_it.c.obj
 *fill*         0x080051ea        0x2 
 .rodata.APBPrescTable
                0x080051ec        0x8 cmake/stm32cubemx/CMakeFiles/STM32_Drivers.dir/__/__/Core/Src/system_stm32g4xx.c.obj
                0x080051ec                APBPrescTable
 .rodata.UARTPrescTable
                0x080051f4       0x18 cmake/stm32cubemx/CMakeFiles/STM32_Drivers.dir/__/__/Drivers/STM32G4xx_HAL_Driver/Src/stm32g4xx_hal_uart.c.obj
                0x080051f4                UARTPrescTable
 .rodata.tableData_c.0
                0x0800520c       0x40 ctrl_ez\ARMCortex-M\_ref\ctrl_ez\libctrl_ez_rtwlib.a(ctrl_ez.c.obj)
 .rodata.rtCP_pooled_c9mIltOBYHuW
                0x0800524c       0x48 ARMCortex-M\_shared\librtwshared.a(const_params.c.obj)
                0x0800524c                rtCP_pooled_c9mIltOBYHuW
 .rodata.rtCP_pooled_7x7Hr3MX2jW3
                0x08005294      0xfa8 ARMCortex-M\_shared\librtwshared.a(const_params.c.obj)
                0x08005294                rtCP_pooled_7x7Hr3MX2jW3
                0x0800623c                        . = ALIGN (0x4)

.ARM.extab      0x0800623c        0x0
                0x0800623c                        . = ALIGN (0x4)
 *(.ARM.extab* .gnu.linkonce.armextab.*)
                0x0800623c                        . = ALIGN (0x4)

.ARM            0x0800623c        0x8
                0x0800623c                        . = ALIGN (0x4)
                0x0800623c                        __exidx_start = .
 *(.ARM.exidx*)
 .ARM.exidx     0x0800623c        0x8 C:/ST/STM32CubeCLT_1.17.0/GNU-tools-for-STM32/bin/../lib/gcc/arm-none-eabi/12.3.1/thumb/v7e-m+fp/hard\libgcc.a(_udivmoddi4.o)
                0x08006244                        __exidx_end = .
                0x08006244                        . = ALIGN (0x4)

.preinit_array  0x08006244        0x0
                0x08006244                        . = ALIGN (0x4)
                0x08006244                        PROVIDE (__preinit_array_start = .)
 *(.preinit_array*)
                0x08006244                        PROVIDE (__preinit_array_end = .)
                0x08006244                        . = ALIGN (0x4)

.init_array     0x08006244        0x4
                0x08006244                        . = ALIGN (0x4)
                0x08006244                        PROVIDE (__init_array_start = .)
 *(SORT_BY_NAME(.init_array.*))
 *(.init_array*)
 .init_array    0x08006244        0x4 C:/ST/STM32CubeCLT_1.17.0/GNU-tools-for-STM32/bin/../lib/gcc/arm-none-eabi/12.3.1/thumb/v7e-m+fp/hard/crtbegin.o
                0x08006248                        PROVIDE (__init_array_end = .)
                0x08006248                        . = ALIGN (0x4)

.fini_array     0x08006248        0x4
                0x08006248                        . = ALIGN (0x4)
                [!provide]                        PROVIDE (__fini_array_start = .)
 *(SORT_BY_NAME(.fini_array.*))
 *(.fini_array*)
 .fini_array    0x08006248        0x4 C:/ST/STM32CubeCLT_1.17.0/GNU-tools-for-STM32/bin/../lib/gcc/arm-none-eabi/12.3.1/thumb/v7e-m+fp/hard/crtbegin.o
                [!provide]                        PROVIDE (__fini_array_end = .)
                0x0800624c                        . = ALIGN (0x4)
                0x0800624c                        _sidata = LOADADDR (.data)

.rel.dyn        0x0800624c        0x0
 .rel.iplt      0x0800624c        0x0 C:/ST/STM32CubeCLT_1.17.0/GNU-tools-for-STM32/bin/../lib/gcc/arm-none-eabi/12.3.1/thumb/v7e-m+fp/hard/crtbegin.o

.data           0x20000000       0x70 load address 0x0800624c
                0x20000000                        . = ALIGN (0x4)
                0x20000000                        _sdata = .
 *(.data)
 *(.data*)
 .data._impure_ptr
                0x20000000        0x4 C:/ST/STM32CubeCLT_1.17.0/GNU-tools-for-STM32/bin/../lib/gcc/arm-none-eabi/12.3.1/../../../../arm-none-eabi/lib/thumb/v7e-m+fp/hard\libc_nano.a(libc_a-impure.o)
                0x20000000                _impure_ptr
 .data._impure_data
                0x20000004       0x4c C:/ST/STM32CubeCLT_1.17.0/GNU-tools-for-STM32/bin/../lib/gcc/arm-none-eabi/12.3.1/../../../../arm-none-eabi/lib/thumb/v7e-m+fp/hard\libc_nano.a(libc_a-impure.o)
                0x20000004                _impure_data
 .data.flag.4   0x20000050        0x1 CMakeFiles/3ph_ctrl.dir/Core/Src/stm32g4xx_it.c.obj
 .data.rty_lock
                0x20000051        0x1 CMakeFiles/3ph_ctrl.dir/Core/Src/stm32g4xx_it.c.obj
                0x20000051                rty_lock
 *fill*         0x20000052        0x2 
 .data.SystemCoreClock
                0x20000054        0x4 cmake/stm32cubemx/CMakeFiles/STM32_Drivers.dir/__/__/Core/Src/system_stm32g4xx.c.obj
                0x20000054                SystemCoreClock
 .data.uwTickFreq
                0x20000058        0x4 cmake/stm32cubemx/CMakeFiles/STM32_Drivers.dir/__/__/Drivers/STM32G4xx_HAL_Driver/Src/stm32g4xx_hal.c.obj
                0x20000058                uwTickFreq
 .data.uwTickPrio
                0x2000005c        0x4 cmake/stm32cubemx/CMakeFiles/STM32_Drivers.dir/__/__/Drivers/STM32G4xx_HAL_Driver/Src/stm32g4xx_hal.c.obj
                0x2000005c                uwTickPrio
 .data.tiny     0x20000060        0x8 C:/ST/STM32CubeCLT_1.17.0/GNU-tools-for-STM32/bin/../lib/gcc/arm-none-eabi/12.3.1/../../../../arm-none-eabi/lib/thumb/v7e-m+fp/hard\libm.a(libm_a-e_sqrt.o)
 .data.one      0x20000068        0x8 C:/ST/STM32CubeCLT_1.17.0/GNU-tools-for-STM32/bin/../lib/gcc/arm-none-eabi/12.3.1/../../../../arm-none-eabi/lib/thumb/v7e-m+fp/hard\libm.a(libm_a-e_sqrt.o)
 *(.RamFunc)
 *(.RamFunc*)
                0x20000070                        . = ALIGN (0x4)
                0x20000070                        _edata = .

.igot.plt       0x20000070        0x0 load address 0x080062bc
 .igot.plt      0x20000070        0x0 C:/ST/STM32CubeCLT_1.17.0/GNU-tools-for-STM32/bin/../lib/gcc/arm-none-eabi/12.3.1/thumb/v7e-m+fp/hard/crtbegin.o
                0x20000070                        . = ALIGN (0x4)

.bss            0x20000070     0x167c load address 0x080062bc
                0x20000070                        _sbss = .
                0x20000070                        __bss_start__ = _sbss
 *(.bss)
 .bss           0x20000070       0x1c C:/ST/STM32CubeCLT_1.17.0/GNU-tools-for-STM32/bin/../lib/gcc/arm-none-eabi/12.3.1/thumb/v7e-m+fp/hard/crtbegin.o
 *(.bss*)
 .bss.__sf      0x2000008c      0x138 C:/ST/STM32CubeCLT_1.17.0/GNU-tools-for-STM32/bin/../lib/gcc/arm-none-eabi/12.3.1/../../../../arm-none-eabi/lib/thumb/v7e-m+fp/hard\libc_nano.a(libc_a-findfp.o)
                0x2000008c                __sf
 .bss.BspCOMInit
                0x200001c4       0x10 CMakeFiles/3ph_ctrl.dir/Core/Src/main.c.obj
                0x200001c4                BspCOMInit
 .bss.i_ac      0x200001d4       0x10 CMakeFiles/3ph_ctrl.dir/Core/Src/main.c.obj
                0x200001d4                i_ac
 .bss.adc3_data
                0x200001e4       0x30 CMakeFiles/3ph_ctrl.dir/Core/Src/main.c.obj
                0x200001e4                adc3_data
 .bss.adc2_data
                0x20000214       0x48 CMakeFiles/3ph_ctrl.dir/Core/Src/main.c.obj
                0x20000214                adc2_data
 .bss.adc1_data
                0x2000025c       0x48 CMakeFiles/3ph_ctrl.dir/Core/Src/main.c.obj
                0x2000025c                adc1_data
 .bss.ia3_dc.0  0x200002a4        0x4 CMakeFiles/3ph_ctrl.dir/Core/Src/stm32g4xx_it.c.obj
 .bss.ia2_dc.1  0x200002a8        0x4 CMakeFiles/3ph_ctrl.dir/Core/Src/stm32g4xx_it.c.obj
 .bss.ia1_dc.2  0x200002ac        0x4 CMakeFiles/3ph_ctrl.dir/Core/Src/stm32g4xx_it.c.obj
 .bss.vac_rising.3
                0x200002b0        0x4 CMakeFiles/3ph_ctrl.dir/Core/Src/stm32g4xx_it.c.obj
 .bss.counter.5
                0x200002b4        0x4 CMakeFiles/3ph_ctrl.dir/Core/Src/stm32g4xx_it.c.obj
 .bss.v3        0x200002b8      0x640 CMakeFiles/3ph_ctrl.dir/Core/Src/stm32g4xx_it.c.obj
                0x200002b8                v3
 .bss.v2        0x200008f8      0x640 CMakeFiles/3ph_ctrl.dir/Core/Src/stm32g4xx_it.c.obj
                0x200008f8                v2
 .bss.v1        0x20000f38      0x640 CMakeFiles/3ph_ctrl.dir/Core/Src/stm32g4xx_it.c.obj
                0x20000f38                v1
 .bss.tack      0x20001578        0x4 CMakeFiles/3ph_ctrl.dir/Core/Src/stm32g4xx_it.c.obj
 .bss.cnt       0x2000157c        0x4 CMakeFiles/3ph_ctrl.dir/Core/Src/stm32g4xx_it.c.obj
 .bss.tick      0x20001580        0x4 CMakeFiles/3ph_ctrl.dir/Core/Src/stm32g4xx_it.c.obj
 .bss.rty_Qc    0x20001584        0x4 CMakeFiles/3ph_ctrl.dir/Core/Src/stm32g4xx_it.c.obj
                0x20001584                rty_Qc
 .bss.rty_Qb    0x20001588        0x4 CMakeFiles/3ph_ctrl.dir/Core/Src/stm32g4xx_it.c.obj
                0x20001588                rty_Qb
 .bss.rty_Qa    0x2000158c        0x4 CMakeFiles/3ph_ctrl.dir/Core/Src/stm32g4xx_it.c.obj
                0x2000158c                rty_Qa
 .bss.vdc       0x20001590        0x4 CMakeFiles/3ph_ctrl.dir/Core/Src/stm32g4xx_it.c.obj
                0x20001590                vdc
 .bss.vac_3     0x20001594        0x4 CMakeFiles/3ph_ctrl.dir/Core/Src/stm32g4xx_it.c.obj
                0x20001594                vac_3
 .bss.vac_2     0x20001598        0x4 CMakeFiles/3ph_ctrl.dir/Core/Src/stm32g4xx_it.c.obj
                0x20001598                vac_2
 .bss.vac_1     0x2000159c        0x4 CMakeFiles/3ph_ctrl.dir/Core/Src/stm32g4xx_it.c.obj
                0x2000159c                vac_1
 .bss.iac_3     0x200015a0        0x4 CMakeFiles/3ph_ctrl.dir/Core/Src/stm32g4xx_it.c.obj
                0x200015a0                iac_3
 .bss.iac_2     0x200015a4        0x4 CMakeFiles/3ph_ctrl.dir/Core/Src/stm32g4xx_it.c.obj
                0x200015a4                iac_2
 .bss.iac_1     0x200015a8        0x4 CMakeFiles/3ph_ctrl.dir/Core/Src/stm32g4xx_it.c.obj
                0x200015a8                iac_1
 .bss.uwTick    0x200015ac        0x4 cmake/stm32cubemx/CMakeFiles/STM32_Drivers.dir/__/__/Drivers/STM32G4xx_HAL_Driver/Src/stm32g4xx_hal.c.obj
                0x200015ac                uwTick
 .bss.hcom_uart
                0x200015b0       0x94 cmake/stm32cubemx/CMakeFiles/STM32_Drivers.dir/__/__/Drivers/BSP/STM32G4xx_Nucleo/stm32g4xx_nucleo.c.obj
                0x200015b0                hcom_uart
 .bss.hpb_exti  0x20001644        0x8 cmake/stm32cubemx/CMakeFiles/STM32_Drivers.dir/__/__/Drivers/BSP/STM32G4xx_Nucleo/stm32g4xx_nucleo.c.obj
                0x20001644                hpb_exti
 .bss.ctrl_ez_DW
                0x2000164c       0x94 ctrl_ez\ARMCortex-M\_ref\ctrl_ez\libctrl_ez_rtwlib.a(ctrl_ez.c.obj)
                0x2000164c                ctrl_ez_DW
 .bss.filter_IC
                0x200016e0        0x4 ctrl_ez\ARMCortex-M\_ref\ctrl_ez\libctrl_ez_rtwlib.a(ctrl_ez.c.obj)
                0x200016e0                filter_IC
 .bss.filter_IB
                0x200016e4        0x4 ctrl_ez\ARMCortex-M\_ref\ctrl_ez\libctrl_ez_rtwlib.a(ctrl_ez.c.obj)
                0x200016e4                filter_IB
 .bss.filter_IA
                0x200016e8        0x4 ctrl_ez\ARMCortex-M\_ref\ctrl_ez\libctrl_ez_rtwlib.a(ctrl_ez.c.obj)
                0x200016e8                filter_IA
 *(COMMON)
                0x200016ec                        . = ALIGN (0x4)
                0x200016ec                        _ebss = .
                0x200016ec                        __bss_end__ = _ebss

._user_heap_stack
                0x200016ec      0x604 load address 0x080062bc
                0x200016f0                        . = ALIGN (0x8)
 *fill*         0x200016ec        0x4 
                [!provide]                        PROVIDE (end = .)
                0x200016f0                        PROVIDE (_end = .)
                0x200018f0                        . = (. + _Min_Heap_Size)
 *fill*         0x200016f0      0x200 
                0x20001cf0                        . = (. + _Min_Stack_Size)
 *fill*         0x200018f0      0x400 
                0x20001cf0                        . = ALIGN (0x8)

/DISCARD/
 libc.a(*)
 libm.a(*)
 libgcc.a(*)
OUTPUT(3ph_ctrl.elf elf32-littlearm)
LOAD linker stubs
LOAD C:/ST/STM32CubeCLT_1.17.0/GNU-tools-for-STM32/bin/../lib/gcc/arm-none-eabi/12.3.1/../../../../arm-none-eabi/lib/thumb/v7e-m+fp/hard\libc.a
LOAD C:/ST/STM32CubeCLT_1.17.0/GNU-tools-for-STM32/bin/../lib/gcc/arm-none-eabi/12.3.1/../../../../arm-none-eabi/lib/thumb/v7e-m+fp/hard\libm.a
LOAD C:/ST/STM32CubeCLT_1.17.0/GNU-tools-for-STM32/bin/../lib/gcc/arm-none-eabi/12.3.1/thumb/v7e-m+fp/hard\libgcc.a

.ARM.attributes
                0x00000000       0x30
 .ARM.attributes
                0x00000000       0x22 C:/ST/STM32CubeCLT_1.17.0/GNU-tools-for-STM32/bin/../lib/gcc/arm-none-eabi/12.3.1/thumb/v7e-m+fp/hard/crti.o
 .ARM.attributes
                0x00000022       0x34 C:/ST/STM32CubeCLT_1.17.0/GNU-tools-for-STM32/bin/../lib/gcc/arm-none-eabi/12.3.1/thumb/v7e-m+fp/hard/crtbegin.o
 .ARM.attributes
                0x00000056       0x34 C:/ST/STM32CubeCLT_1.17.0/GNU-tools-for-STM32/bin/../lib/gcc/arm-none-eabi/12.3.1/../../../../arm-none-eabi/lib/thumb/v7e-m+fp/hard\libc_nano.a(libc_a-findfp.o)
 .ARM.attributes
                0x0000008a       0x34 C:/ST/STM32CubeCLT_1.17.0/GNU-tools-for-STM32/bin/../lib/gcc/arm-none-eabi/12.3.1/../../../../arm-none-eabi/lib/thumb/v7e-m+fp/hard\libc_nano.a(libc_a-impure.o)
 .ARM.attributes
                0x000000be       0x34 C:/ST/STM32CubeCLT_1.17.0/GNU-tools-for-STM32/bin/../lib/gcc/arm-none-eabi/12.3.1/../../../../arm-none-eabi/lib/thumb/v7e-m+fp/hard\libc_nano.a(libc_a-init.o)
 .ARM.attributes
                0x000000f2       0x34 CMakeFiles/3ph_ctrl.dir/Core/Src/main.c.obj
 .ARM.attributes
                0x00000126       0x34 CMakeFiles/3ph_ctrl.dir/Core/Src/stm32g4xx_it.c.obj
 .ARM.attributes
                0x0000015a       0x34 CMakeFiles/3ph_ctrl.dir/Core/Src/stm32g4xx_hal_msp.c.obj
 .ARM.attributes
                0x0000018e       0x21 CMakeFiles/3ph_ctrl.dir/startup_stm32g474xx.s.obj
 .ARM.attributes
                0x000001af       0x34 cmake/stm32cubemx/CMakeFiles/STM32_Drivers.dir/__/__/Core/Src/system_stm32g4xx.c.obj
 .ARM.attributes
                0x000001e3       0x34 cmake/stm32cubemx/CMakeFiles/STM32_Drivers.dir/__/__/Drivers/STM32G4xx_HAL_Driver/Src/stm32g4xx_ll_utils.c.obj
 .ARM.attributes
                0x00000217       0x34 cmake/stm32cubemx/CMakeFiles/STM32_Drivers.dir/__/__/Drivers/STM32G4xx_HAL_Driver/Src/stm32g4xx_ll_gpio.c.obj
 .ARM.attributes
                0x0000024b       0x34 cmake/stm32cubemx/CMakeFiles/STM32_Drivers.dir/__/__/Drivers/STM32G4xx_HAL_Driver/Src/stm32g4xx_ll_adc.c.obj
 .ARM.attributes
                0x0000027f       0x34 cmake/stm32cubemx/CMakeFiles/STM32_Drivers.dir/__/__/Drivers/STM32G4xx_HAL_Driver/Src/stm32g4xx_hal.c.obj
 .ARM.attributes
                0x000002b3       0x34 cmake/stm32cubemx/CMakeFiles/STM32_Drivers.dir/__/__/Drivers/STM32G4xx_HAL_Driver/Src/stm32g4xx_hal_rcc.c.obj
 .ARM.attributes
                0x000002e7       0x34 cmake/stm32cubemx/CMakeFiles/STM32_Drivers.dir/__/__/Drivers/STM32G4xx_HAL_Driver/Src/stm32g4xx_hal_gpio.c.obj
 .ARM.attributes
                0x0000031b       0x34 cmake/stm32cubemx/CMakeFiles/STM32_Drivers.dir/__/__/Drivers/STM32G4xx_HAL_Driver/Src/stm32g4xx_hal_exti.c.obj
 .ARM.attributes
                0x0000034f       0x34 cmake/stm32cubemx/CMakeFiles/STM32_Drivers.dir/__/__/Drivers/STM32G4xx_HAL_Driver/Src/stm32g4xx_hal_pwr_ex.c.obj
 .ARM.attributes
                0x00000383       0x34 cmake/stm32cubemx/CMakeFiles/STM32_Drivers.dir/__/__/Drivers/STM32G4xx_HAL_Driver/Src/stm32g4xx_hal_cortex.c.obj
 .ARM.attributes
                0x000003b7       0x34 cmake/stm32cubemx/CMakeFiles/STM32_Drivers.dir/__/__/Drivers/STM32G4xx_HAL_Driver/Src/stm32g4xx_ll_tim.c.obj
 .ARM.attributes
                0x000003eb       0x34 cmake/stm32cubemx/CMakeFiles/STM32_Drivers.dir/__/__/Drivers/STM32G4xx_HAL_Driver/Src/stm32g4xx_hal_uart.c.obj
 .ARM.attributes
                0x0000041f       0x34 cmake/stm32cubemx/CMakeFiles/STM32_Drivers.dir/__/__/Drivers/BSP/STM32G4xx_Nucleo/stm32g4xx_nucleo.c.obj
 .ARM.attributes
                0x00000453       0x34 ctrl_ez\ARMCortex-M\_ref\ctrl_ez\libctrl_ez_rtwlib.a(ctrl_ez.c.obj)
 .ARM.attributes
                0x00000487       0x34 ARMCortex-M\_shared\librtwshared.a(const_params.c.obj)
 .ARM.attributes
                0x000004bb       0x34 ARMCortex-M\_shared\librtwshared.a(intrp1d_fu32fl.c.obj)
 .ARM.attributes
                0x000004ef       0x34 ARMCortex-M\_shared\librtwshared.a(plook_u32ff_evenc.c.obj)
 .ARM.attributes
                0x00000523       0x22 C:/ST/STM32CubeCLT_1.17.0/GNU-tools-for-STM32/bin/../lib/gcc/arm-none-eabi/12.3.1/thumb/v7e-m+fp/hard\libgcc.a(_arm_addsubdf3.o)
 .ARM.attributes
                0x00000545       0x22 C:/ST/STM32CubeCLT_1.17.0/GNU-tools-for-STM32/bin/../lib/gcc/arm-none-eabi/12.3.1/thumb/v7e-m+fp/hard\libgcc.a(_arm_truncdfsf2.o)
 .ARM.attributes
                0x00000567       0x22 C:/ST/STM32CubeCLT_1.17.0/GNU-tools-for-STM32/bin/../lib/gcc/arm-none-eabi/12.3.1/thumb/v7e-m+fp/hard\libgcc.a(_aeabi_uldivmod.o)
 .ARM.attributes
                0x00000589       0x34 C:/ST/STM32CubeCLT_1.17.0/GNU-tools-for-STM32/bin/../lib/gcc/arm-none-eabi/12.3.1/thumb/v7e-m+fp/hard\libgcc.a(_udivmoddi4.o)
 .ARM.attributes
                0x000005bd       0x22 C:/ST/STM32CubeCLT_1.17.0/GNU-tools-for-STM32/bin/../lib/gcc/arm-none-eabi/12.3.1/thumb/v7e-m+fp/hard\libgcc.a(_dvmd_tls.o)
 .ARM.attributes
                0x000005df       0x34 C:/ST/STM32CubeCLT_1.17.0/GNU-tools-for-STM32/bin/../lib/gcc/arm-none-eabi/12.3.1/../../../../arm-none-eabi/lib/thumb/v7e-m+fp/hard\libg_nano.a(libc_a-errno.o)
 .ARM.attributes
                0x00000613       0x22 C:/ST/STM32CubeCLT_1.17.0/GNU-tools-for-STM32/bin/../lib/gcc/arm-none-eabi/12.3.1/thumb/v7e-m+fp/hard/crtn.o
 .ARM.attributes
                0x00000635       0x34 C:/ST/STM32CubeCLT_1.17.0/GNU-tools-for-STM32/bin/../lib/gcc/arm-none-eabi/12.3.1/../../../../arm-none-eabi/lib/thumb/v7e-m+fp/hard\libm.a(libm_a-w_sqrt.o)
 .ARM.attributes
                0x00000669       0x34 C:/ST/STM32CubeCLT_1.17.0/GNU-tools-for-STM32/bin/../lib/gcc/arm-none-eabi/12.3.1/../../../../arm-none-eabi/lib/thumb/v7e-m+fp/hard\libm.a(libm_a-e_sqrt.o)
 .ARM.attributes
                0x0000069d       0x34 C:/ST/STM32CubeCLT_1.17.0/GNU-tools-for-STM32/bin/../lib/gcc/arm-none-eabi/12.3.1/../../../../arm-none-eabi/lib/thumb/v7e-m+fp/hard\libm.a(libm_a-s_floor.o)
 .ARM.attributes
                0x000006d1       0x22 C:/ST/STM32CubeCLT_1.17.0/GNU-tools-for-STM32/bin/../lib/gcc/arm-none-eabi/12.3.1/thumb/v7e-m+fp/hard\libgcc.a(_arm_muldivdf3.o)
 .ARM.attributes
                0x000006f3       0x22 C:/ST/STM32CubeCLT_1.17.0/GNU-tools-for-STM32/bin/../lib/gcc/arm-none-eabi/12.3.1/thumb/v7e-m+fp/hard\libgcc.a(_arm_cmpdf2.o)
 .ARM.attributes
                0x00000715       0x22 C:/ST/STM32CubeCLT_1.17.0/GNU-tools-for-STM32/bin/../lib/gcc/arm-none-eabi/12.3.1/thumb/v7e-m+fp/hard\libgcc.a(_arm_unorddf2.o)

.comment        0x00000000       0x43
 .comment       0x00000000       0x43 CMakeFiles/3ph_ctrl.dir/Core/Src/main.c.obj
                                 0x44 (size before relaxing)
 .comment       0x00000043       0x44 CMakeFiles/3ph_ctrl.dir/Core/Src/stm32g4xx_it.c.obj
 .comment       0x00000043       0x44 CMakeFiles/3ph_ctrl.dir/Core/Src/stm32g4xx_hal_msp.c.obj
 .comment       0x00000043       0x44 cmake/stm32cubemx/CMakeFiles/STM32_Drivers.dir/__/__/Core/Src/system_stm32g4xx.c.obj
 .comment       0x00000043       0x44 cmake/stm32cubemx/CMakeFiles/STM32_Drivers.dir/__/__/Drivers/STM32G4xx_HAL_Driver/Src/stm32g4xx_ll_utils.c.obj
 .comment       0x00000043       0x44 cmake/stm32cubemx/CMakeFiles/STM32_Drivers.dir/__/__/Drivers/STM32G4xx_HAL_Driver/Src/stm32g4xx_ll_gpio.c.obj
 .comment       0x00000043       0x44 cmake/stm32cubemx/CMakeFiles/STM32_Drivers.dir/__/__/Drivers/STM32G4xx_HAL_Driver/Src/stm32g4xx_ll_adc.c.obj
 .comment       0x00000043       0x44 cmake/stm32cubemx/CMakeFiles/STM32_Drivers.dir/__/__/Drivers/STM32G4xx_HAL_Driver/Src/stm32g4xx_hal.c.obj
 .comment       0x00000043       0x44 cmake/stm32cubemx/CMakeFiles/STM32_Drivers.dir/__/__/Drivers/STM32G4xx_HAL_Driver/Src/stm32g4xx_hal_rcc.c.obj
 .comment       0x00000043       0x44 cmake/stm32cubemx/CMakeFiles/STM32_Drivers.dir/__/__/Drivers/STM32G4xx_HAL_Driver/Src/stm32g4xx_hal_gpio.c.obj
 .comment       0x00000043       0x44 cmake/stm32cubemx/CMakeFiles/STM32_Drivers.dir/__/__/Drivers/STM32G4xx_HAL_Driver/Src/stm32g4xx_hal_exti.c.obj
 .comment       0x00000043       0x44 cmake/stm32cubemx/CMakeFiles/STM32_Drivers.dir/__/__/Drivers/STM32G4xx_HAL_Driver/Src/stm32g4xx_hal_pwr_ex.c.obj
 .comment       0x00000043       0x44 cmake/stm32cubemx/CMakeFiles/STM32_Drivers.dir/__/__/Drivers/STM32G4xx_HAL_Driver/Src/stm32g4xx_hal_cortex.c.obj
 .comment       0x00000043       0x44 cmake/stm32cubemx/CMakeFiles/STM32_Drivers.dir/__/__/Drivers/STM32G4xx_HAL_Driver/Src/stm32g4xx_ll_tim.c.obj
 .comment       0x00000043       0x44 cmake/stm32cubemx/CMakeFiles/STM32_Drivers.dir/__/__/Drivers/STM32G4xx_HAL_Driver/Src/stm32g4xx_hal_uart.c.obj
 .comment       0x00000043       0x44 cmake/stm32cubemx/CMakeFiles/STM32_Drivers.dir/__/__/Drivers/BSP/STM32G4xx_Nucleo/stm32g4xx_nucleo.c.obj
 .comment       0x00000043       0x44 ctrl_ez\ARMCortex-M\_ref\ctrl_ez\libctrl_ez_rtwlib.a(ctrl_ez.c.obj)
 .comment       0x00000043       0x44 ARMCortex-M\_shared\librtwshared.a(const_params.c.obj)
 .comment       0x00000043       0x44 ARMCortex-M\_shared\librtwshared.a(intrp1d_fu32fl.c.obj)
 .comment       0x00000043       0x44 ARMCortex-M\_shared\librtwshared.a(plook_u32ff_evenc.c.obj)
 .comment       0x00000043       0x44 C:/ST/STM32CubeCLT_1.17.0/GNU-tools-for-STM32/bin/../lib/gcc/arm-none-eabi/12.3.1/../../../../arm-none-eabi/lib/thumb/v7e-m+fp/hard\libg_nano.a(libc_a-errno.o)

.debug_frame    0x00000000     0x20d0
 .debug_frame   0x00000000      0x144 C:/ST/STM32CubeCLT_1.17.0/GNU-tools-for-STM32/bin/../lib/gcc/arm-none-eabi/12.3.1/../../../../arm-none-eabi/lib/thumb/v7e-m+fp/hard\libc_nano.a(libc_a-findfp.o)
 .debug_frame   0x00000144       0x2c C:/ST/STM32CubeCLT_1.17.0/GNU-tools-for-STM32/bin/../lib/gcc/arm-none-eabi/12.3.1/../../../../arm-none-eabi/lib/thumb/v7e-m+fp/hard\libc_nano.a(libc_a-init.o)
 .debug_frame   0x00000170      0x2b8 CMakeFiles/3ph_ctrl.dir/Core/Src/main.c.obj
 .debug_frame   0x00000428      0x150 CMakeFiles/3ph_ctrl.dir/Core/Src/stm32g4xx_it.c.obj
 .debug_frame   0x00000578       0x28 CMakeFiles/3ph_ctrl.dir/Core/Src/stm32g4xx_hal_msp.c.obj
 .debug_frame   0x000005a0       0x30 cmake/stm32cubemx/CMakeFiles/STM32_Drivers.dir/__/__/Core/Src/system_stm32g4xx.c.obj
 .debug_frame   0x000005d0       0xd0 cmake/stm32cubemx/CMakeFiles/STM32_Drivers.dir/__/__/Drivers/STM32G4xx_HAL_Driver/Src/stm32g4xx_ll_utils.c.obj
 .debug_frame   0x000006a0       0x60 cmake/stm32cubemx/CMakeFiles/STM32_Drivers.dir/__/__/Drivers/STM32G4xx_HAL_Driver/Src/stm32g4xx_ll_gpio.c.obj
 .debug_frame   0x00000700      0x11c cmake/stm32cubemx/CMakeFiles/STM32_Drivers.dir/__/__/Drivers/STM32G4xx_HAL_Driver/Src/stm32g4xx_ll_adc.c.obj
 .debug_frame   0x0000081c      0x2b0 cmake/stm32cubemx/CMakeFiles/STM32_Drivers.dir/__/__/Drivers/STM32G4xx_HAL_Driver/Src/stm32g4xx_hal.c.obj
 .debug_frame   0x00000acc      0x1a4 cmake/stm32cubemx/CMakeFiles/STM32_Drivers.dir/__/__/Drivers/STM32G4xx_HAL_Driver/Src/stm32g4xx_hal_rcc.c.obj
 .debug_frame   0x00000c70       0xe4 cmake/stm32cubemx/CMakeFiles/STM32_Drivers.dir/__/__/Drivers/STM32G4xx_HAL_Driver/Src/stm32g4xx_hal_gpio.c.obj
 .debug_frame   0x00000d54      0x104 cmake/stm32cubemx/CMakeFiles/STM32_Drivers.dir/__/__/Drivers/STM32G4xx_HAL_Driver/Src/stm32g4xx_hal_exti.c.obj
 .debug_frame   0x00000e58      0x268 cmake/stm32cubemx/CMakeFiles/STM32_Drivers.dir/__/__/Drivers/STM32G4xx_HAL_Driver/Src/stm32g4xx_hal_pwr_ex.c.obj
 .debug_frame   0x000010c0      0x178 cmake/stm32cubemx/CMakeFiles/STM32_Drivers.dir/__/__/Drivers/STM32G4xx_HAL_Driver/Src/stm32g4xx_hal_cortex.c.obj
 .debug_frame   0x00001238      0x140 cmake/stm32cubemx/CMakeFiles/STM32_Drivers.dir/__/__/Drivers/STM32G4xx_HAL_Driver/Src/stm32g4xx_ll_tim.c.obj
 .debug_frame   0x00001378      0x6fc cmake/stm32cubemx/CMakeFiles/STM32_Drivers.dir/__/__/Drivers/STM32G4xx_HAL_Driver/Src/stm32g4xx_hal_uart.c.obj
 .debug_frame   0x00001a74      0x1ec cmake/stm32cubemx/CMakeFiles/STM32_Drivers.dir/__/__/Drivers/BSP/STM32G4xx_Nucleo/stm32g4xx_nucleo.c.obj
 .debug_frame   0x00001c60      0x108 ctrl_ez\ARMCortex-M\_ref\ctrl_ez\libctrl_ez_rtwlib.a(ctrl_ez.c.obj)
 .debug_frame   0x00001d68       0x20 ARMCortex-M\_shared\librtwshared.a(intrp1d_fu32fl.c.obj)
 .debug_frame   0x00001d88       0x20 ARMCortex-M\_shared\librtwshared.a(plook_u32ff_evenc.c.obj)
 .debug_frame   0x00001da8       0xac C:/ST/STM32CubeCLT_1.17.0/GNU-tools-for-STM32/bin/../lib/gcc/arm-none-eabi/12.3.1/thumb/v7e-m+fp/hard\libgcc.a(_arm_addsubdf3.o)
 .debug_frame   0x00001e54       0x24 C:/ST/STM32CubeCLT_1.17.0/GNU-tools-for-STM32/bin/../lib/gcc/arm-none-eabi/12.3.1/thumb/v7e-m+fp/hard\libgcc.a(_arm_truncdfsf2.o)
 .debug_frame   0x00001e78       0x2c C:/ST/STM32CubeCLT_1.17.0/GNU-tools-for-STM32/bin/../lib/gcc/arm-none-eabi/12.3.1/thumb/v7e-m+fp/hard\libgcc.a(_aeabi_uldivmod.o)
 .debug_frame   0x00001ea4       0x34 C:/ST/STM32CubeCLT_1.17.0/GNU-tools-for-STM32/bin/../lib/gcc/arm-none-eabi/12.3.1/thumb/v7e-m+fp/hard\libgcc.a(_udivmoddi4.o)
 .debug_frame   0x00001ed8       0x20 C:/ST/STM32CubeCLT_1.17.0/GNU-tools-for-STM32/bin/../lib/gcc/arm-none-eabi/12.3.1/../../../../arm-none-eabi/lib/thumb/v7e-m+fp/hard\libg_nano.a(libc_a-errno.o)
 .debug_frame   0x00001ef8       0x3c C:/ST/STM32CubeCLT_1.17.0/GNU-tools-for-STM32/bin/../lib/gcc/arm-none-eabi/12.3.1/../../../../arm-none-eabi/lib/thumb/v7e-m+fp/hard\libm.a(libm_a-w_sqrt.o)
 .debug_frame   0x00001f34       0x38 C:/ST/STM32CubeCLT_1.17.0/GNU-tools-for-STM32/bin/../lib/gcc/arm-none-eabi/12.3.1/../../../../arm-none-eabi/lib/thumb/v7e-m+fp/hard\libm.a(libm_a-e_sqrt.o)
 .debug_frame   0x00001f6c       0x30 C:/ST/STM32CubeCLT_1.17.0/GNU-tools-for-STM32/bin/../lib/gcc/arm-none-eabi/12.3.1/../../../../arm-none-eabi/lib/thumb/v7e-m+fp/hard\libm.a(libm_a-s_floor.o)
 .debug_frame   0x00001f9c       0x50 C:/ST/STM32CubeCLT_1.17.0/GNU-tools-for-STM32/bin/../lib/gcc/arm-none-eabi/12.3.1/thumb/v7e-m+fp/hard\libgcc.a(_arm_muldivdf3.o)
 .debug_frame   0x00001fec       0xc4 C:/ST/STM32CubeCLT_1.17.0/GNU-tools-for-STM32/bin/../lib/gcc/arm-none-eabi/12.3.1/thumb/v7e-m+fp/hard\libgcc.a(_arm_cmpdf2.o)
 .debug_frame   0x000020b0       0x20 C:/ST/STM32CubeCLT_1.17.0/GNU-tools-for-STM32/bin/../lib/gcc/arm-none-eabi/12.3.1/thumb/v7e-m+fp/hard\libgcc.a(_arm_unorddf2.o)

.debug_info     0x00000000    0x1f8ef
 .debug_info    0x00000000     0xb21d CMakeFiles/3ph_ctrl.dir/Core/Src/main.c.obj
 .debug_info    0x0000b21d     0x1b71 CMakeFiles/3ph_ctrl.dir/Core/Src/stm32g4xx_it.c.obj
 .debug_info    0x0000cd8e      0x788 CMakeFiles/3ph_ctrl.dir/Core/Src/stm32g4xx_hal_msp.c.obj
 .debug_info    0x0000d516       0x30 CMakeFiles/3ph_ctrl.dir/startup_stm32g474xx.s.obj
 .debug_info    0x0000d546      0x5a3 cmake/stm32cubemx/CMakeFiles/STM32_Drivers.dir/__/__/Core/Src/system_stm32g4xx.c.obj
 .debug_info    0x0000dae9     0x108e cmake/stm32cubemx/CMakeFiles/STM32_Drivers.dir/__/__/Drivers/STM32G4xx_HAL_Driver/Src/stm32g4xx_ll_utils.c.obj
 .debug_info    0x0000eb77      0xd46 cmake/stm32cubemx/CMakeFiles/STM32_Drivers.dir/__/__/Drivers/STM32G4xx_HAL_Driver/Src/stm32g4xx_ll_gpio.c.obj
 .debug_info    0x0000f8bd      0xe28 cmake/stm32cubemx/CMakeFiles/STM32_Drivers.dir/__/__/Drivers/STM32G4xx_HAL_Driver/Src/stm32g4xx_ll_adc.c.obj
 .debug_info    0x000106e5      0xc97 cmake/stm32cubemx/CMakeFiles/STM32_Drivers.dir/__/__/Drivers/STM32G4xx_HAL_Driver/Src/stm32g4xx_hal.c.obj
 .debug_info    0x0001137c      0xed5 cmake/stm32cubemx/CMakeFiles/STM32_Drivers.dir/__/__/Drivers/STM32G4xx_HAL_Driver/Src/stm32g4xx_hal_rcc.c.obj
 .debug_info    0x00012251      0x795 cmake/stm32cubemx/CMakeFiles/STM32_Drivers.dir/__/__/Drivers/STM32G4xx_HAL_Driver/Src/stm32g4xx_hal_gpio.c.obj
 .debug_info    0x000129e6      0x706 cmake/stm32cubemx/CMakeFiles/STM32_Drivers.dir/__/__/Drivers/STM32G4xx_HAL_Driver/Src/stm32g4xx_hal_exti.c.obj
 .debug_info    0x000130ec      0x98f cmake/stm32cubemx/CMakeFiles/STM32_Drivers.dir/__/__/Drivers/STM32G4xx_HAL_Driver/Src/stm32g4xx_hal_pwr_ex.c.obj
 .debug_info    0x00013a7b     0x108c cmake/stm32cubemx/CMakeFiles/STM32_Drivers.dir/__/__/Drivers/STM32G4xx_HAL_Driver/Src/stm32g4xx_hal_cortex.c.obj
 .debug_info    0x00014b07     0x1933 cmake/stm32cubemx/CMakeFiles/STM32_Drivers.dir/__/__/Drivers/STM32G4xx_HAL_Driver/Src/stm32g4xx_ll_tim.c.obj
 .debug_info    0x0001643a     0x6473 cmake/stm32cubemx/CMakeFiles/STM32_Drivers.dir/__/__/Drivers/STM32G4xx_HAL_Driver/Src/stm32g4xx_hal_uart.c.obj
 .debug_info    0x0001c8ad     0x1a69 cmake/stm32cubemx/CMakeFiles/STM32_Drivers.dir/__/__/Drivers/BSP/STM32G4xx_Nucleo/stm32g4xx_nucleo.c.obj
 .debug_info    0x0001e316      0xbe7 ctrl_ez\ARMCortex-M\_ref\ctrl_ez\libctrl_ez_rtwlib.a(ctrl_ez.c.obj)
 .debug_info    0x0001eefd       0xc8 ARMCortex-M\_shared\librtwshared.a(const_params.c.obj)
 .debug_info    0x0001efc5       0xf8 ARMCortex-M\_shared\librtwshared.a(intrp1d_fu32fl.c.obj)
 .debug_info    0x0001f0bd      0x137 ARMCortex-M\_shared\librtwshared.a(plook_u32ff_evenc.c.obj)
 .debug_info    0x0001f1f4      0x6fb C:/ST/STM32CubeCLT_1.17.0/GNU-tools-for-STM32/bin/../lib/gcc/arm-none-eabi/12.3.1/../../../../arm-none-eabi/lib/thumb/v7e-m+fp/hard\libg_nano.a(libc_a-errno.o)

.debug_abbrev   0x00000000     0x336f
 .debug_abbrev  0x00000000      0x4c0 CMakeFiles/3ph_ctrl.dir/Core/Src/main.c.obj
 .debug_abbrev  0x000004c0      0x409 CMakeFiles/3ph_ctrl.dir/Core/Src/stm32g4xx_it.c.obj
 .debug_abbrev  0x000008c9      0x11f CMakeFiles/3ph_ctrl.dir/Core/Src/stm32g4xx_hal_msp.c.obj
 .debug_abbrev  0x000009e8       0x24 CMakeFiles/3ph_ctrl.dir/startup_stm32g474xx.s.obj
 .debug_abbrev  0x00000a0c      0x11e cmake/stm32cubemx/CMakeFiles/STM32_Drivers.dir/__/__/Core/Src/system_stm32g4xx.c.obj
 .debug_abbrev  0x00000b2a      0x30d cmake/stm32cubemx/CMakeFiles/STM32_Drivers.dir/__/__/Drivers/STM32G4xx_HAL_Driver/Src/stm32g4xx_ll_utils.c.obj
 .debug_abbrev  0x00000e37      0x28d cmake/stm32cubemx/CMakeFiles/STM32_Drivers.dir/__/__/Drivers/STM32G4xx_HAL_Driver/Src/stm32g4xx_ll_gpio.c.obj
 .debug_abbrev  0x000010c4      0x240 cmake/stm32cubemx/CMakeFiles/STM32_Drivers.dir/__/__/Drivers/STM32G4xx_HAL_Driver/Src/stm32g4xx_ll_adc.c.obj
 .debug_abbrev  0x00001304      0x2db cmake/stm32cubemx/CMakeFiles/STM32_Drivers.dir/__/__/Drivers/STM32G4xx_HAL_Driver/Src/stm32g4xx_hal.c.obj
 .debug_abbrev  0x000015df      0x350 cmake/stm32cubemx/CMakeFiles/STM32_Drivers.dir/__/__/Drivers/STM32G4xx_HAL_Driver/Src/stm32g4xx_hal_rcc.c.obj
 .debug_abbrev  0x0000192f      0x1f9 cmake/stm32cubemx/CMakeFiles/STM32_Drivers.dir/__/__/Drivers/STM32G4xx_HAL_Driver/Src/stm32g4xx_hal_gpio.c.obj
 .debug_abbrev  0x00001b28      0x1c2 cmake/stm32cubemx/CMakeFiles/STM32_Drivers.dir/__/__/Drivers/STM32G4xx_HAL_Driver/Src/stm32g4xx_hal_exti.c.obj
 .debug_abbrev  0x00001cea      0x27f cmake/stm32cubemx/CMakeFiles/STM32_Drivers.dir/__/__/Drivers/STM32G4xx_HAL_Driver/Src/stm32g4xx_hal_pwr_ex.c.obj
 .debug_abbrev  0x00001f69      0x385 cmake/stm32cubemx/CMakeFiles/STM32_Drivers.dir/__/__/Drivers/STM32G4xx_HAL_Driver/Src/stm32g4xx_hal_cortex.c.obj
 .debug_abbrev  0x000022ee      0x2f8 cmake/stm32cubemx/CMakeFiles/STM32_Drivers.dir/__/__/Drivers/STM32G4xx_HAL_Driver/Src/stm32g4xx_ll_tim.c.obj
 .debug_abbrev  0x000025e6      0x4bb cmake/stm32cubemx/CMakeFiles/STM32_Drivers.dir/__/__/Drivers/STM32G4xx_HAL_Driver/Src/stm32g4xx_hal_uart.c.obj
 .debug_abbrev  0x00002aa1      0x3ac cmake/stm32cubemx/CMakeFiles/STM32_Drivers.dir/__/__/Drivers/BSP/STM32G4xx_Nucleo/stm32g4xx_nucleo.c.obj
 .debug_abbrev  0x00002e4d      0x208 ctrl_ez\ARMCortex-M\_ref\ctrl_ez\libctrl_ez_rtwlib.a(ctrl_ez.c.obj)
 .debug_abbrev  0x00003055       0x6b ARMCortex-M\_shared\librtwshared.a(const_params.c.obj)
 .debug_abbrev  0x000030c0       0xa1 ARMCortex-M\_shared\librtwshared.a(intrp1d_fu32fl.c.obj)
 .debug_abbrev  0x00003161       0xb0 ARMCortex-M\_shared\librtwshared.a(plook_u32ff_evenc.c.obj)
 .debug_abbrev  0x00003211      0x15e C:/ST/STM32CubeCLT_1.17.0/GNU-tools-for-STM32/bin/../lib/gcc/arm-none-eabi/12.3.1/../../../../arm-none-eabi/lib/thumb/v7e-m+fp/hard\libg_nano.a(libc_a-errno.o)

.debug_loclists
                0x00000000     0xb6bb
 .debug_loclists
                0x00000000     0x3353 CMakeFiles/3ph_ctrl.dir/Core/Src/main.c.obj
 .debug_loclists
                0x00003353      0x337 CMakeFiles/3ph_ctrl.dir/Core/Src/stm32g4xx_it.c.obj
 .debug_loclists
                0x0000368a       0x7e cmake/stm32cubemx/CMakeFiles/STM32_Drivers.dir/__/__/Core/Src/system_stm32g4xx.c.obj
 .debug_loclists
                0x00003708      0x597 cmake/stm32cubemx/CMakeFiles/STM32_Drivers.dir/__/__/Drivers/STM32G4xx_HAL_Driver/Src/stm32g4xx_ll_utils.c.obj
 .debug_loclists
                0x00003c9f      0x4c6 cmake/stm32cubemx/CMakeFiles/STM32_Drivers.dir/__/__/Drivers/STM32G4xx_HAL_Driver/Src/stm32g4xx_ll_gpio.c.obj
 .debug_loclists
                0x00004165      0x3e4 cmake/stm32cubemx/CMakeFiles/STM32_Drivers.dir/__/__/Drivers/STM32G4xx_HAL_Driver/Src/stm32g4xx_ll_adc.c.obj
 .debug_loclists
                0x00004549      0x15b cmake/stm32cubemx/CMakeFiles/STM32_Drivers.dir/__/__/Drivers/STM32G4xx_HAL_Driver/Src/stm32g4xx_hal.c.obj
 .debug_loclists
                0x000046a4      0x5a1 cmake/stm32cubemx/CMakeFiles/STM32_Drivers.dir/__/__/Drivers/STM32G4xx_HAL_Driver/Src/stm32g4xx_hal_rcc.c.obj
 .debug_loclists
                0x00004c45      0x2a1 cmake/stm32cubemx/CMakeFiles/STM32_Drivers.dir/__/__/Drivers/STM32G4xx_HAL_Driver/Src/stm32g4xx_hal_gpio.c.obj
 .debug_loclists
                0x00004ee6      0x612 cmake/stm32cubemx/CMakeFiles/STM32_Drivers.dir/__/__/Drivers/STM32G4xx_HAL_Driver/Src/stm32g4xx_hal_exti.c.obj
 .debug_loclists
                0x000054f8      0x38f cmake/stm32cubemx/CMakeFiles/STM32_Drivers.dir/__/__/Drivers/STM32G4xx_HAL_Driver/Src/stm32g4xx_hal_pwr_ex.c.obj
 .debug_loclists
                0x00005887      0x4cb cmake/stm32cubemx/CMakeFiles/STM32_Drivers.dir/__/__/Drivers/STM32G4xx_HAL_Driver/Src/stm32g4xx_hal_cortex.c.obj
 .debug_loclists
                0x00005d52      0xd42 cmake/stm32cubemx/CMakeFiles/STM32_Drivers.dir/__/__/Drivers/STM32G4xx_HAL_Driver/Src/stm32g4xx_ll_tim.c.obj
 .debug_loclists
                0x00006a94     0x3ab9 cmake/stm32cubemx/CMakeFiles/STM32_Drivers.dir/__/__/Drivers/STM32G4xx_HAL_Driver/Src/stm32g4xx_hal_uart.c.obj
 .debug_loclists
                0x0000a54d      0x22b cmake/stm32cubemx/CMakeFiles/STM32_Drivers.dir/__/__/Drivers/BSP/STM32G4xx_Nucleo/stm32g4xx_nucleo.c.obj
 .debug_loclists
                0x0000a778      0xe13 ctrl_ez\ARMCortex-M\_ref\ctrl_ez\libctrl_ez_rtwlib.a(ctrl_ez.c.obj)
 .debug_loclists
                0x0000b58b       0x53 ARMCortex-M\_shared\librtwshared.a(intrp1d_fu32fl.c.obj)
 .debug_loclists
                0x0000b5de       0xdd ARMCortex-M\_shared\librtwshared.a(plook_u32ff_evenc.c.obj)

.debug_aranges  0x00000000      0xc08
 .debug_aranges
                0x00000000      0x158 CMakeFiles/3ph_ctrl.dir/Core/Src/main.c.obj
 .debug_aranges
                0x00000158       0xa8 CMakeFiles/3ph_ctrl.dir/Core/Src/stm32g4xx_it.c.obj
 .debug_aranges
                0x00000200       0x20 CMakeFiles/3ph_ctrl.dir/Core/Src/stm32g4xx_hal_msp.c.obj
 .debug_aranges
                0x00000220       0x28 CMakeFiles/3ph_ctrl.dir/startup_stm32g474xx.s.obj
 .debug_aranges
                0x00000248       0x28 cmake/stm32cubemx/CMakeFiles/STM32_Drivers.dir/__/__/Core/Src/system_stm32g4xx.c.obj
 .debug_aranges
                0x00000270       0x50 cmake/stm32cubemx/CMakeFiles/STM32_Drivers.dir/__/__/Drivers/STM32G4xx_HAL_Driver/Src/stm32g4xx_ll_utils.c.obj
 .debug_aranges
                0x000002c0       0x30 cmake/stm32cubemx/CMakeFiles/STM32_Drivers.dir/__/__/Drivers/STM32G4xx_HAL_Driver/Src/stm32g4xx_ll_gpio.c.obj
 .debug_aranges
                0x000002f0       0x68 cmake/stm32cubemx/CMakeFiles/STM32_Drivers.dir/__/__/Drivers/STM32G4xx_HAL_Driver/Src/stm32g4xx_ll_adc.c.obj
 .debug_aranges
                0x00000358      0x148 cmake/stm32cubemx/CMakeFiles/STM32_Drivers.dir/__/__/Drivers/STM32G4xx_HAL_Driver/Src/stm32g4xx_hal.c.obj
 .debug_aranges
                0x000004a0       0x90 cmake/stm32cubemx/CMakeFiles/STM32_Drivers.dir/__/__/Drivers/STM32G4xx_HAL_Driver/Src/stm32g4xx_hal_rcc.c.obj
 .debug_aranges
                0x00000530       0x58 cmake/stm32cubemx/CMakeFiles/STM32_Drivers.dir/__/__/Drivers/STM32G4xx_HAL_Driver/Src/stm32g4xx_hal_gpio.c.obj
 .debug_aranges
                0x00000588       0x60 cmake/stm32cubemx/CMakeFiles/STM32_Drivers.dir/__/__/Drivers/STM32G4xx_HAL_Driver/Src/stm32g4xx_hal_exti.c.obj
 .debug_aranges
                0x000005e8      0x140 cmake/stm32cubemx/CMakeFiles/STM32_Drivers.dir/__/__/Drivers/STM32G4xx_HAL_Driver/Src/stm32g4xx_hal_pwr_ex.c.obj
 .debug_aranges
                0x00000728       0xb8 cmake/stm32cubemx/CMakeFiles/STM32_Drivers.dir/__/__/Drivers/STM32G4xx_HAL_Driver/Src/stm32g4xx_hal_cortex.c.obj
 .debug_aranges
                0x000007e0       0x80 cmake/stm32cubemx/CMakeFiles/STM32_Drivers.dir/__/__/Drivers/STM32G4xx_HAL_Driver/Src/stm32g4xx_ll_tim.c.obj
 .debug_aranges
                0x00000860      0x238 cmake/stm32cubemx/CMakeFiles/STM32_Drivers.dir/__/__/Drivers/STM32G4xx_HAL_Driver/Src/stm32g4xx_hal_uart.c.obj
 .debug_aranges
                0x00000a98       0xb8 cmake/stm32cubemx/CMakeFiles/STM32_Drivers.dir/__/__/Drivers/BSP/STM32G4xx_Nucleo/stm32g4xx_nucleo.c.obj
 .debug_aranges
                0x00000b50       0x40 ctrl_ez\ARMCortex-M\_ref\ctrl_ez\libctrl_ez_rtwlib.a(ctrl_ez.c.obj)
 .debug_aranges
                0x00000b90       0x18 ARMCortex-M\_shared\librtwshared.a(const_params.c.obj)
 .debug_aranges
                0x00000ba8       0x20 ARMCortex-M\_shared\librtwshared.a(intrp1d_fu32fl.c.obj)
 .debug_aranges
                0x00000bc8       0x20 ARMCortex-M\_shared\librtwshared.a(plook_u32ff_evenc.c.obj)
 .debug_aranges
                0x00000be8       0x20 C:/ST/STM32CubeCLT_1.17.0/GNU-tools-for-STM32/bin/../lib/gcc/arm-none-eabi/12.3.1/../../../../arm-none-eabi/lib/thumb/v7e-m+fp/hard\libg_nano.a(libc_a-errno.o)

.debug_rnglists
                0x00000000     0x1620
 .debug_rnglists
                0x00000000      0x652 CMakeFiles/3ph_ctrl.dir/Core/Src/main.c.obj
 .debug_rnglists
                0x00000652      0x189 CMakeFiles/3ph_ctrl.dir/Core/Src/stm32g4xx_it.c.obj
 .debug_rnglists
                0x000007db       0x1f CMakeFiles/3ph_ctrl.dir/Core/Src/stm32g4xx_hal_msp.c.obj
 .debug_rnglists
                0x000007fa       0x19 CMakeFiles/3ph_ctrl.dir/startup_stm32g474xx.s.obj
 .debug_rnglists
                0x00000813       0x1a cmake/stm32cubemx/CMakeFiles/STM32_Drivers.dir/__/__/Core/Src/system_stm32g4xx.c.obj
 .debug_rnglists
                0x0000082d      0x12b cmake/stm32cubemx/CMakeFiles/STM32_Drivers.dir/__/__/Drivers/STM32G4xx_HAL_Driver/Src/stm32g4xx_ll_utils.c.obj
 .debug_rnglists
                0x00000958       0xca cmake/stm32cubemx/CMakeFiles/STM32_Drivers.dir/__/__/Drivers/STM32G4xx_HAL_Driver/Src/stm32g4xx_ll_gpio.c.obj
 .debug_rnglists
                0x00000a22       0xfa cmake/stm32cubemx/CMakeFiles/STM32_Drivers.dir/__/__/Drivers/STM32G4xx_HAL_Driver/Src/stm32g4xx_ll_adc.c.obj
 .debug_rnglists
                0x00000b1c       0xf1 cmake/stm32cubemx/CMakeFiles/STM32_Drivers.dir/__/__/Drivers/STM32G4xx_HAL_Driver/Src/stm32g4xx_hal.c.obj
 .debug_rnglists
                0x00000c0d       0xab cmake/stm32cubemx/CMakeFiles/STM32_Drivers.dir/__/__/Drivers/STM32G4xx_HAL_Driver/Src/stm32g4xx_hal_rcc.c.obj
 .debug_rnglists
                0x00000cb8       0x3f cmake/stm32cubemx/CMakeFiles/STM32_Drivers.dir/__/__/Drivers/STM32G4xx_HAL_Driver/Src/stm32g4xx_hal_gpio.c.obj
 .debug_rnglists
                0x00000cf7       0x46 cmake/stm32cubemx/CMakeFiles/STM32_Drivers.dir/__/__/Drivers/STM32G4xx_HAL_Driver/Src/stm32g4xx_hal_exti.c.obj
 .debug_rnglists
                0x00000d3d       0xf0 cmake/stm32cubemx/CMakeFiles/STM32_Drivers.dir/__/__/Drivers/STM32G4xx_HAL_Driver/Src/stm32g4xx_hal_pwr_ex.c.obj
 .debug_rnglists
                0x00000e2d       0xfa cmake/stm32cubemx/CMakeFiles/STM32_Drivers.dir/__/__/Drivers/STM32G4xx_HAL_Driver/Src/stm32g4xx_hal_cortex.c.obj
 .debug_rnglists
                0x00000f27       0xa8 cmake/stm32cubemx/CMakeFiles/STM32_Drivers.dir/__/__/Drivers/STM32G4xx_HAL_Driver/Src/stm32g4xx_ll_tim.c.obj
 .debug_rnglists
                0x00000fcf      0x4e3 cmake/stm32cubemx/CMakeFiles/STM32_Drivers.dir/__/__/Drivers/STM32G4xx_HAL_Driver/Src/stm32g4xx_hal_uart.c.obj
 .debug_rnglists
                0x000014b2      0x108 cmake/stm32cubemx/CMakeFiles/STM32_Drivers.dir/__/__/Drivers/BSP/STM32G4xx_Nucleo/stm32g4xx_nucleo.c.obj
 .debug_rnglists
                0x000015ba       0x2d ctrl_ez\ARMCortex-M\_ref\ctrl_ez\libctrl_ez_rtwlib.a(ctrl_ez.c.obj)
 .debug_rnglists
                0x000015e7       0x13 ARMCortex-M\_shared\librtwshared.a(intrp1d_fu32fl.c.obj)
 .debug_rnglists
                0x000015fa       0x13 ARMCortex-M\_shared\librtwshared.a(plook_u32ff_evenc.c.obj)
 .debug_rnglists
                0x0000160d       0x13 C:/ST/STM32CubeCLT_1.17.0/GNU-tools-for-STM32/bin/../lib/gcc/arm-none-eabi/12.3.1/../../../../arm-none-eabi/lib/thumb/v7e-m+fp/hard\libg_nano.a(libc_a-errno.o)

.debug_line     0x00000000    0x1230a
 .debug_line    0x00000000     0x35a9 CMakeFiles/3ph_ctrl.dir/Core/Src/main.c.obj
 .debug_line    0x000035a9      0xa73 CMakeFiles/3ph_ctrl.dir/Core/Src/stm32g4xx_it.c.obj
 .debug_line    0x0000401c      0x26d CMakeFiles/3ph_ctrl.dir/Core/Src/stm32g4xx_hal_msp.c.obj
 .debug_line    0x00004289       0x7b CMakeFiles/3ph_ctrl.dir/startup_stm32g474xx.s.obj
 .debug_line    0x00004304      0x2c6 cmake/stm32cubemx/CMakeFiles/STM32_Drivers.dir/__/__/Core/Src/system_stm32g4xx.c.obj
 .debug_line    0x000045ca      0xaf5 cmake/stm32cubemx/CMakeFiles/STM32_Drivers.dir/__/__/Drivers/STM32G4xx_HAL_Driver/Src/stm32g4xx_ll_utils.c.obj
 .debug_line    0x000050bf      0x7ed cmake/stm32cubemx/CMakeFiles/STM32_Drivers.dir/__/__/Drivers/STM32G4xx_HAL_Driver/Src/stm32g4xx_ll_gpio.c.obj
 .debug_line    0x000058ac      0x80f cmake/stm32cubemx/CMakeFiles/STM32_Drivers.dir/__/__/Drivers/STM32G4xx_HAL_Driver/Src/stm32g4xx_ll_adc.c.obj
 .debug_line    0x000060bb      0x7d2 cmake/stm32cubemx/CMakeFiles/STM32_Drivers.dir/__/__/Drivers/STM32G4xx_HAL_Driver/Src/stm32g4xx_hal.c.obj
 .debug_line    0x0000688d      0xf17 cmake/stm32cubemx/CMakeFiles/STM32_Drivers.dir/__/__/Drivers/STM32G4xx_HAL_Driver/Src/stm32g4xx_hal_rcc.c.obj
 .debug_line    0x000077a4      0x800 cmake/stm32cubemx/CMakeFiles/STM32_Drivers.dir/__/__/Drivers/STM32G4xx_HAL_Driver/Src/stm32g4xx_hal_gpio.c.obj
 .debug_line    0x00007fa4      0x757 cmake/stm32cubemx/CMakeFiles/STM32_Drivers.dir/__/__/Drivers/STM32G4xx_HAL_Driver/Src/stm32g4xx_hal_exti.c.obj
 .debug_line    0x000086fb      0xa17 cmake/stm32cubemx/CMakeFiles/STM32_Drivers.dir/__/__/Drivers/STM32G4xx_HAL_Driver/Src/stm32g4xx_hal_pwr_ex.c.obj
 .debug_line    0x00009112      0x8ce cmake/stm32cubemx/CMakeFiles/STM32_Drivers.dir/__/__/Drivers/STM32G4xx_HAL_Driver/Src/stm32g4xx_hal_cortex.c.obj
 .debug_line    0x000099e0      0xe24 cmake/stm32cubemx/CMakeFiles/STM32_Drivers.dir/__/__/Drivers/STM32G4xx_HAL_Driver/Src/stm32g4xx_ll_tim.c.obj
 .debug_line    0x0000a804     0x5f71 cmake/stm32cubemx/CMakeFiles/STM32_Drivers.dir/__/__/Drivers/STM32G4xx_HAL_Driver/Src/stm32g4xx_hal_uart.c.obj
 .debug_line    0x00010775      0x6db cmake/stm32cubemx/CMakeFiles/STM32_Drivers.dir/__/__/Drivers/BSP/STM32G4xx_Nucleo/stm32g4xx_nucleo.c.obj
 .debug_line    0x00010e50      0xf98 ctrl_ez\ARMCortex-M\_ref\ctrl_ez\libctrl_ez_rtwlib.a(ctrl_ez.c.obj)
 .debug_line    0x00011de8       0x7b ARMCortex-M\_shared\librtwshared.a(const_params.c.obj)
 .debug_line    0x00011e63      0x159 ARMCortex-M\_shared\librtwshared.a(intrp1d_fu32fl.c.obj)
 .debug_line    0x00011fbc      0x1c9 ARMCortex-M\_shared\librtwshared.a(plook_u32ff_evenc.c.obj)
 .debug_line    0x00012185      0x185 C:/ST/STM32CubeCLT_1.17.0/GNU-tools-for-STM32/bin/../lib/gcc/arm-none-eabi/12.3.1/../../../../arm-none-eabi/lib/thumb/v7e-m+fp/hard\libg_nano.a(libc_a-errno.o)

.debug_str      0x00000000     0x6711
 .debug_str     0x00000000     0x239f CMakeFiles/3ph_ctrl.dir/Core/Src/main.c.obj
                               0x265f (size before relaxing)
 .debug_str     0x0000239f      0x3f9 CMakeFiles/3ph_ctrl.dir/Core/Src/stm32g4xx_it.c.obj
                                0xd04 (size before relaxing)
 .debug_str     0x00002798       0x7a CMakeFiles/3ph_ctrl.dir/Core/Src/stm32g4xx_hal_msp.c.obj
                                0x60c (size before relaxing)
 .debug_str     0x00002812       0x62 CMakeFiles/3ph_ctrl.dir/startup_stm32g474xx.s.obj
                                 0x98 (size before relaxing)
 .debug_str     0x00002874       0xec cmake/stm32cubemx/CMakeFiles/STM32_Drivers.dir/__/__/Core/Src/system_stm32g4xx.c.obj
                                0x3f4 (size before relaxing)
 .debug_str     0x00002960      0x305 cmake/stm32cubemx/CMakeFiles/STM32_Drivers.dir/__/__/Drivers/STM32G4xx_HAL_Driver/Src/stm32g4xx_ll_utils.c.obj
                                0x881 (size before relaxing)
 .debug_str     0x00002c65      0x149 cmake/stm32cubemx/CMakeFiles/STM32_Drivers.dir/__/__/Drivers/STM32G4xx_HAL_Driver/Src/stm32g4xx_ll_gpio.c.obj
                                0x50e (size before relaxing)
 .debug_str     0x00002dae      0x2af cmake/stm32cubemx/CMakeFiles/STM32_Drivers.dir/__/__/Drivers/STM32G4xx_HAL_Driver/Src/stm32g4xx_ll_adc.c.obj
                                0x7b9 (size before relaxing)
 .debug_str     0x0000305d      0x4a1 cmake/stm32cubemx/CMakeFiles/STM32_Drivers.dir/__/__/Drivers/STM32G4xx_HAL_Driver/Src/stm32g4xx_hal.c.obj
                                0xe6c (size before relaxing)
 .debug_str     0x000034fe      0x343 cmake/stm32cubemx/CMakeFiles/STM32_Drivers.dir/__/__/Drivers/STM32G4xx_HAL_Driver/Src/stm32g4xx_hal_rcc.c.obj
                                0x882 (size before relaxing)
 .debug_str     0x00003841      0x13d cmake/stm32cubemx/CMakeFiles/STM32_Drivers.dir/__/__/Drivers/STM32G4xx_HAL_Driver/Src/stm32g4xx_hal_gpio.c.obj
                                0x56d (size before relaxing)
 .debug_str     0x0000397e      0x1ea cmake/stm32cubemx/CMakeFiles/STM32_Drivers.dir/__/__/Drivers/STM32G4xx_HAL_Driver/Src/stm32g4xx_hal_exti.c.obj
                                0x45e (size before relaxing)
 .debug_str     0x00003b68      0x4ba cmake/stm32cubemx/CMakeFiles/STM32_Drivers.dir/__/__/Drivers/STM32G4xx_HAL_Driver/Src/stm32g4xx_hal_pwr_ex.c.obj
                                0x80f (size before relaxing)
 .debug_str     0x00004022      0x3d8 cmake/stm32cubemx/CMakeFiles/STM32_Drivers.dir/__/__/Drivers/STM32G4xx_HAL_Driver/Src/stm32g4xx_hal_cortex.c.obj
                                0xdc2 (size before relaxing)
 .debug_str     0x000043fa      0x5bc cmake/stm32cubemx/CMakeFiles/STM32_Drivers.dir/__/__/Drivers/STM32G4xx_HAL_Driver/Src/stm32g4xx_ll_tim.c.obj
                                0xa69 (size before relaxing)
 .debug_str     0x000049b6      0xda9 cmake/stm32cubemx/CMakeFiles/STM32_Drivers.dir/__/__/Drivers/STM32G4xx_HAL_Driver/Src/stm32g4xx_hal_uart.c.obj
                               0x1257 (size before relaxing)
 .debug_str     0x0000575f      0x25c cmake/stm32cubemx/CMakeFiles/STM32_Drivers.dir/__/__/Drivers/BSP/STM32G4xx_Nucleo/stm32g4xx_nucleo.c.obj
                               0x14f0 (size before relaxing)
 .debug_str     0x000059bb      0x74a ctrl_ez\ARMCortex-M\_ref\ctrl_ez\libctrl_ez_rtwlib.a(ctrl_ez.c.obj)
                                0x943 (size before relaxing)
 .debug_str     0x00006105       0xa5 ARMCortex-M\_shared\librtwshared.a(const_params.c.obj)
                                0x1fd (size before relaxing)
 .debug_str     0x000061aa       0x6f ARMCortex-M\_shared\librtwshared.a(intrp1d_fu32fl.c.obj)
                                0x20a (size before relaxing)
 .debug_str     0x00006219       0x8a ARMCortex-M\_shared\librtwshared.a(plook_u32ff_evenc.c.obj)
                                0x228 (size before relaxing)
 .debug_str     0x000062a3      0x46e C:/ST/STM32CubeCLT_1.17.0/GNU-tools-for-STM32/bin/../lib/gcc/arm-none-eabi/12.3.1/../../../../arm-none-eabi/lib/thumb/v7e-m+fp/hard\libg_nano.a(libc_a-errno.o)
                                0x52b (size before relaxing)

.debug_line_str
                0x00000000       0x7c
 .debug_line_str
                0x00000000       0x7c CMakeFiles/3ph_ctrl.dir/startup_stm32g474xx.s.obj
